Component: ARM Compiler 5.06 update 5 (build 528) Tool: armlink [4d35e2]

==============================================================================

Section Cross References

    startup_stm32f103xb.o(RESET) refers to startup_stm32f103xb.o(STACK) for __initial_sp
    startup_stm32f103xb.o(RESET) refers to startup_stm32f103xb.o(.text) for Reset_Handler
    startup_stm32f103xb.o(RESET) refers to stm32f1xx_it.o(i.NMI_Handler) for NMI_Handler
    startup_stm32f103xb.o(RESET) refers to stm32f1xx_it.o(i.HardFault_Handler) for HardFault_Handler
    startup_stm32f103xb.o(RESET) refers to stm32f1xx_it.o(i.MemManage_Handler) for MemManage_Handler
    startup_stm32f103xb.o(RESET) refers to stm32f1xx_it.o(i.BusFault_Handler) for BusFault_Handler
    startup_stm32f103xb.o(RESET) refers to stm32f1xx_it.o(i.UsageFault_Handler) for UsageFault_Handler
    startup_stm32f103xb.o(RESET) refers to stm32f1xx_it.o(i.SVC_Handler) for SVC_Handler
    startup_stm32f103xb.o(RESET) refers to stm32f1xx_it.o(i.DebugMon_Handler) for DebugMon_Handler
    startup_stm32f103xb.o(RESET) refers to stm32f1xx_it.o(i.PendSV_Handler) for PendSV_Handler
    startup_stm32f103xb.o(RESET) refers to stm32f1xx_it.o(i.SysTick_Handler) for SysTick_Handler
    startup_stm32f103xb.o(RESET) refers to stm32f1xx_it.o(i.USB_LP_CAN1_RX0_IRQHandler) for USB_LP_CAN1_RX0_IRQHandler
    startup_stm32f103xb.o(RESET) refers to stm32f1xx_it.o(i.TIM2_IRQHandler) for TIM2_IRQHandler
    startup_stm32f103xb.o(RESET) refers to stm32f1xx_it.o(i.SPI1_IRQHandler) for SPI1_IRQHandler
    startup_stm32f103xb.o(RESET) refers to stm32f1xx_it.o(i.USART1_IRQHandler) for USART1_IRQHandler
    startup_stm32f103xb.o(.text) refers to system_stm32f1xx.o(i.SystemInit) for SystemInit
    startup_stm32f103xb.o(.text) refers to entry.o(.ARM.Collect$$$$00000000) for __main
    stm32f1xx_hal_tim_ex.o(i.HAL_TIMEx_ConfigCommutationEvent_DMA) refers to stm32f1xx_hal_tim_ex.o(i.TIMEx_DMACommutationCplt) for TIMEx_DMACommutationCplt
    stm32f1xx_hal_tim_ex.o(i.HAL_TIMEx_ConfigCommutationEvent_DMA) refers to stm32f1xx_hal_tim.o(i.TIM_DMAError) for TIM_DMAError
    stm32f1xx_hal_tim_ex.o(i.HAL_TIMEx_HallSensor_DeInit) refers to stm32f1xx_hal_tim_ex.o(i.HAL_TIMEx_HallSensor_MspDeInit) for HAL_TIMEx_HallSensor_MspDeInit
    stm32f1xx_hal_tim_ex.o(i.HAL_TIMEx_HallSensor_Init) refers to stm32f1xx_hal_tim_ex.o(i.HAL_TIMEx_HallSensor_MspInit) for HAL_TIMEx_HallSensor_MspInit
    stm32f1xx_hal_tim_ex.o(i.HAL_TIMEx_HallSensor_Init) refers to stm32f1xx_hal_tim.o(i.TIM_Base_SetConfig) for TIM_Base_SetConfig
    stm32f1xx_hal_tim_ex.o(i.HAL_TIMEx_HallSensor_Init) refers to stm32f1xx_hal_tim.o(i.TIM_TI1_SetConfig) for TIM_TI1_SetConfig
    stm32f1xx_hal_tim_ex.o(i.HAL_TIMEx_HallSensor_Init) refers to stm32f1xx_hal_tim.o(i.TIM_OC2_SetConfig) for TIM_OC2_SetConfig
    stm32f1xx_hal_tim_ex.o(i.HAL_TIMEx_HallSensor_Start) refers to stm32f1xx_hal_tim.o(i.TIM_CCxChannelCmd) for TIM_CCxChannelCmd
    stm32f1xx_hal_tim_ex.o(i.HAL_TIMEx_HallSensor_Start_DMA) refers to stm32f1xx_hal_tim.o(i.TIM_CCxChannelCmd) for TIM_CCxChannelCmd
    stm32f1xx_hal_tim_ex.o(i.HAL_TIMEx_HallSensor_Start_DMA) refers to stm32f1xx_hal_dma.o(i.HAL_DMA_Start_IT) for HAL_DMA_Start_IT
    stm32f1xx_hal_tim_ex.o(i.HAL_TIMEx_HallSensor_Start_DMA) refers to stm32f1xx_hal_tim.o(i.TIM_DMACaptureCplt) for TIM_DMACaptureCplt
    stm32f1xx_hal_tim_ex.o(i.HAL_TIMEx_HallSensor_Start_DMA) refers to stm32f1xx_hal_tim.o(i.TIM_DMAError) for TIM_DMAError
    stm32f1xx_hal_tim_ex.o(i.HAL_TIMEx_HallSensor_Start_IT) refers to stm32f1xx_hal_tim.o(i.TIM_CCxChannelCmd) for TIM_CCxChannelCmd
    stm32f1xx_hal_tim_ex.o(i.HAL_TIMEx_HallSensor_Stop) refers to stm32f1xx_hal_tim.o(i.TIM_CCxChannelCmd) for TIM_CCxChannelCmd
    stm32f1xx_hal_tim_ex.o(i.HAL_TIMEx_HallSensor_Stop_DMA) refers to stm32f1xx_hal_tim.o(i.TIM_CCxChannelCmd) for TIM_CCxChannelCmd
    stm32f1xx_hal_tim_ex.o(i.HAL_TIMEx_HallSensor_Stop_IT) refers to stm32f1xx_hal_tim.o(i.TIM_CCxChannelCmd) for TIM_CCxChannelCmd
    stm32f1xx_hal_tim_ex.o(i.HAL_TIMEx_OCN_Start) refers to stm32f1xx_hal_tim_ex.o(i.TIM_CCxNChannelCmd) for TIM_CCxNChannelCmd
    stm32f1xx_hal_tim_ex.o(i.HAL_TIMEx_OCN_Start_DMA) refers to stm32f1xx_hal_dma.o(i.HAL_DMA_Start_IT) for HAL_DMA_Start_IT
    stm32f1xx_hal_tim_ex.o(i.HAL_TIMEx_OCN_Start_DMA) refers to stm32f1xx_hal_tim_ex.o(i.TIM_CCxNChannelCmd) for TIM_CCxNChannelCmd
    stm32f1xx_hal_tim_ex.o(i.HAL_TIMEx_OCN_Start_DMA) refers to stm32f1xx_hal_tim.o(i.TIM_DMADelayPulseCplt) for TIM_DMADelayPulseCplt
    stm32f1xx_hal_tim_ex.o(i.HAL_TIMEx_OCN_Start_DMA) refers to stm32f1xx_hal_tim.o(i.TIM_DMAError) for TIM_DMAError
    stm32f1xx_hal_tim_ex.o(i.HAL_TIMEx_OCN_Start_IT) refers to stm32f1xx_hal_tim_ex.o(i.TIM_CCxNChannelCmd) for TIM_CCxNChannelCmd
    stm32f1xx_hal_tim_ex.o(i.HAL_TIMEx_OCN_Stop) refers to stm32f1xx_hal_tim_ex.o(i.TIM_CCxNChannelCmd) for TIM_CCxNChannelCmd
[...]
    USBD_SetConfig                           0x08003139   Thumb Code   110  usbd_ctlreq.o(i.USBD_SetConfig)
    i.USBD_Start                             0x080031ac   Section        0  usbd_core.o(i.USBD_Start)
    i.USBD_StdDevReq                         0x080031b6   Section        0  usbd_ctlreq.o(i.USBD_StdDevReq)
    i.USBD_StdEPReq                          0x080032a8   Section        0  usbd_ctlreq.o(i.USBD_StdEPReq)
    i.USBD_StdItfReq                         0x08003384   Section        0  usbd_ctlreq.o(i.USBD_StdItfReq)
    i.USBD_static_free                       0x080033b8   Section        0  usbd_conf.o(i.USBD_static_free)
    i.USBD_static_malloc                     0x080033bc   Section        0  usbd_conf.o(i.USBD_static_malloc)
    i.USB_ActivateEndpoint                   0x080033c4   Section        0  stm32f1xx_ll_usb.o(i.USB_ActivateEndpoint)
    i.USB_CoreInit                           0x08003620   Section        0  stm32f1xx_ll_usb.o(i.USB_CoreInit)
    i.USB_DeactivateEndpoint                 0x08003624   Section        0  stm32f1xx_ll_usb.o(i.USB_DeactivateEndpoint)
    i.USB_DevConnect                         0x08003748   Section        0  stm32f1xx_ll_usb.o(i.USB_DevConnect)
    i.USB_DevDisconnect                      0x0800374c   Section        0  stm32f1xx_ll_usb.o(i.USB_DevDisconnect)
    i.USB_DevInit                            0x08003750   Section        0  stm32f1xx_ll_usb.o(i.USB_DevInit)
    i.USB_DisableGlobalInt                   0x0800376e   Section        0  stm32f1xx_ll_usb.o(i.USB_DisableGlobalInt)
    i.USB_EP0_OutStart                       0x0800377c   Section        0  stm32f1xx_ll_usb.o(i.USB_EP0_OutStart)
    i.USB_EPClearStall                       0x08003780   Section        0  stm32f1xx_ll_usb.o(i.USB_EPClearStall)
    i.USB_EPSetStall                         0x080037ea   Section        0  stm32f1xx_ll_usb.o(i.USB_EPSetStall)
    i.USB_EPStartXfer                        0x08003834   Section        0  stm32f1xx_ll_usb.o(i.USB_EPStartXfer)
    i.USB_EnableGlobalInt                    0x080039de   Section        0  stm32f1xx_ll_usb.o(i.USB_EnableGlobalInt)
    i.USB_LP_CAN1_RX0_IRQHandler             0x080039ec   Section        0  stm32f1xx_it.o(i.USB_LP_CAN1_RX0_IRQHandler)
    i.USB_ReadInterrupts                     0x080039f8   Section        0  stm32f1xx_ll_usb.o(i.USB_ReadInterrupts)
    i.USB_ReadPMA                            0x08003a00   Section        0  stm32f1xx_ll_usb.o(i.USB_ReadPMA)
    i.USB_SetCurrentMode                     0x08003a1e   Section        0  stm32f1xx_ll_usb.o(i.USB_SetCurrentMode)
    i.USB_SetDevAddress                      0x08003a22   Section        0  stm32f1xx_ll_usb.o(i.USB_SetDevAddress)
    i.USB_WritePMA                           0x08003a2e   Section        0  stm32f1xx_ll_usb.o(i.USB_WritePMA)
    i.USER_initialize                        0x08003a54   Section        0  user_diskio.o(i.USER_initialize)
    i.USER_ioctl                             0x08003a74   Section        0  user_diskio.o(i.USER_ioctl)
    i.USER_read                              0x08003adc   Section        0  user_diskio.o(i.USER_read)
    i.USER_status                            0x08003b24   Section        0  user_diskio.o(i.USER_status)
    i.USER_write                             0x08003b34   Section        0  user_diskio.o(i.USER_write)
    i.UsageFault_Handler                     0x08003b84   Section        0  stm32f1xx_it.o(i.UsageFault_Handler)
    i._Error_Handler                         0x08003b86   Section        0  main.o(i._Error_Handler)
    i.__0sprintf$8                           0x08003b88   Section        0  printf8.o(i.__0sprintf$8)
    i.__scatterload_copy                     0x08003bb0   Section       14  handlers.o(i.__scatterload_copy)
    i.__scatterload_null                     0x08003bbe   Section        2  handlers.o(i.__scatterload_null)
    i.__scatterload_zeroinit                 0x08003bc0   Section       14  handlers.o(i.__scatterload_zeroinit)
    i._printf_core                           0x08003bd0   Section        0  printf8.o(i._printf_core)
    _printf_core                             0x08003bd1   Thumb Code   996  printf8.o(i._printf_core)
    i._printf_post_padding                   0x08003fe0   Section        0  printf8.o(i._printf_post_padding)
    _printf_post_padding                     0x08003fe1   Thumb Code    36  printf8.o(i._printf_post_padding)
    i._printf_pre_padding                    0x08004004   Section        0  printf8.o(i._printf_pre_padding)
    _printf_pre_padding                      0x08004005   Thumb Code    46  printf8.o(i._printf_pre_padding)
    i._sputc                                 0x08004032   Section        0  printf8.o(i._sputc)
    _sputc                                   0x08004033   Thumb Code    10  printf8.o(i._sputc)
    i.check_fs                               0x0800403c   Section        0  ff.o(i.check_fs)
    check_fs                                 0x0800403d   Thumb Code    90  ff.o(i.check_fs)
    i.chk_chr                                0x0800409c   Section        0  ff.o(i.chk_chr)
    chk_chr                                  0x0800409d   Thumb Code    16  ff.o(i.chk_chr)
    i.chk_lock                               0x080040ac   Section        0  ff.o(i.chk_lock)
    chk_lock                                 0x080040ad   Thumb Code   100  ff.o(i.chk_lock)
    i.clear_lock                             0x08004114   Section        0  ff.o(i.clear_lock)
    clear_lock                               0x08004115   Thumb Code    32  ff.o(i.clear_lock)
    i.clmt_clust                             0x08004138   Section        0  ff.o(i.clmt_clust)
    clmt_clust                               0x08004139   Thumb Code    46  ff.o(i.clmt_clust)
    i.clust2sect                             0x08004166   Section        0  ff.o(i.clust2sect)
    i.create_chain                           0x08004182   Section        0  ff.o(i.create_chain)
    create_chain                             0x08004183   Thumb Code   164  ff.o(i.create_chain)
    i.create_name                            0x08004228   Section        0  ff.o(i.create_name)
    create_name                              0x08004229   Thumb Code   492  ff.o(i.create_name)
    i.dec_lock                               0x0800442c   Section        0  ff.o(i.dec_lock)
    dec_lock                                 0x0800442d   Thumb Code    54  ff.o(i.dec_lock)
    i.dir_find                               0x08004468   Section        0  ff.o(i.dir_find)
    dir_find                                 0x08004469   Thumb Code   314  ff.o(i.dir_find)
    i.dir_next                               0x080045a8   Section        0  ff.o(i.dir_next)
    dir_next                                 0x080045a9   Thumb Code   284  ff.o(i.dir_next)
    i.dir_register                           0x080046c4   Section        0  ff.o(i.dir_register)
    dir_register                             0x080046c5   Thumb Code   444  ff.o(i.dir_register)
    i.dir_sdi                                0x08004884   Section        0  ff.o(i.dir_sdi)
    dir_sdi                                  0x08004885   Thumb Code   154  ff.o(i.dir_sdi)
    i.disk_initialize                        0x08004920   Section        0  diskio.o(i.disk_initialize)
    i.disk_ioctl                             0x08004948   Section        0  diskio.o(i.disk_ioctl)
    i.disk_read                              0x08004964   Section        0  diskio.o(i.disk_read)
    i.disk_status                            0x08004980   Section        0  diskio.o(i.disk_status)
    i.disk_write                             0x08004998   Section        0  diskio.o(i.disk_write)
    i.f_close                                0x080049b4   Section        0  ff.o(i.f_close)
    i.f_lseek                                0x080049de   Section        0  ff.o(i.f_lseek)
    i.f_mount                                0x08004c44   Section        0  ff.o(i.f_mount)
    i.f_open                                 0x08004ca8   Section        0  ff.o(i.f_open)
    i.f_read                                 0x08004e98   Section        0  ff.o(i.f_read)
    i.f_sync                                 0x08005026   Section        0  ff.o(i.f_sync)
    i.f_write                                0x080050c8   Section        0  ff.o(i.f_write)
    i.ff_convert                             0x08005290   Section        0  ccsbcs.o(i.ff_convert)
    i.ff_wtoupper                            0x080052c8   Section        0  ccsbcs.o(i.ff_wtoupper)
    i.find_volume                            0x080052ec   Section        0  ff.o(i.find_volume)
    find_volume                              0x080052ed   Thumb Code   606  ff.o(i.find_volume)
    i.follow_path                            0x08005558   Section        0  ff.o(i.follow_path)
    follow_path                              0x08005559   Thumb Code   106  ff.o(i.follow_path)
    i.gen_numname                            0x080055c4   Section        0  ff.o(i.gen_numname)
    gen_numname                              0x080055c5   Thumb Code   122  ff.o(i.gen_numname)
    i.get_fat                                0x08005644   Section        0  ff.o(i.get_fat)
    i.get_fattime                            0x0800572a   Section        0  fatfs.o(i.get_fattime)
    i.get_ldnumber                           0x0800572e   Section        0  ff.o(i.get_ldnumber)
    get_ldnumber                             0x0800572f   Thumb Code    60  ff.o(i.get_ldnumber)
    i.inc_lock                               0x0800576c   Section        0  ff.o(i.inc_lock)
    inc_lock                                 0x0800576d   Thumb Code   146  ff.o(i.inc_lock)
    i.ld_clust                               0x08005804   Section        0  ff.o(i.ld_clust)
    ld_clust                                 0x08005805   Thumb Code    22  ff.o(i.ld_clust)
    i.main                                   0x0800581c   Section        0  main.o(i.main)
    i.mem_cpy                                0x08005938   Section        0  ff.o(i.mem_cpy)
    mem_cpy                                  0x08005939   Thumb Code    18  ff.o(i.mem_cpy)
    i.mem_set                                0x0800594a   Section        0  ff.o(i.mem_set)
    mem_set                                  0x0800594b   Thumb Code    14  ff.o(i.mem_set)
    i.move_window                            0x08005958   Section        0  ff.o(i.move_window)
    move_window                              0x08005959   Thumb Code    56  ff.o(i.move_window)
    i.put_fat                                0x08005990   Section        0  ff.o(i.put_fat)
    i.read1                                  0x08005ab0   Section        0  main.o(i.read1)
    i.remove_chain                           0x08005aec   Section        0  ff.o(i.remove_chain)
    remove_chain                             0x08005aed   Thumb Code   102  ff.o(i.remove_chain)
    i.sd_ini                                 0x08005b54   Section        0  sd.o(i.sd_ini)
    i.st_clust                               0x08005d1c   Section        0  ff.o(i.st_clust)
    st_clust                                 0x08005d1d   Thumb Code    16  ff.o(i.st_clust)
    i.sum_sfn                                0x08005d2c   Section        0  ff.o(i.sum_sfn)
    sum_sfn                                  0x08005d2d   Thumb Code    26  ff.o(i.sum_sfn)
    i.sync_fs                                0x08005d46   Section        0  ff.o(i.sync_fs)
    sync_fs                                  0x08005d47   Thumb Code   168  ff.o(i.sync_fs)
    i.sync_window                            0x08005dee   Section        0  ff.o(i.sync_window)
    sync_window                              0x08005def   Thumb Code    82  ff.o(i.sync_window)
    i.validate                               0x08005e40   Section        0  ff.o(i.validate)
    validate                                 0x08005e41   Thumb Code    42  ff.o(i.validate)
    i.write_f1                               0x08005e6c   Section        0  main.o(i.write_f1)
    .constdata                               0x08005ec4   Section       16  system_stm32f1xx.o(.constdata)
    .constdata                               0x08005ed4   Section        8  system_stm32f1xx.o(.constdata)
    .constdata                               0x08005edc   Section      186  ff.o(.constdata)
    ExCvt                                    0x08005edc   Data         128  ff.o(.constdata)
    LfnOfs                                   0x08005f5c   Data          13  ff.o(.constdata)
    vst                                      0x08005f6a   Data          22  ff.o(.constdata)
    cst                                      0x08005f80   Data          22  ff.o(.constdata)
    .constdata                               0x08005f96   Section     1216  ccsbcs.o(.constdata)
    Tbl                                      0x08005f96   Data         256  ccsbcs.o(.constdata)
    tbl_lower                                0x08006096   Data         480  ccsbcs.o(.constdata)
    tbl_upper                                0x08006276   Data         480  ccsbcs.o(.constdata)
    .data                                    0x20000000   Section        4  stm32f1xx_hal.o(.data)
    .data                                    0x20000004   Section      219  usbd_cdc.o(.data)
    ifalt                                    0x20000004   Data           1  usbd_cdc.o(.data)
    USBD_CDC_DeviceQualifierDesc             0x20000008   Data          10  usbd_cdc.o(.data)
    .data                                    0x200000e0   Section       56  usbd_cdc.o(.data)
    .data                                    0x20000118   Section        1  usbd_ctlreq.o(.data)
    cfgidx                                   0x20000118   Data           1  usbd_ctlreq.o(.data)
    .data                                    0x2000011c   Section       16  usbd_cdc_if.o(.data)
    .data                                    0x2000012c   Section       16  usbd_cdc_if.o(.data)
    .data                                    0x2000013c   Section       28  usbd_desc.o(.data)
    .data                                    0x20000158   Section       22  usbd_desc.o(.data)
    .data                                    0x20000170   Section       16  main.o(.data)
    .data                                    0x20000180   Section        5  fatfs.o(.data)
    .data                                    0x20000185   Section        1  user_diskio.o(.data)
    Stat                                     0x20000185   Data           1  user_diskio.o(.data)
    .data                                    0x20000188   Section       20  user_diskio.o(.data)
    .data                                    0x2000019c   Section        1  sd.o(.data)
    .data                                    0x200001a0   Section        4  system_stm32f1xx.o(.data)
    .data                                    0x200001a4   Section        8  ff.o(.data)
    Fsid                                     0x200001a4   Data           2  ff.o(.data)
    FatFs                                    0x200001a8   Data           4  ff.o(.data)
    .bss                                     0x200001ac   Section      548  usb_device.o(.bss)
    .bss                                     0x200003d0   Section     1664  usbd_conf.o(.bss)
    mem                                      0x200003d0   Data         544  usbd_conf.o(.bss)
    .bss                                     0x20000a50   Section      512  usbd_desc.o(.bss)
    .bss                                     0x20000c50   Section     9012  main.o(.bss)
    .bss                                     0x20002f84   Section       60  sd.o(.bss)
    .bss                                     0x20002fc0   Section      536  ff.o(.bss)
    Files                                    0x20002fc0   Data          24  ff.o(.bss)
    LfnBuf                                   0x20002fd8   Data         512  ff.o(.bss)
    .bss                                     0x200031d8   Section       12  ff_gen_drv.o(.bss)
    STACK                                    0x200031e8   Section     1024  startup_stm32f103xb.o(STACK)

    Global Symbols

    Symbol Name                              Value     Ov Type        Size  Object(Section)

    BuildAttributes$$THM_ISAv4$P$D$K$B$S$PE$A:L22UL41UL21$X:L11$S22US41US21$IEEE1$IW$USESV6$~STKCKD$USESV7$~SHL$OSPACE$ROPI$EBA8$MICROLIB$REQ8$PRES8$EABIv2 0x00000000   Number         0  anon$$obj.o ABSOLUTE
    __ARM_use_no_argv                        0x00000000   Number         0  main.o ABSOLUTE
    _printf_a                                0x00000000   Number         0  stubs.o ABSOLUTE
    _printf_c                                0x00000000   Number         0  stubs.o ABSOLUTE
    _printf_charcount                        0x00000000   Number         0  stubs.o ABSOLUTE
    _printf_d                                0x00000000   Number         0  stubs.o ABSOLUTE
    _printf_e                                0x00000000   Number         0  stubs.o ABSOLUTE
    _printf_f                                0x00000000   Number         0  stubs.o ABSOLUTE
    _printf_flags                            0x00000000   Number         0  stubs.o ABSOLUTE
    _printf_fp_dec                           0x00000000   Number         0  stubs.o ABSOLUTE
    _printf_fp_hex                           0x00000000   Number         0  stubs.o ABSOLUTE
    _printf_g                                0x00000000   Number         0  stubs.o ABSOLUTE
    _printf_i                                0x00000000   Number         0  stubs.o ABSOLUTE
    _printf_int_dec                          0x00000000   Number         0  stubs.o ABSOLUTE
    _printf_l                                0x00000000   Number         0  stubs.o ABSOLUTE
    _printf_lc                               0x00000000   Number         0  stubs.o ABSOLUTE
    _printf_ll                               0x00000000   Number         0  stubs.o ABSOLUTE
    _printf_lld                              0x00000000   Number         0  stubs.o ABSOLUTE
    _printf_lli                              0x00000000   Number         0  stubs.o ABSOLUTE
    _printf_llo                              0x00000000   Number         0  stubs.o ABSOLUTE
    _printf_llu                              0x00000000   Number         0  stubs.o ABSOLUTE
    _printf_llx                              0x00000000   Number         0  stubs.o ABSOLUTE
    _printf_longlong_dec                     0x00000000   Number         0  stubs.o ABSOLUTE
    _printf_longlong_hex                     0x00000000   Number         0  stubs.o ABSOLUTE
    _printf_longlong_oct                     0x00000000   Number         0  stubs.o ABSOLUTE
    _printf_ls                               0x00000000   Number         0  stubs.o ABSOLUTE
    _printf_mbtowc                           0x00000000   Number         0  stubs.o ABSOLUTE
    _printf_n                                0x00000000   Number         0  stubs.o ABSOLUTE
    _printf_o                                0x00000000   Number         0  stubs.o ABSOLUTE
    _printf_p                                0x00000000   Number         0  stubs.o ABSOLUTE
    _printf_percent                          0x00000000   Number         0  stubs.o ABSOLUTE
    _printf_pre_padding                      0x00000000   Number         0  stubs.o ABSOLUTE
    _printf_return_value                     0x00000000   Number         0  stubs.o ABSOLUTE
    _printf_s                                0x00000000   Number         0  stubs.o ABSOLUTE
    _printf_sizespec                         0x00000000   Number         0  stubs.o ABSOLUTE
    _printf_str                              0x00000000   Number         0  stubs.o ABSOLUTE
    _printf_truncate_signed                  0x00000000   Number         0  stubs.o ABSOLUTE
    _printf_truncate_unsigned                0x00000000   Number         0  stubs.o ABSOLUTE
    _printf_u                                0x00000000   Number         0  stubs.o ABSOLUTE
    _printf_wc                               0x00000000   Number         0  stubs.o ABSOLUTE
    _printf_wctomb                           0x00000000   Number         0  stubs.o ABSOLUTE
    _printf_widthprec                        0x00000000   Number         0  stubs.o ABSOLUTE
    _printf_x                                0x00000000   Number         0  stubs.o ABSOLUTE
    __cpp_initialize__aeabi_                  - Undefined Weak Reference
    __cxa_finalize                            - Undefined Weak Reference
    _clock_init                               - Undefined Weak Reference
    _microlib_exit                            - Undefined Weak Reference
    __Vectors_Size                           0x000000ec   Number         0  startup_stm32f103xb.o ABSOLUTE
    __Vectors                                0x08000000   Data           4  startup_stm32f103xb.o(RESET)
    __Vectors_End                            0x080000ec   Data           0  startup_stm32f103xb.o(RESET)
    __main                                   0x080000ed   Thumb Code     0  entry.o(.ARM.Collect$$$$00000000)
    _main_stk                                0x080000ed   Thumb Code     0  entry2.o(.ARM.Collect$$$$00000001)
    _main_scatterload                        0x080000f1   Thumb Code     0  entry5.o(.ARM.Collect$$$$00000004)
    __main_after_scatterload                 0x080000f5   Thumb Code     0  entry5.o(.ARM.Collect$$$$00000004)
    _main_clock                              0x080000f5   Thumb Code     0  entry7b.o(.ARM.Collect$$$$00000008)
    _main_cpp_init                           0x080000f5   Thumb Code     0  entry8b.o(.ARM.Collect$$$$0000000A)
    _main_init                               0x080000f5   Thumb Code     0  entry9a.o(.ARM.Collect$$$$0000000B)
    __rt_final_cpp                           0x080000fd   Thumb Code     0  entry10a.o(.ARM.Collect$$$$0000000D)
    __rt_final_exit                          0x080000fd   Thumb Code     0  entry11a.o(.ARM.Collect$$$$0000000F)
    Reset_Handler                            0x08000101   Thumb Code     8  startup_stm32f103xb.o(.text)
    ADC1_2_IRQHandler                        0x0800011b   Thumb Code     0  startup_stm32f103xb.o(.text)
    CAN1_RX1_IRQHandler                      0x0800011b   Thumb Code     0  startup_stm32f103xb.o(.text)
    CAN1_SCE_IRQHandler                      0x0800011b   Thumb Code     0  startup_stm32f103xb.o(.text)
    DMA1_Channel1_IRQHandler                 0x0800011b   Thumb Code     0  startup_stm32f103xb.o(.text)
    DMA1_Channel2_IRQHandler                 0x0800011b   Thumb Code     0  startup_stm32f103xb.o(.text)
    DMA1_Channel3_IRQHandler                 0x0800011b   Thumb Code     0  startup_stm32f103xb.o(.text)
    DMA1_Channel4_IRQHandler                 0x0800011b   Thumb Code     0  startup_stm32f103xb.o(.text)
    DMA1_Channel5_IRQHandler                 0x0800011b   Thumb Code     0  startup_stm32f103xb.o(.text)
    DMA1_Channel6_IRQHandler                 0x0800011b   Thumb Code     0  startup_stm32f103xb.o(.text)
    DMA1_Channel7_IRQHandler                 0x0800011b   Thumb Code     0  startup_stm32f103xb.o(.text)
    EXTI0_IRQHandler                         0x0800011b   Thumb Code     0  startup_stm32f103xb.o(.text)
    EXTI15_10_IRQHandler                     0x0800011b   Thumb Code     0  startup_stm32f103xb.o(.text)
    EXTI1_IRQHandler                         0x0800011b   Thumb Code     0  startup_stm32f103xb.o(.text)
    EXTI2_IRQHandler                         0x0800011b   Thumb Code     0  startup_stm32f103xb.o(.text)
    EXTI3_IRQHandler                         0x0800011b   Thumb Code     0  startup_stm32f103xb.o(.text)
    EXTI4_IRQHandler                         0x0800011b   Thumb Code     0  startup_stm32f103xb.o(.text)
    EXTI9_5_IRQHandler                       0x0800011b   Thumb Code     0  startup_stm32f103xb.o(.text)
    FLASH_IRQHandler                         0x0800011b   Thumb Code     0  startup_stm32f103xb.o(.text)
    I2C1_ER_IRQHandler                       0x0800011b   Thumb Code     0  startup_stm32f103xb.o(.text)
    I2C1_EV_IRQHandler                       0x0800011b   Thumb Code     0  startup_stm32f103xb.o(.text)
    I2C2_ER_IRQHandler                       0x0800011b   Thumb Code     0  startup_stm32f103xb.o(.text)
    I2C2_EV_IRQHandler                       0x0800011b   Thumb Code     0  startup_stm32f103xb.o(.text)
    PVD_IRQHandler                           0x0800011b   Thumb Code     0  startup_stm32f103xb.o(.text)
    RCC_IRQHandler                           0x0800011b   Thumb Code     0  startup_stm32f103xb.o(.text)
    RTC_Alarm_IRQHandler                     0x0800011b   Thumb Code     0  startup_stm32f103xb.o(.text)
    RTC_IRQHandler                           0x0800011b   Thumb Code     0  startup_stm32f103xb.o(.text)
    SPI2_IRQHandler                          0x0800011b   Thumb Code     0  startup_stm32f103xb.o(.text)
    TAMPER_IRQHandler                        0x0800011b   Thumb Code     0  startup_stm32f103xb.o(.text)
    TIM1_BRK_IRQHandler                      0x0800011b   Thumb Code     0  startup_stm32f103xb.o(.text)
    TIM1_CC_IRQHandler                       0x0800011b   Thumb Code     0  startup_stm32f103xb.o(.text)
    TIM1_TRG_COM_IRQHandler                  0x0800011b   Thumb Code     0  startup_stm32f103xb.o(.text)
    TIM1_UP_IRQHandler                       0x0800011b   Thumb Code     0  startup_stm32f103xb.o(.text)
    TIM3_IRQHandler                          0x0800011b   Thumb Code     0  startup_stm32f103xb.o(.text)
    TIM4_IRQHandler                          0x0800011b   Thumb Code     0  startup_stm32f103xb.o(.text)
    USART2_IRQHandler                        0x0800011b   Thumb Code     0  startup_stm32f103xb.o(.text)
    USART3_IRQHandler                        0x0800011b   Thumb Code     0  startup_stm32f103xb.o(.text)
    USBWakeUp_IRQHandler                     0x0800011b   Thumb Code     0  startup_stm32f103xb.o(.text)
    USB_HP_CAN1_TX_IRQHandler                0x0800011b   Thumb Code     0  startup_stm32f103xb.o(.text)
    WWDG_IRQHandler                          0x0800011b   Thumb Code     0  startup_stm32f103xb.o(.text)
    __aeabi_llsr                             0x08000125   Thumb Code    32  llushr.o(.text)
    _ll_ushift_r                             0x08000125   Thumb Code     0  llushr.o(.text)
    __aeabi_memcpy                           0x08000145   Thumb Code    36  memcpya.o(.text)
    __aeabi_memcpy4                          0x08000145   Thumb Code     0  memcpya.o(.text)
    __aeabi_memcpy8                          0x08000145   Thumb Code     0  memcpya.o(.text)
    strlen                                   0x08000169   Thumb Code    14  strlen.o(.text)
    __aeabi_uldivmod                         0x08000177   Thumb Code    98  uldiv.o(.text)
    __scatterload                            0x080001d9   Thumb Code    28  init.o(.text)
    __scatterload_rt2                        0x080001d9   Thumb Code     0  init.o(.text)
    __aeabi_llsl                             0x080001fd   Thumb Code    30  llshl.o(.text)
    _ll_shift_l                              0x080001fd   Thumb Code     0  llshl.o(.text)
    __decompress                             0x0800021b   Thumb Code     0  __dczerorl2.o(.text)
    __decompress1                            0x0800021b   Thumb Code    86  __dczerorl2.o(.text)
    BusFault_Handler                         0x08000271   Thumb Code     2  stm32f1xx_it.o(i.BusFault_Handler)
    CDC_Transmit_FS                          0x080002cd   Thumb Code    38  usbd_cdc_if.o(i.CDC_Transmit_FS)
    DebugMon_Handler                         0x080002f9   Thumb Code     2  stm32f1xx_it.o(i.DebugMon_Handler)
    FATFS_LinkDriver                         0x080002fb   Thumb Code     6  ff_gen_drv.o(i.FATFS_LinkDriver)
    FATFS_LinkDriverEx                       0x08000301   Thumb Code    60  ff_gen_drv.o(i.FATFS_LinkDriverEx)
    FATFS_UnLinkDriver                       0x08000341   Thumb Code     6  ff_gen_drv.o(i.FATFS_UnLinkDriver)
    FATFS_UnLinkDriverEx                     0x08000349   Thumb Code    48  ff_gen_drv.o(i.FATFS_UnLinkDriverEx)
    HAL_DMA_Abort_IT                         0x0800037d   Thumb Code   148  stm32f1xx_hal_dma.o(i.HAL_DMA_Abort_IT)
    HAL_Delay                                0x08000415   Thumb Code    28  stm32f1xx_hal.o(i.HAL_Delay)
    HAL_GPIO_Init                            0x08000431   Thumb Code   408  stm32f1xx_hal_gpio.o(i.HAL_GPIO_Init)
    HAL_GPIO_WritePin                        0x080005ed   Thumb Code    10  stm32f1xx_hal_gpio.o(i.HAL_GPIO_WritePin)
    HAL_GetTick                              0x080005f9   Thumb Code     6  stm32f1xx_hal.o(i.HAL_GetTick)
    HAL_IncTick                              0x08000605   Thumb Code    10  stm32f1xx_hal.o(i.HAL_IncTick)
    HAL_Init                                 0x08000615   Thumb Code    32  stm32f1xx_hal.o(i.HAL_Init)
    HAL_InitTick                             0x08000639   Thumb Code    34  stm32f1xx_hal.o(i.HAL_InitTick)
    HAL_MspInit                              0x08000661   Thumb Code   122  stm32f1xx_hal_msp.o(i.HAL_MspInit)
    HAL_NVIC_EnableIRQ                       0x080006e5   Thumb Code    22  stm32f1xx_hal_cortex.o(i.HAL_NVIC_EnableIRQ)
    HAL_NVIC_SetPriority                     0x080006fd   Thumb Code    60  stm32f1xx_hal_cortex.o(i.HAL_NVIC_SetPriority)
    HAL_NVIC_SetPriorityGrouping             0x0800073d   Thumb Code    26  stm32f1xx_hal_cortex.o(i.HAL_NVIC_SetPriorityGrouping)
    HAL_PCDEx_PMAConfig                      0x08000761   Thumb Code    52  stm32f1xx_hal_pcd_ex.o(i.HAL_PCDEx_PMAConfig)
    HAL_PCDEx_SetConnectionState             0x08000795   Thumb Code     2  usbd_conf.o(i.HAL_PCDEx_SetConnectionState)
    HAL_PCD_DataInStageCallback              0x08000797   Thumb Code    14  usbd_conf.o(i.HAL_PCD_DataInStageCallback)
    HAL_PCD_DataOutStageCallback             0x080007a5   Thumb Code    16  usbd_conf.o(i.HAL_PCD_DataOutStageCallback)
    HAL_PCD_EP_Close                         0x080007b5   Thumb Code    64  stm32f1xx_hal_pcd.o(i.HAL_PCD_EP_Close)
    HAL_PCD_EP_ClrStall                      0x080007f5   Thumb Code    72  stm32f1xx_hal_pcd.o(i.HAL_PCD_EP_ClrStall)
    HAL_PCD_EP_GetRxCount                    0x0800083d   Thumb Code    16  stm32f1xx_hal_pcd.o(i.HAL_PCD_EP_GetRxCount)
    HAL_PCD_EP_Open                          0x0800084d   Thumb Code    68  stm32f1xx_hal_pcd.o(i.HAL_PCD_EP_Open)
    HAL_PCD_EP_Receive                       0x08000891   Thumb Code    46  stm32f1xx_hal_pcd.o(i.HAL_PCD_EP_Receive)
    HAL_PCD_EP_SetStall                      0x080008bf   Thumb Code    86  stm32f1xx_hal_pcd.o(i.HAL_PCD_EP_SetStall)
    HAL_PCD_EP_Transmit                      0x08000915   Thumb Code    42  stm32f1xx_hal_pcd.o(i.HAL_PCD_EP_Transmit)
    HAL_PCD_IRQHandler                       0x0800093f   Thumb Code   268  stm32f1xx_hal_pcd.o(i.HAL_PCD_IRQHandler)
    HAL_PCD_Init                             0x08000a4d   Thumb Code   192  stm32f1xx_hal_pcd.o(i.HAL_PCD_Init)
    HAL_PCD_MspInit                          0x08000b0d   Thumb Code    50  usbd_conf.o(i.HAL_PCD_MspInit)
    HAL_PCD_ResetCallback                    0x08000b49   Thumb Code    26  usbd_conf.o(i.HAL_PCD_ResetCallback)
    HAL_PCD_ResumeCallback                   0x08000b63   Thumb Code     8  usbd_conf.o(i.HAL_PCD_ResumeCallback)
    HAL_PCD_SOFCallback                      0x08000b6b   Thumb Code     8  usbd_conf.o(i.HAL_PCD_SOFCallback)
    HAL_PCD_SetAddress                       0x08000b73   Thumb Code    40  stm32f1xx_hal_pcd.o(i.HAL_PCD_SetAddress)
    HAL_PCD_SetupStageCallback               0x08000b9b   Thumb Code    14  usbd_conf.o(i.HAL_PCD_SetupStageCallback)
    HAL_PCD_Start                            0x08000ba9   Thumb Code    50  stm32f1xx_hal_pcd.o(i.HAL_PCD_Start)
    HAL_PCD_SuspendCallback                  0x08000bdd   Thumb Code    30  usbd_conf.o(i.HAL_PCD_SuspendCallback)
    HAL_RCCEx_PeriphCLKConfig                0x08000c01   Thumb Code   224  stm32f1xx_hal_rcc_ex.o(i.HAL_RCCEx_PeriphCLKConfig)
    HAL_RCC_ClockConfig                      0x08000ced   Thumb Code   322  stm32f1xx_hal_rcc.o(i.HAL_RCC_ClockConfig)
    HAL_RCC_GetHCLKFreq                      0x08000e41   Thumb Code     6  stm32f1xx_hal_rcc.o(i.HAL_RCC_GetHCLKFreq)
    HAL_RCC_GetPCLK1Freq                     0x08000e4d   Thumb Code    20  stm32f1xx_hal_rcc.o(i.HAL_RCC_GetPCLK1Freq)
    HAL_RCC_GetPCLK2Freq                     0x08000e6d   Thumb Code    20  stm32f1xx_hal_rcc.o(i.HAL_RCC_GetPCLK2Freq)
    HAL_RCC_GetSysClockFreq                  0x08000e8d   Thumb Code    74  stm32f1xx_hal_rcc.o(i.HAL_RCC_GetSysClockFreq)
    HAL_RCC_OscConfig                        0x08000ef9   Thumb Code   750  stm32f1xx_hal_rcc.o(i.HAL_RCC_OscConfig)
    HAL_SPI_ErrorCallback                    0x080011fd   Thumb Code     2  stm32f1xx_hal_spi.o(i.HAL_SPI_ErrorCallback)
    HAL_SPI_IRQHandler                       0x08001201   Thumb Code   190  stm32f1xx_hal_spi.o(i.HAL_SPI_IRQHandler)
    HAL_SPI_Init                             0x080012c5   Thumb Code   130  stm32f1xx_hal_spi_ex.o(i.HAL_SPI_Init)
    HAL_SPI_MspInit                          0x08001349   Thumb Code    90  stm32f1xx_hal_msp.o(i.HAL_SPI_MspInit)
    HAL_SPI_TransmitReceive                  0x080013b1   Thumb Code   472  stm32f1xx_hal_spi.o(i.HAL_SPI_TransmitReceive)
    HAL_SYSTICK_CLKSourceConfig              0x08001589   Thumb Code    24  stm32f1xx_hal_cortex.o(i.HAL_SYSTICK_CLKSourceConfig)
    HAL_SYSTICK_Callback                     0x080015a1   Thumb Code     2  stm32f1xx_hal_cortex.o(i.HAL_SYSTICK_Callback)
    HAL_SYSTICK_Config                       0x080015a3   Thumb Code    40  stm32f1xx_hal_cortex.o(i.HAL_SYSTICK_Config)
    HAL_SYSTICK_IRQHandler                   0x080015cb   Thumb Code     8  stm32f1xx_hal_cortex.o(i.HAL_SYSTICK_IRQHandler)
    HAL_TIMEx_BreakCallback                  0x080015d3   Thumb Code     2  stm32f1xx_hal_tim_ex.o(i.HAL_TIMEx_BreakCallback)
    HAL_TIMEx_CommutationCallback            0x080015d5   Thumb Code     2  stm32f1xx_hal_tim_ex.o(i.HAL_TIMEx_CommutationCallback)
    HAL_TIMEx_MasterConfigSynchronization    0x080015d7   Thumb Code    80  stm32f1xx_hal_tim_ex.o(i.HAL_TIMEx_MasterConfigSynchronization)
    HAL_TIM_Base_Init                        0x08001627   Thumb Code    54  stm32f1xx_hal_tim.o(i.HAL_TIM_Base_Init)
    HAL_TIM_Base_MspInit                     0x0800165d   Thumb Code    50  stm32f1xx_hal_msp.o(i.HAL_TIM_Base_MspInit)
    HAL_TIM_Base_Start_IT                    0x08001695   Thumb Code    24  stm32f1xx_hal_tim.o(i.HAL_TIM_Base_Start_IT)
    HAL_TIM_ConfigClockSource                0x080016ad   Thumb Code   242  stm32f1xx_hal_tim.o(i.HAL_TIM_ConfigClockSource)
    HAL_TIM_IC_CaptureCallback               0x0800179f   Thumb Code     2  stm32f1xx_hal_tim.o(i.HAL_TIM_IC_CaptureCallback)
    HAL_TIM_IRQHandler                       0x080017a1   Thumb Code   358  stm32f1xx_hal_tim.o(i.HAL_TIM_IRQHandler)
    HAL_TIM_OC_DelayElapsedCallback          0x08001907   Thumb Code     2  stm32f1xx_hal_tim.o(i.HAL_TIM_OC_DelayElapsedCallback)
    HAL_TIM_PWM_PulseFinishedCallback        0x08001909   Thumb Code     2  stm32f1xx_hal_tim.o(i.HAL_TIM_PWM_PulseFinishedCallback)
    HAL_TIM_PeriodElapsedCallback            0x0800190d   Thumb Code    16  main.o(i.HAL_TIM_PeriodElapsedCallback)
    HAL_TIM_TriggerCallback                  0x08001925   Thumb Code     2  stm32f1xx_hal_tim.o(i.HAL_TIM_TriggerCallback)
    HAL_UART_ErrorCallback                   0x08001927   Thumb Code     2  stm32f1xx_hal_uart.o(i.HAL_UART_ErrorCallback)
    HAL_UART_IRQHandler                      0x08001929   Thumb Code   266  stm32f1xx_hal_uart.o(i.HAL_UART_IRQHandler)
    HAL_UART_Init                            0x08001a39   Thumb Code    98  stm32f1xx_hal_uart.o(i.HAL_UART_Init)
    HAL_UART_MspInit                         0x08001a9d   Thumb Code    92  stm32f1xx_hal_msp.o(i.HAL_UART_MspInit)
    HAL_UART_Receive_IT                      0x08001b05   Thumb Code    82  stm32f1xx_hal_uart.o(i.HAL_UART_Receive_IT)
    HAL_UART_RxCpltCallback                  0x08001b59   Thumb Code    40  main.o(i.HAL_UART_RxCpltCallback)
    HAL_UART_Transmit_IT                     0x08001b8d   Thumb Code    62  stm32f1xx_hal_uart.o(i.HAL_UART_Transmit_IT)
    HAL_UART_TxCpltCallback                  0x08001bcb   Thumb Code     2  stm32f1xx_hal_uart.o(i.HAL_UART_TxCpltCallback)
    HardFault_Handler                        0x08001bcd   Thumb Code     2  stm32f1xx_it.o(i.HardFault_Handler)
    MX_FATFS_Init                            0x08001bd1   Thumb Code    18  fatfs.o(i.MX_FATFS_Init)
    MX_USB_DEVICE_Init                       0x08001d05   Thumb Code    38  usb_device.o(i.MX_USB_DEVICE_Init)
    MemManage_Handler                        0x08001d3d   Thumb Code     2  stm32f1xx_it.o(i.MemManage_Handler)
    NMI_Handler                              0x08001d3f   Thumb Code     2  stm32f1xx_it.o(i.NMI_Handler)
    PendSV_Handler                           0x080020c3   Thumb Code     2  stm32f1xx_it.o(i.PendSV_Handler)
    ReadLongFile                             0x080020c5   Thumb Code    86  main.o(i.ReadLongFile)
    SD_PowerOn                               0x08002131   Thumb Code    14  sd.o(i.SD_PowerOn)
    SD_Read_Block                            0x08002145   Thumb Code    86  sd.o(i.SD_Read_Block)
    SD_Write_Block                           0x0800219b   Thumb Code   100  sd.o(i.SD_Write_Block)
    SPI1_IRQHandler                          0x08002291   Thumb Code     6  stm32f1xx_it.o(i.SPI1_IRQHandler)
    SPI_ReceiveByte                          0x080022cd   Thumb Code     6  sd.o(i.SPI_ReceiveByte)
    SPI_Release                              0x080022d3   Thumb Code     6  sd.o(i.SPI_Release)
    SPI_wait_ready                           0x0800236f   Thumb Code    32  sd.o(i.SPI_wait_ready)
    SPIx_WriteRead                           0x08002391   Thumb Code    48  sd.o(i.SPIx_WriteRead)
    SVC_Handler                              0x080023c9   Thumb Code     2  stm32f1xx_it.o(i.SVC_Handler)
    SysTick_Handler                          0x080023cb   Thumb Code    14  stm32f1xx_it.o(i.SysTick_Handler)
    SystemClock_Config                       0x080023d9   Thumb Code   120  main.o(i.SystemClock_Config)
    SystemInit                               0x08002451   Thumb Code    56  system_stm32f1xx.o(i.SystemInit)
    TIM2_IRQHandler                          0x08002499   Thumb Code     6  stm32f1xx_it.o(i.TIM2_IRQHandler)
    TIM_Base_SetConfig                       0x080024a5   Thumb Code    94  stm32f1xx_hal_tim.o(i.TIM_Base_SetConfig)
    USART1_IRQHandler                        0x08002811   Thumb Code     6  stm32f1xx_it.o(i.USART1_IRQHandler)
    USBD_CDC_GetDeviceQualifierDescriptor    0x080028c1   Thumb Code     8  usbd_cdc.o(i.USBD_CDC_GetDeviceQualifierDescriptor)
    USBD_CDC_ReceivePacket                   0x08002979   Thumb Code    40  usbd_cdc.o(i.USBD_CDC_ReceivePacket)
    USBD_CDC_RegisterInterface               0x080029a1   Thumb Code    16  usbd_cdc.o(i.USBD_CDC_RegisterInterface)
    USBD_CDC_SetRxBuffer                     0x080029b1   Thumb Code    12  usbd_cdc.o(i.USBD_CDC_SetRxBuffer)
    USBD_CDC_SetTxBuffer                     0x080029bd   Thumb Code    16  usbd_cdc.o(i.USBD_CDC_SetTxBuffer)
    USBD_CDC_TransmitPacket                  0x08002a3d   Thumb Code    48  usbd_cdc.o(i.USBD_CDC_TransmitPacket)
    USBD_ClrClassConfig                      0x08002a6d   Thumb Code    14  usbd_core.o(i.USBD_ClrClassConfig)
    USBD_CtlContinueRx                       0x08002a7b   Thumb Code    16  usbd_ioreq.o(i.USBD_CtlContinueRx)
    USBD_CtlContinueSendData                 0x08002a8b   Thumb Code    16  usbd_ioreq.o(i.USBD_CtlContinueSendData)
    USBD_CtlError                            0x08002a9b   Thumb Code    22  usbd_ctlreq.o(i.USBD_CtlError)
    USBD_CtlPrepareRx                        0x08002ab1   Thumb Code    30  usbd_ioreq.o(i.USBD_CtlPrepareRx)
    USBD_CtlReceiveStatus                    0x08002acf   Thumb Code    22  usbd_ioreq.o(i.USBD_CtlReceiveStatus)
    USBD_CtlSendData                         0x08002ae5   Thumb Code    26  usbd_ioreq.o(i.USBD_CtlSendData)
    USBD_CtlSendStatus                       0x08002aff   Thumb Code    22  usbd_ioreq.o(i.USBD_CtlSendStatus)
    USBD_FS_ConfigStrDescriptor              0x08002b15   Thumb Code    16  usbd_desc.o(i.USBD_FS_ConfigStrDescriptor)
    USBD_FS_DeviceDescriptor                 0x08002b35   Thumb Code     8  usbd_desc.o(i.USBD_FS_DeviceDescriptor)
    USBD_FS_InterfaceStrDescriptor           0x08002b41   Thumb Code    16  usbd_desc.o(i.USBD_FS_InterfaceStrDescriptor)
    USBD_FS_LangIDStrDescriptor              0x08002b65   Thumb Code     8  usbd_desc.o(i.USBD_FS_LangIDStrDescriptor)
    USBD_FS_ManufacturerStrDescriptor        0x08002b71   Thumb Code    16  usbd_desc.o(i.USBD_FS_ManufacturerStrDescriptor)
    USBD_FS_ProductStrDescriptor             0x08002b99   Thumb Code    16  usbd_desc.o(i.USBD_FS_ProductStrDescriptor)
    USBD_FS_SerialStrDescriptor              0x08002bc5   Thumb Code    16  usbd_desc.o(i.USBD_FS_SerialStrDescriptor)
    USBD_GetString                           0x08002cc9   Thumb Code    70  usbd_ctlreq.o(i.USBD_GetString)
    USBD_Init                                0x08002d0f   Thumb Code    42  usbd_core.o(i.USBD_Init)
    USBD_LL_ClearStallEP                     0x08002d39   Thumb Code    32  usbd_conf.o(i.USBD_LL_ClearStallEP)
    USBD_LL_CloseEP                          0x08002d59   Thumb Code    32  usbd_conf.o(i.USBD_LL_CloseEP)
    USBD_LL_DataInStage                      0x08002d79   Thumb Code   170  usbd_core.o(i.USBD_LL_DataInStage)
    USBD_LL_DataOutStage                     0x08002e23   Thumb Code   106  usbd_core.o(i.USBD_LL_DataOutStage)
    USBD_LL_GetRxDataSize                    0x08002e8d   Thumb Code     8  usbd_conf.o(i.USBD_LL_GetRxDataSize)
    USBD_LL_Init                             0x08002e95   Thumb Code   130  usbd_conf.o(i.USBD_LL_Init)
    USBD_LL_IsStallEP                        0x08002f35   Thumb Code    28  usbd_conf.o(i.USBD_LL_IsStallEP)
    USBD_LL_OpenEP                           0x08002f51   Thumb Code    38  usbd_conf.o(i.USBD_LL_OpenEP)
    USBD_LL_PrepareReceive                   0x08002f77   Thumb Code    32  usbd_conf.o(i.USBD_LL_PrepareReceive)
    USBD_LL_Reset                            0x08002f97   Thumb Code    62  usbd_core.o(i.USBD_LL_Reset)
    USBD_LL_Resume                           0x08002fd5   Thumb Code    12  usbd_core.o(i.USBD_LL_Resume)
    USBD_LL_SOF                              0x08002fe1   Thumb Code    24  usbd_core.o(i.USBD_LL_SOF)
    USBD_LL_SetSpeed                         0x08002ff9   Thumb Code     6  usbd_core.o(i.USBD_LL_SetSpeed)
    USBD_LL_SetUSBAddress                    0x08002fff   Thumb Code    32  usbd_conf.o(i.USBD_LL_SetUSBAddress)
    USBD_LL_SetupStage                       0x0800301f   Thumb Code    90  usbd_core.o(i.USBD_LL_SetupStage)
    USBD_LL_StallEP                          0x08003079   Thumb Code    32  usbd_conf.o(i.USBD_LL_StallEP)
    USBD_LL_Start                            0x08003099   Thumb Code    32  usbd_conf.o(i.USBD_LL_Start)
    USBD_LL_Suspend                          0x080030b9   Thumb Code    18  usbd_core.o(i.USBD_LL_Suspend)
    USBD_LL_Transmit                         0x080030cb   Thumb Code    32  usbd_conf.o(i.USBD_LL_Transmit)
    USBD_ParseSetupRequest                   0x080030eb   Thumb Code    40  usbd_ctlreq.o(i.USBD_ParseSetupRequest)
    USBD_RegisterClass                       0x08003113   Thumb Code    16  usbd_core.o(i.USBD_RegisterClass)
    USBD_SetClassConfig                      0x08003123   Thumb Code    22  usbd_core.o(i.USBD_SetClassConfig)
    USBD_Start                               0x080031ad   Thumb Code    10  usbd_core.o(i.USBD_Start)
    USBD_StdDevReq                           0x080031b7   Thumb Code   242  usbd_ctlreq.o(i.USBD_StdDevReq)
    USBD_StdEPReq                            0x080032a9   Thumb Code   220  usbd_ctlreq.o(i.USBD_StdEPReq)
    USBD_StdItfReq                           0x08003385   Thumb Code    52  usbd_ctlreq.o(i.USBD_StdItfReq)
    USBD_static_free                         0x080033b9   Thumb Code     2  usbd_conf.o(i.USBD_static_free)
    USBD_static_malloc                       0x080033bd   Thumb Code     4  usbd_conf.o(i.USBD_static_malloc)
    USB_ActivateEndpoint                     0x080033c5   Thumb Code   604  stm32f1xx_ll_usb.o(i.USB_ActivateEndpoint)
    USB_CoreInit                             0x08003621   Thumb Code     4  stm32f1xx_ll_usb.o(i.USB_CoreInit)
    USB_DeactivateEndpoint                   0x08003625   Thumb Code   292  stm32f1xx_ll_usb.o(i.USB_DeactivateEndpoint)
    USB_DevConnect                           0x08003749   Thumb Code     4  stm32f1xx_ll_usb.o(i.USB_DevConnect)
    USB_DevDisconnect                        0x0800374d   Thumb Code     4  stm32f1xx_ll_usb.o(i.USB_DevDisconnect)
    USB_DevInit                              0x08003751   Thumb Code    30  stm32f1xx_ll_usb.o(i.USB_DevInit)
    USB_DisableGlobalInt                     0x0800376f   Thumb Code    14  stm32f1xx_ll_usb.o(i.USB_DisableGlobalInt)
    USB_EP0_OutStart                         0x0800377d   Thumb Code     4  stm32f1xx_ll_usb.o(i.USB_EP0_OutStart)
    USB_EPClearStall                         0x08003781   Thumb Code   106  stm32f1xx_ll_usb.o(i.USB_EPClearStall)
    USB_EPSetStall                           0x080037eb   Thumb Code    74  stm32f1xx_ll_usb.o(i.USB_EPSetStall)
    USB_EPStartXfer                          0x08003835   Thumb Code   426  stm32f1xx_ll_usb.o(i.USB_EPStartXfer)
    USB_EnableGlobalInt                      0x080039df   Thumb Code    14  stm32f1xx_ll_usb.o(i.USB_EnableGlobalInt)
    USB_LP_CAN1_RX0_IRQHandler               0x080039ed   Thumb Code     6  stm32f1xx_it.o(i.USB_LP_CAN1_RX0_IRQHandler)
    USB_ReadInterrupts                       0x080039f9   Thumb Code     6  stm32f1xx_ll_usb.o(i.USB_ReadInterrupts)
    USB_ReadPMA                              0x08003a01   Thumb Code    30  stm32f1xx_ll_usb.o(i.USB_ReadPMA)
    USB_SetCurrentMode                       0x08003a1f   Thumb Code     4  stm32f1xx_ll_usb.o(i.USB_SetCurrentMode)
    USB_SetDevAddress                        0x08003a23   Thumb Code    12  stm32f1xx_ll_usb.o(i.USB_SetDevAddress)
    USB_WritePMA                             0x08003a2f   Thumb Code    38  stm32f1xx_ll_usb.o(i.USB_WritePMA)
    USER_initialize                          0x08003a55   Thumb Code    26  user_diskio.o(i.USER_initialize)
    USER_ioctl                               0x08003a75   Thumb Code    90  user_diskio.o(i.USER_ioctl)
    USER_read                                0x08003add   Thumb Code    62  user_diskio.o(i.USER_read)
    USER_status                              0x08003b25   Thumb Code    12  user_diskio.o(i.USER_status)
    USER_write                               0x08003b35   Thumb Code    72  user_diskio.o(i.USER_write)
    UsageFault_Handler                       0x08003b85   Thumb Code     2  stm32f1xx_it.o(i.UsageFault_Handler)
    _Error_Handler                           0x08003b87   Thumb Code     2  main.o(i._Error_Handler)
    __0sprintf$8                             0x08003b89   Thumb Code    34  printf8.o(i.__0sprintf$8)
    __1sprintf$8                             0x08003b89   Thumb Code     0  printf8.o(i.__0sprintf$8)
    __2sprintf                               0x08003b89   Thumb Code     0  printf8.o(i.__0sprintf$8)
    __scatterload_copy                       0x08003bb1   Thumb Code    14  handlers.o(i.__scatterload_copy)
    __scatterload_null                       0x08003bbf   Thumb Code     2  handlers.o(i.__scatterload_null)
    __scatterload_zeroinit                   0x08003bc1   Thumb Code    14  handlers.o(i.__scatterload_zeroinit)
    clust2sect                               0x08004167   Thumb Code    28  ff.o(i.clust2sect)
    disk_initialize                          0x08004921   Thumb Code    36  diskio.o(i.disk_initialize)
    disk_ioctl                               0x08004949   Thumb Code    24  diskio.o(i.disk_ioctl)
    disk_read                                0x08004965   Thumb Code    24  diskio.o(i.disk_read)
    disk_status                              0x08004981   Thumb Code    18  diskio.o(i.disk_status)
    disk_write                               0x08004999   Thumb Code    24  diskio.o(i.disk_write)
    f_close                                  0x080049b5   Thumb Code    42  ff.o(i.f_close)
    f_lseek                                  0x080049df   Thumb Code   614  ff.o(i.f_lseek)
    f_mount                                  0x08004c45   Thumb Code    94  ff.o(i.f_mount)
    f_open                                   0x08004ca9   Thumb Code   492  ff.o(i.f_open)
    f_read                                   0x08004e99   Thumb Code   398  ff.o(i.f_read)
    f_sync                                   0x08005027   Thumb Code   162  ff.o(i.f_sync)
    f_write                                  0x080050c9   Thumb Code   454  ff.o(i.f_write)
    ff_convert                               0x08005291   Thumb Code    52  ccsbcs.o(i.ff_convert)
    ff_wtoupper                              0x080052c9   Thumb Code    28  ccsbcs.o(i.ff_wtoupper)
    get_fat                                  0x08005645   Thumb Code   230  ff.o(i.get_fat)
    get_fattime                              0x0800572b   Thumb Code     4  fatfs.o(i.get_fattime)
    main                                     0x0800581d   Thumb Code   164  main.o(i.main)
    put_fat                                  0x08005991   Thumb Code   286  ff.o(i.put_fat)
    read1                                    0x08005ab1   Thumb Code    46  main.o(i.read1)
    sd_ini                                   0x08005b55   Thumb Code   378  sd.o(i.sd_ini)
    write_f1                                 0x08005e6d   Thumb Code    70  main.o(i.write_f1)
    AHBPrescTable                            0x08005ec4   Data          16  system_stm32f1xx.o(.constdata)
    APBPrescTable                            0x08005ed4   Data           8  system_stm32f1xx.o(.constdata)
    Region$$Table$$Base                      0x08006458   Number         0  anon$$obj.o(Region$$Table)
    Region$$Table$$Limit                     0x08006478   Number         0  anon$$obj.o(Region$$Table)
    uwTick                                   0x20000000   Data           4  stm32f1xx_hal.o(.data)
    USBD_CDC_CfgHSDesc                       0x20000014   Data          67  usbd_cdc.o(.data)
    USBD_CDC_CfgFSDesc                       0x20000058   Data          67  usbd_cdc.o(.data)
    USBD_CDC_OtherSpeedCfgDesc               0x2000009c   Data          67  usbd_cdc.o(.data)
    USBD_CDC                                 0x200000e0   Data          56  usbd_cdc.o(.data)
    USBD_Interface_fops_FS                   0x2000011c   Data          16  usbd_cdc_if.o(.data)
    UserRxBufferFS                           0x2000012c   Data           8  usbd_cdc_if.o(.data)
    UserTxBufferFS                           0x20000134   Data           8  usbd_cdc_if.o(.data)
    FS_Desc                                  0x2000013c   Data          28  usbd_desc.o(.data)
    USBD_LangIDDesc                          0x20000158   Data           4  usbd_desc.o(.data)
    USBD_FS_DeviceDesc                       0x2000015c   Data          18  usbd_desc.o(.data)
    Byte1                                    0x20000170   Data           1  main.o(.data)
    result                                   0x20000171   Data           1  main.o(.data)
    Timer1                                   0x20000172   Data           2  main.o(.data)
    byteswritten                             0x20000174   Data           4  main.o(.data)
    bytesread                                0x20000178   Data           4  main.o(.data)
    fs                                       0x2000017c   Data           4  main.o(.data)
    retUSER                                  0x20000180   Data           1  fatfs.o(.data)
    USER_Path                                0x20000181   Data           4  fatfs.o(.data)
    USER_Driver                              0x20000188   Data          20  user_diskio.o(.data)
    sdinfo                                   0x2000019c   Data           1  sd.o(.data)
    SystemCoreClock                          0x200001a0   Data           4  system_stm32f1xx.o(.data)
    hUsbDeviceFS                             0x200001ac   Data         548  usb_device.o(.bss)
    hpcd_USB_FS                              0x200005f0   Data        1120  usbd_conf.o(.bss)
    USBD_StrDesc                             0x20000a50   Data         512  usbd_desc.o(.bss)
    hspi1                                    0x20000c50   Data          88  main.o(.bss)
    htim2                                    0x20000ca8   Data          64  main.o(.bss)
    huart1                                   0x20000ce8   Data          64  main.o(.bss)
    sect                                     0x20000d28   Data         512  main.o(.bss)
    SDFatFs                                  0x20000f28   Data        4144  main.o(.bss)
    MyFile                                   0x20001f58   Data        4140  main.o(.bss)
    str1                                     0x20002f84   Data          60  sd.o(.bss)
    disk                                     0x200031d8   Data          12  ff_gen_drv.o(.bss)
    __initial_sp                             0x200035e8   Data           0  startup_stm32f103xb.o(STACK)



==============================================================================

Memory Map of the image

  Image Entry point : 0x080000ed

  Load Region LR_IROM1 (Base: 0x08000000, Size: 0x00006624, Max: 0x00010000, ABSOLUTE, COMPRESSED[0x0000654c])

    Execution Region ER_IROM1 (Exec base: 0x08000000, Load base: 0x08000000, Size: 0x00006478, Max: 0x00010000, ABSOLUTE)

    Exec Addr    Load Addr    Size         Type   Attr      Idx    E Section Name        Object

    0x08000000   0x08000000   0x000000ec   Data   RO            3    RESET               startup_stm32f103xb.o
    0x080000ec   0x080000ec   0x00000000   Code   RO         4756  * .ARM.Collect$$$$00000000  mc_w.l(entry.o)
    0x080000ec   0x080000ec   0x00000004   Code   RO         5028    .ARM.Collect$$$$00000001  mc_w.l(entry2.o)
    0x080000f0   0x080000f0   0x00000004   Code   RO         5031    .ARM.Collect$$$$00000004  mc_w.l(entry5.o)
    0x080000f4   0x080000f4   0x00000000   Code   RO         5033    .ARM.Collect$$$$00000008  mc_w.l(entry7b.o)
    0x080000f4   0x080000f4   0x00000000   Code   RO         5035    .ARM.Collect$$$$0000000A  mc_w.l(entry8b.o)
    0x080000f4   0x080000f4   0x00000008   Code   RO         5036    .ARM.Collect$$$$0000000B  mc_w.l(entry9a.o)
    0x080000fc   0x080000fc   0x00000000   Code   RO         5038    .ARM.Collect$$$$0000000D  mc_w.l(entry10a.o)
    0x080000fc   0x080000fc   0x00000000   Code   RO         5040    .ARM.Collect$$$$0000000F  mc_w.l(entry11a.o)
    0x080000fc   0x080000fc   0x00000004   Code   RO         5029    .ARM.Collect$$$$00002712  mc_w.l(entry2.o)
    0x08000100   0x08000100   0x00000024   Code   RO            4    .text               startup_stm32f103xb.o
    0x08000124   0x08000124   0x00000020   Code   RO         4759    .text               mc_w.l(llushr.o)
    0x08000144   0x08000144   0x00000024   Code   RO         4761    .text               mc_w.l(memcpya.o)
    0x08000168   0x08000168   0x0000000e   Code   RO         4763    .text               mc_w.l(strlen.o)
    0x08000176   0x08000176   0x00000062   Code   RO         5047    .text               mc_w.l(uldiv.o)
    0x080001d8   0x080001d8   0x00000024   Code   RO         5060    .text               mc_w.l(init.o)
    0x080001fc   0x080001fc   0x0000001e   Code   RO         5063    .text               mc_w.l(llshl.o)
    0x0800021a   0x0800021a   0x00000056   Code   RO         5078    .text               mc_w.l(__dczerorl2.o)
    0x08000270   0x08000270   0x00000002   Code   RO         3471    i.BusFault_Handler  stm32f1xx_it.o
    0x08000272   0x08000272   0x00000004   Code   RO         3381    i.CDC_Control_FS    usbd_cdc_if.o
    0x08000276   0x08000276   0x00000004   Code   RO         3382    i.CDC_DeInit_FS     usbd_cdc_if.o
    0x0800027a   0x0800027a   0x00000002   PAD
    0x0800027c   0x0800027c   0x00000024   Code   RO         3383    i.CDC_Init_FS       usbd_cdc_if.o
    0x080002a0   0x080002a0   0x0000002c   Code   RO         3384    i.CDC_Receive_FS    usbd_cdc_if.o
    0x080002cc   0x080002cc   0x0000002c   Code   RO         3385    i.CDC_Transmit_FS   usbd_cdc_if.o
    0x080002f8   0x080002f8   0x00000002   Code   RO         3472    i.DebugMon_Handler  stm32f1xx_it.o
    0x080002fa   0x080002fa   0x00000006   Code   RO         4671    i.FATFS_LinkDriver  ff_gen_drv.o
    0x08000300   0x08000300   0x00000040   Code   RO         4672    i.FATFS_LinkDriverEx  ff_gen_drv.o
    0x08000340   0x08000340   0x00000006   Code   RO         4673    i.FATFS_UnLinkDriver  ff_gen_drv.o
    0x08000346   0x08000346   0x00000002   PAD
    0x08000348   0x08000348   0x00000034   Code   RO         4674    i.FATFS_UnLinkDriverEx  ff_gen_drv.o
    0x0800037c   0x0800037c   0x00000098   Code   RO         1838    i.HAL_DMA_Abort_IT  stm32f1xx_hal_dma.o
    0x08000414   0x08000414   0x0000001c   Code   RO         1938    i.HAL_Delay         stm32f1xx_hal.o
    0x08000430   0x08000430   0x000001bc   Code   RO          588    i.HAL_GPIO_Init     stm32f1xx_hal_gpio.o
    0x080005ec   0x080005ec   0x0000000a   Code   RO          592    i.HAL_GPIO_WritePin  stm32f1xx_hal_gpio.o
    0x080005f6   0x080005f6   0x00000002   PAD
    0x080005f8   0x080005f8   0x0000000c   Code   RO         1942    i.HAL_GetTick       stm32f1xx_hal.o
    0x08000604   0x08000604   0x00000010   Code   RO         1944    i.HAL_IncTick       stm32f1xx_hal.o
    0x08000614   0x08000614   0x00000024   Code   RO         1945    i.HAL_Init          stm32f1xx_hal.o
    0x08000638   0x08000638   0x00000028   Code   RO         1946    i.HAL_InitTick      stm32f1xx_hal.o
    0x08000660   0x08000660   0x00000084   Code   RO         3846    i.HAL_MspInit       stm32f1xx_hal_msp.o
    0x080006e4   0x080006e4   0x00000016   Code   RO         2074    i.HAL_NVIC_EnableIRQ  stm32f1xx_hal_cortex.o
    0x080006fa   0x080006fa   0x00000002   PAD
    0x080006fc   0x080006fc   0x00000040   Code   RO         2080    i.HAL_NVIC_SetPriority  stm32f1xx_hal_cortex.o
    0x0800073c   0x0800073c   0x00000024   Code   RO         2081    i.HAL_NVIC_SetPriorityGrouping  stm32f1xx_hal_cortex.o
    0x08000760   0x08000760   0x00000034   Code   RO          340    i.HAL_PCDEx_PMAConfig  stm32f1xx_hal_pcd_ex.o
    0x08000794   0x08000794   0x00000002   Code   RO         3571    i.HAL_PCDEx_SetConnectionState  usbd_conf.o
    0x08000796   0x08000796   0x0000000e   Code   RO         3573    i.HAL_PCD_DataInStageCallback  usbd_conf.o
    0x080007a4   0x080007a4   0x00000010   Code   RO         3574    i.HAL_PCD_DataOutStageCallback  usbd_conf.o
    0x080007b4   0x080007b4   0x00000040   Code   RO          379    i.HAL_PCD_EP_Close  stm32f1xx_hal_pcd.o
    0x080007f4   0x080007f4   0x00000048   Code   RO          380    i.HAL_PCD_EP_ClrStall  stm32f1xx_hal_pcd.o
    0x0800083c   0x0800083c   0x00000010   Code   RO          382    i.HAL_PCD_EP_GetRxCount  stm32f1xx_hal_pcd.o
    0x0800084c   0x0800084c   0x00000044   Code   RO          383    i.HAL_PCD_EP_Open   stm32f1xx_hal_pcd.o
    0x08000890   0x08000890   0x0000002e   Code   RO          384    i.HAL_PCD_EP_Receive  stm32f1xx_hal_pcd.o
    0x080008be   0x080008be   0x00000056   Code   RO          385    i.HAL_PCD_EP_SetStall  stm32f1xx_hal_pcd.o
    0x08000914   0x08000914   0x0000002a   Code   RO          386    i.HAL_PCD_EP_Transmit  stm32f1xx_hal_pcd.o
    0x0800093e   0x0800093e   0x0000010c   Code   RO          388    i.HAL_PCD_IRQHandler  stm32f1xx_hal_pcd.o
    0x08000a4a   0x08000a4a   0x00000002   PAD
    0x08000a4c   0x08000a4c   0x000000c0   Code   RO          391    i.HAL_PCD_Init      stm32f1xx_hal_pcd.o
    0x08000b0c   0x08000b0c   0x0000003c   Code   RO         3579    i.HAL_PCD_MspInit   usbd_conf.o
    0x08000b48   0x08000b48   0x0000001a   Code   RO         3580    i.HAL_PCD_ResetCallback  usbd_conf.o
    0x08000b62   0x08000b62   0x00000008   Code   RO         3581    i.HAL_PCD_ResumeCallback  usbd_conf.o
    0x08000b6a   0x08000b6a   0x00000008   Code   RO         3582    i.HAL_PCD_SOFCallback  usbd_conf.o
    0x08000b72   0x08000b72   0x00000028   Code   RO          397    i.HAL_PCD_SetAddress  stm32f1xx_hal_pcd.o
    0x08000b9a   0x08000b9a   0x0000000e   Code   RO         3583    i.HAL_PCD_SetupStageCallback  usbd_conf.o
    0x08000ba8   0x08000ba8   0x00000032   Code   RO          399    i.HAL_PCD_Start     stm32f1xx_hal_pcd.o
    0x08000bda   0x08000bda   0x00000002   PAD
    0x08000bdc   0x08000bdc   0x00000024   Code   RO         3584    i.HAL_PCD_SuspendCallback  usbd_conf.o
    0x08000c00   0x08000c00   0x000000ec   Code   RO         1422    i.HAL_RCCEx_PeriphCLKConfig  stm32f1xx_hal_rcc_ex.o
    0x08000cec   0x08000cec   0x00000154   Code   RO         1319    i.HAL_RCC_ClockConfig  stm32f1xx_hal_rcc.o
    0x08000e40   0x08000e40   0x0000000c   Code   RO         1324    i.HAL_RCC_GetHCLKFreq  stm32f1xx_hal_rcc.o
    0x08000e4c   0x08000e4c   0x00000020   Code   RO         1326    i.HAL_RCC_GetPCLK1Freq  stm32f1xx_hal_rcc.o
    0x08000e6c   0x08000e6c   0x00000020   Code   RO         1327    i.HAL_RCC_GetPCLK2Freq  stm32f1xx_hal_rcc.o
    0x08000e8c   0x08000e8c   0x0000006c   Code   RO         1328    i.HAL_RCC_GetSysClockFreq  stm32f1xx_hal_rcc.o
    0x08000ef8   0x08000ef8   0x00000304   Code   RO         1331    i.HAL_RCC_OscConfig  stm32f1xx_hal_rcc.o
    0x080011fc   0x080011fc   0x00000002   Code   RO         2671    i.HAL_SPI_ErrorCallback  stm32f1xx_hal_spi.o
    0x080011fe   0x080011fe   0x00000002   PAD
    0x08001200   0x08001200   0x000000c4   Code   RO         2674    i.HAL_SPI_IRQHandler  stm32f1xx_hal_spi.o
    0x080012c4   0x080012c4   0x00000082   Code   RO         2640    i.HAL_SPI_Init      stm32f1xx_hal_spi_ex.o
    0x08001346   0x08001346   0x00000002   PAD
    0x08001348   0x08001348   0x00000068   Code   RO         3848    i.HAL_SPI_MspInit   stm32f1xx_hal_msp.o
    0x080013b0   0x080013b0   0x000001d8   Code   RO         2684    i.HAL_SPI_TransmitReceive  stm32f1xx_hal_spi.o
    0x08001588   0x08001588   0x00000018   Code   RO         2083    i.HAL_SYSTICK_CLKSourceConfig  stm32f1xx_hal_cortex.o
    0x080015a0   0x080015a0   0x00000002   Code   RO         2084    i.HAL_SYSTICK_Callback  stm32f1xx_hal_cortex.o
    0x080015a2   0x080015a2   0x00000028   Code   RO         2085    i.HAL_SYSTICK_Config  stm32f1xx_hal_cortex.o
    0x080015ca   0x080015ca   0x00000008   Code   RO         2086    i.HAL_SYSTICK_IRQHandler  stm32f1xx_hal_cortex.o
    0x080015d2   0x080015d2   0x00000002   Code   RO           13    i.HAL_TIMEx_BreakCallback  stm32f1xx_hal_tim_ex.o
    0x080015d4   0x080015d4   0x00000002   Code   RO           14    i.HAL_TIMEx_CommutationCallback  stm32f1xx_hal_tim_ex.o
    0x080015d6   0x080015d6   0x00000050   Code   RO           30    i.HAL_TIMEx_MasterConfigSynchronization  stm32f1xx_hal_tim_ex.o
    0x08001626   0x08001626   0x00000036   Code   RO          653    i.HAL_TIM_Base_Init  stm32f1xx_hal_tim.o
    0x0800165c   0x0800165c   0x00000038   Code   RO         3850    i.HAL_TIM_Base_MspInit  stm32f1xx_hal_msp.o
    0x08001694   0x08001694   0x00000018   Code   RO          658    i.HAL_TIM_Base_Start_IT  stm32f1xx_hal_tim.o
    0x080016ac   0x080016ac   0x000000f2   Code   RO          662    i.HAL_TIM_ConfigClockSource  stm32f1xx_hal_tim.o
    0x0800179e   0x0800179e   0x00000002   Code   RO          682    i.HAL_TIM_IC_CaptureCallback  stm32f1xx_hal_tim.o
    0x080017a0   0x080017a0   0x00000166   Code   RO          695    i.HAL_TIM_IRQHandler  stm32f1xx_hal_tim.o
    0x08001906   0x08001906   0x00000002   Code   RO          698    i.HAL_TIM_OC_DelayElapsedCallback  stm32f1xx_hal_tim.o
    0x08001908   0x08001908   0x00000002   Code   RO          725    i.HAL_TIM_PWM_PulseFinishedCallback  stm32f1xx_hal_tim.o
    0x0800190a   0x0800190a   0x00000002   PAD
    0x0800190c   0x0800190c   0x00000018   Code   RO         3906    i.HAL_TIM_PeriodElapsedCallback  main.o
    0x08001924   0x08001924   0x00000002   Code   RO          736    i.HAL_TIM_TriggerCallback  stm32f1xx_hal_tim.o
    0x08001926   0x08001926   0x00000002   Code   RO         2335    i.HAL_UART_ErrorCallback  stm32f1xx_hal_uart.o
    0x08001928   0x08001928   0x00000110   Code   RO         2338    i.HAL_UART_IRQHandler  stm32f1xx_hal_uart.o
    0x08001a38   0x08001a38   0x00000062   Code   RO         2339    i.HAL_UART_Init     stm32f1xx_hal_uart.o
    0x08001a9a   0x08001a9a   0x00000002   PAD
    0x08001a9c   0x08001a9c   0x00000068   Code   RO         3852    i.HAL_UART_MspInit  stm32f1xx_hal_msp.o
    0x08001b04   0x08001b04   0x00000052   Code   RO         2344    i.HAL_UART_Receive_IT  stm32f1xx_hal_uart.o
    0x08001b56   0x08001b56   0x00000002   PAD
    0x08001b58   0x08001b58   0x00000034   Code   RO         3907    i.HAL_UART_RxCpltCallback  main.o
    0x08001b8c   0x08001b8c   0x0000003e   Code   RO         2349    i.HAL_UART_Transmit_IT  stm32f1xx_hal_uart.o
    0x08001bca   0x08001bca   0x00000002   Code   RO         2350    i.HAL_UART_TxCpltCallback  stm32f1xx_hal_uart.o
    0x08001bcc   0x08001bcc   0x00000002   Code   RO         3473    i.HardFault_Handler  stm32f1xx_it.o
    0x08001bce   0x08001bce   0x00000002   PAD
    0x08001bd0   0x08001bd0   0x0000001c   Code   RO         4029    i.MX_FATFS_Init     fatfs.o
    0x08001bec   0x08001bec   0x00000084   Code   RO         3908    i.MX_GPIO_Init      main.o
    0x08001c70   0x08001c70   0x00000040   Code   RO         3909    i.MX_SPI1_Init      main.o
    0x08001cb0   0x08001cb0   0x00000054   Code   RO         3910    i.MX_TIM2_Init      main.o
    0x08001d04   0x08001d04   0x00000038   Code   RO         3437    i.MX_USB_DEVICE_Init  usb_device.o
    0x08001d3c   0x08001d3c   0x00000002   Code   RO         3474    i.MemManage_Handler  stm32f1xx_it.o
    0x08001d3e   0x08001d3e   0x00000002   Code   RO         3475    i.NMI_Handler       stm32f1xx_it.o
    0x08001d40   0x08001d40   0x00000020   Code   RO         2087    i.NVIC_SetPriority  stm32f1xx_hal_cortex.o
    0x08001d60   0x08001d60   0x00000362   Code   RO          402    i.PCD_EP_ISR_Handler  stm32f1xx_hal_pcd.o
    0x080020c2   0x080020c2   0x00000002   Code   RO         3476    i.PendSV_Handler    stm32f1xx_it.o
    0x080020c4   0x080020c4   0x0000006c   Code   RO         3911    i.ReadLongFile      main.o
    0x08002130   0x08002130   0x00000014   Code   RO         4128    i.SD_PowerOn        sd.o
    0x08002144   0x08002144   0x00000056   Code   RO         4129    i.SD_Read_Block     sd.o
    0x0800219a   0x0800219a   0x00000064   Code   RO         4130    i.SD_Write_Block    sd.o
    0x080021fe   0x080021fe   0x00000002   PAD
    0x08002200   0x08002200   0x00000090   Code   RO         4131    i.SD_cmd            sd.o
    0x08002290   0x08002290   0x0000000c   Code   RO         3477    i.SPI1_IRQHandler   stm32f1xx_it.o
    0x0800229c   0x0800229c   0x00000020   Code   RO         2699    i.SPI_CheckFlag_BSY  stm32f1xx_hal_spi.o
    0x080022bc   0x080022bc   0x00000010   Code   RO         2703    i.SPI_DMAAbortOnError  stm32f1xx_hal_spi.o
    0x080022cc   0x080022cc   0x00000006   Code   RO         4132    i.SPI_ReceiveByte   sd.o
    0x080022d2   0x080022d2   0x00000006   Code   RO         4133    i.SPI_Release       sd.o
    0x080022d8   0x080022d8   0x00000096   Code   RO         2718    i.SPI_WaitFlagStateUntilTimeout  stm32f1xx_hal_spi.o
    0x0800236e   0x0800236e   0x00000020   Code   RO         4135    i.SPI_wait_ready    sd.o
    0x0800238e   0x0800238e   0x00000002   PAD
    0x08002390   0x08002390   0x00000038   Code   RO         4136    i.SPIx_WriteRead    sd.o
    0x080023c8   0x080023c8   0x00000002   Code   RO         3478    i.SVC_Handler       stm32f1xx_it.o
    0x080023ca   0x080023ca   0x0000000e   Code   RO         3479    i.SysTick_Handler   stm32f1xx_it.o
    0x080023d8   0x080023d8   0x00000078   Code   RO         3912    i.SystemClock_Config  main.o
    0x08002450   0x08002450   0x00000048   Code   RO         4207    i.SystemInit        system_stm32f1xx.o
    0x08002498   0x08002498   0x0000000c   Code   RO         3480    i.TIM2_IRQHandler   stm32f1xx_it.o
    0x080024a4   0x080024a4   0x0000006c   Code   RO          737    i.TIM_Base_SetConfig  stm32f1xx_hal_tim.o
    0x08002510   0x08002510   0x00000014   Code   RO          744    i.TIM_ETR_SetConfig  stm32f1xx_hal_tim.o
    0x08002524   0x08002524   0x00000010   Code   RO          745    i.TIM_ITRx_SetConfig  stm32f1xx_hal_tim.o
    0x08002534   0x08002534   0x00000022   Code   RO          751    i.TIM_TI1_ConfigInputStage  stm32f1xx_hal_tim.o
    0x08002556   0x08002556   0x00000024   Code   RO          753    i.TIM_TI2_ConfigInputStage  stm32f1xx_hal_tim.o
    0x0800257a   0x0800257a   0x00000010   Code   RO         2352    i.UART_DMAAbortOnError  stm32f1xx_hal_uart.o
    0x0800258a   0x0800258a   0x0000001c   Code   RO         2362    i.UART_EndRxTransfer  stm32f1xx_hal_uart.o
    0x080025a6   0x080025a6   0x00000096   Code   RO         2364    i.UART_Receive_IT   stm32f1xx_hal_uart.o
    0x0800263c   0x0800263c   0x00000170   Code   RO         2365    i.UART_SetConfig    stm32f1xx_hal_uart.o
    0x080027ac   0x080027ac   0x00000062   Code   RO         2366    i.UART_Transmit_IT  stm32f1xx_hal_uart.o
    0x0800280e   0x0800280e   0x00000002   PAD
    0x08002810   0x08002810   0x0000000c   Code   RO         3481    i.USART1_IRQHandler  stm32f1xx_it.o
    0x0800281c   0x0800281c   0x00000014   Code   RO         3146    i.USBD_CDC_DataIn   usbd_cdc.o
    0x08002830   0x08002830   0x0000002e   Code   RO         3147    i.USBD_CDC_DataOut  usbd_cdc.o
    0x0800285e   0x0800285e   0x0000003c   Code   RO         3148    i.USBD_CDC_DeInit   usbd_cdc.o
    0x0800289a   0x0800289a   0x00000024   Code   RO         3149    i.USBD_CDC_EP0_RxReady  usbd_cdc.o
    0x080028be   0x080028be   0x00000002   PAD
    0x080028c0   0x080028c0   0x0000000c   Code   RO         3150    i.USBD_CDC_GetDeviceQualifierDescriptor  usbd_cdc.o
    0x080028cc   0x080028cc   0x0000000c   Code   RO         3151    i.USBD_CDC_GetFSCfgDesc  usbd_cdc.o
    0x080028d8   0x080028d8   0x0000000c   Code   RO         3152    i.USBD_CDC_GetHSCfgDesc  usbd_cdc.o
    0x080028e4   0x080028e4   0x0000000c   Code   RO         3153    i.USBD_CDC_GetOtherSpeedCfgDesc  usbd_cdc.o
    0x080028f0   0x080028f0   0x00000088   Code   RO         3154    i.USBD_CDC_Init     usbd_cdc.o
    0x08002978   0x08002978   0x00000028   Code   RO         3155    i.USBD_CDC_ReceivePacket  usbd_cdc.o
    0x080029a0   0x080029a0   0x00000010   Code   RO         3156    i.USBD_CDC_RegisterInterface  usbd_cdc.o
    0x080029b0   0x080029b0   0x0000000c   Code   RO         3157    i.USBD_CDC_SetRxBuffer  usbd_cdc.o
    0x080029bc   0x080029bc   0x00000010   Code   RO         3158    i.USBD_CDC_SetTxBuffer  usbd_cdc.o
    0x080029cc   0x080029cc   0x00000070   Code   RO         3159    i.USBD_CDC_Setup    usbd_cdc.o
    0x08002a3c   0x08002a3c   0x00000030   Code   RO         3160    i.USBD_CDC_TransmitPacket  usbd_cdc.o
    0x08002a6c   0x08002a6c   0x0000000e   Code   RO         2987    i.USBD_ClrClassConfig  usbd_core.o
    0x08002a7a   0x08002a7a   0x00000010   Code   RO         3256    i.USBD_CtlContinueRx  usbd_ioreq.o
    0x08002a8a   0x08002a8a   0x00000010   Code   RO         3257    i.USBD_CtlContinueSendData  usbd_ioreq.o
    0x08002a9a   0x08002a9a   0x00000016   Code   RO         3316    i.USBD_CtlError     usbd_ctlreq.o
    0x08002ab0   0x08002ab0   0x0000001e   Code   RO         3258    i.USBD_CtlPrepareRx  usbd_ioreq.o
    0x08002ace   0x08002ace   0x00000016   Code   RO         3259    i.USBD_CtlReceiveStatus  usbd_ioreq.o
    0x08002ae4   0x08002ae4   0x0000001a   Code   RO         3260    i.USBD_CtlSendData  usbd_ioreq.o
    0x08002afe   0x08002afe   0x00000016   Code   RO         3261    i.USBD_CtlSendStatus  usbd_ioreq.o
    0x08002b14   0x08002b14   0x00000020   Code   RO         3778    i.USBD_FS_ConfigStrDescriptor  usbd_desc.o
    0x08002b34   0x08002b34   0x0000000c   Code   RO         3779    i.USBD_FS_DeviceDescriptor  usbd_desc.o
    0x08002b40   0x08002b40   0x00000024   Code   RO         3780    i.USBD_FS_InterfaceStrDescriptor  usbd_desc.o
    0x08002b64   0x08002b64   0x0000000c   Code   RO         3781    i.USBD_FS_LangIDStrDescriptor  usbd_desc.o
    0x08002b70   0x08002b70   0x00000028   Code   RO         3782    i.USBD_FS_ManufacturerStrDescriptor  usbd_desc.o
    0x08002b98   0x08002b98   0x0000002c   Code   RO         3783    i.USBD_FS_ProductStrDescriptor  usbd_desc.o
    0x08002bc4   0x08002bc4   0x00000024   Code   RO         3784    i.USBD_FS_SerialStrDescriptor  usbd_desc.o
    0x08002be8   0x08002be8   0x000000e0   Code   RO         3317    i.USBD_GetDescriptor  usbd_ctlreq.o
    0x08002cc8   0x08002cc8   0x00000046   Code   RO         3318    i.USBD_GetString    usbd_ctlreq.o
    0x08002d0e   0x08002d0e   0x0000002a   Code   RO         2989    i.USBD_Init         usbd_core.o
    0x08002d38   0x08002d38   0x00000020   Code   RO         3585    i.USBD_LL_ClearStallEP  usbd_conf.o
    0x08002d58   0x08002d58   0x00000020   Code   RO         3586    i.USBD_LL_CloseEP   usbd_conf.o
    0x08002d78   0x08002d78   0x000000aa   Code   RO         2990    i.USBD_LL_DataInStage  usbd_core.o
    0x08002e22   0x08002e22   0x0000006a   Code   RO         2991    i.USBD_LL_DataOutStage  usbd_core.o
    0x08002e8c   0x08002e8c   0x00000008   Code   RO         3590    i.USBD_LL_GetRxDataSize  usbd_conf.o
    0x08002e94   0x08002e94   0x000000a0   Code   RO         3591    i.USBD_LL_Init      usbd_conf.o
    0x08002f34   0x08002f34   0x0000001c   Code   RO         3592    i.USBD_LL_IsStallEP  usbd_conf.o
    0x08002f50   0x08002f50   0x00000026   Code   RO         3593    i.USBD_LL_OpenEP    usbd_conf.o
    0x08002f76   0x08002f76   0x00000020   Code   RO         3594    i.USBD_LL_PrepareReceive  usbd_conf.o
    0x08002f96   0x08002f96   0x0000003e   Code   RO         2996    i.USBD_LL_Reset     usbd_core.o
    0x08002fd4   0x08002fd4   0x0000000c   Code   RO         2997    i.USBD_LL_Resume    usbd_core.o
    0x08002fe0   0x08002fe0   0x00000018   Code   RO         2998    i.USBD_LL_SOF       usbd_core.o
    0x08002ff8   0x08002ff8   0x00000006   Code   RO         2999    i.USBD_LL_SetSpeed  usbd_core.o
    0x08002ffe   0x08002ffe   0x00000020   Code   RO         3595    i.USBD_LL_SetUSBAddress  usbd_conf.o
    0x0800301e   0x0800301e   0x0000005a   Code   RO         3000    i.USBD_LL_SetupStage  usbd_core.o
    0x08003078   0x08003078   0x00000020   Code   RO         3596    i.USBD_LL_StallEP   usbd_conf.o
    0x08003098   0x08003098   0x00000020   Code   RO         3597    i.USBD_LL_Start     usbd_conf.o
    0x080030b8   0x080030b8   0x00000012   Code   RO         3001    i.USBD_LL_Suspend   usbd_core.o
    0x080030ca   0x080030ca   0x00000020   Code   RO         3599    i.USBD_LL_Transmit  usbd_conf.o
    0x080030ea   0x080030ea   0x00000028   Code   RO         3319    i.USBD_ParseSetupRequest  usbd_ctlreq.o
    0x08003112   0x08003112   0x00000010   Code   RO         3002    i.USBD_RegisterClass  usbd_core.o
    0x08003122   0x08003122   0x00000016   Code   RO         3004    i.USBD_SetClassConfig  usbd_core.o
    0x08003138   0x08003138   0x00000074   Code   RO         3320    i.USBD_SetConfig    usbd_ctlreq.o
    0x080031ac   0x080031ac   0x0000000a   Code   RO         3005    i.USBD_Start        usbd_core.o
    0x080031b6   0x080031b6   0x000000f2   Code   RO         3321    i.USBD_StdDevReq    usbd_ctlreq.o
    0x080032a8   0x080032a8   0x000000dc   Code   RO         3322    i.USBD_StdEPReq     usbd_ctlreq.o
    0x08003384   0x08003384   0x00000034   Code   RO         3323    i.USBD_StdItfReq    usbd_ctlreq.o
    0x080033b8   0x080033b8   0x00000002   Code   RO         3600    i.USBD_static_free  usbd_conf.o
    0x080033ba   0x080033ba   0x00000002   PAD
    0x080033bc   0x080033bc   0x00000008   Code   RO         3601    i.USBD_static_malloc  usbd_conf.o
    0x080033c4   0x080033c4   0x0000025c   Code   RO         1644    i.USB_ActivateEndpoint  stm32f1xx_ll_usb.o
    0x08003620   0x08003620   0x00000004   Code   RO         1647    i.USB_CoreInit      stm32f1xx_ll_usb.o
    0x08003624   0x08003624   0x00000124   Code   RO         1649    i.USB_DeactivateEndpoint  stm32f1xx_ll_usb.o
    0x08003748   0x08003748   0x00000004   Code   RO         1650    i.USB_DevConnect    stm32f1xx_ll_usb.o
    0x0800374c   0x0800374c   0x00000004   Code   RO         1651    i.USB_DevDisconnect  stm32f1xx_ll_usb.o
    0x08003750   0x08003750   0x0000001e   Code   RO         1652    i.USB_DevInit       stm32f1xx_ll_usb.o
    0x0800376e   0x0800376e   0x0000000e   Code   RO         1653    i.USB_DisableGlobalInt  stm32f1xx_ll_usb.o
    0x0800377c   0x0800377c   0x00000004   Code   RO         1654    i.USB_EP0_OutStart  stm32f1xx_ll_usb.o
    0x08003780   0x08003780   0x0000006a   Code   RO         1655    i.USB_EPClearStall  stm32f1xx_ll_usb.o
    0x080037ea   0x080037ea   0x0000004a   Code   RO         1656    i.USB_EPSetStall    stm32f1xx_ll_usb.o
    0x08003834   0x08003834   0x000001aa   Code   RO         1657    i.USB_EPStartXfer   stm32f1xx_ll_usb.o
    0x080039de   0x080039de   0x0000000e   Code   RO         1658    i.USB_EnableGlobalInt  stm32f1xx_ll_usb.o
    0x080039ec   0x080039ec   0x0000000c   Code   RO         3482    i.USB_LP_CAN1_RX0_IRQHandler  stm32f1xx_it.o
    0x080039f8   0x080039f8   0x00000006   Code   RO         1665    i.USB_ReadInterrupts  stm32f1xx_ll_usb.o
    0x080039fe   0x080039fe   0x00000002   PAD
    0x08003a00   0x08003a00   0x0000001e   Code   RO         1666    i.USB_ReadPMA       stm32f1xx_ll_usb.o
    0x08003a1e   0x08003a1e   0x00000004   Code   RO         1668    i.USB_SetCurrentMode  stm32f1xx_ll_usb.o
    0x08003a22   0x08003a22   0x0000000c   Code   RO         1669    i.USB_SetDevAddress  stm32f1xx_ll_usb.o
    0x08003a2e   0x08003a2e   0x00000026   Code   RO         1671    i.USB_WritePMA      stm32f1xx_ll_usb.o
    0x08003a54   0x08003a54   0x00000020   Code   RO         4065    i.USER_initialize   user_diskio.o
    0x08003a74   0x08003a74   0x00000068   Code   RO         4066    i.USER_ioctl        user_diskio.o
    0x08003adc   0x08003adc   0x00000048   Code   RO         4067    i.USER_read         user_diskio.o
    0x08003b24   0x08003b24   0x00000010   Code   RO         4068    i.USER_status       user_diskio.o
    0x08003b34   0x08003b34   0x00000050   Code   RO         4069    i.USER_write        user_diskio.o
    0x08003b84   0x08003b84   0x00000002   Code   RO         3483    i.UsageFault_Handler  stm32f1xx_it.o
    0x08003b86   0x08003b86   0x00000002   Code   RO         3913    i._Error_Handler    main.o
    0x08003b88   0x08003b88   0x00000028   Code   RO         4976    i.__0sprintf$8      mc_w.l(printf8.o)
    0x08003bb0   0x08003bb0   0x0000000e   Code   RO         5072    i.__scatterload_copy  mc_w.l(handlers.o)
    0x08003bbe   0x08003bbe   0x00000002   Code   RO         5073    i.__scatterload_null  mc_w.l(handlers.o)
    0x08003bc0   0x08003bc0   0x0000000e   Code   RO         5074    i.__scatterload_zeroinit  mc_w.l(handlers.o)
    0x08003bce   0x08003bce   0x00000002   PAD
    0x08003bd0   0x08003bd0   0x00000410   Code   RO         4981    i._printf_core      mc_w.l(printf8.o)
    0x08003fe0   0x08003fe0   0x00000024   Code   RO         4982    i._printf_post_padding  mc_w.l(printf8.o)
    0x08004004   0x08004004   0x0000002e   Code   RO         4983    i._printf_pre_padding  mc_w.l(printf8.o)
    0x08004032   0x08004032   0x0000000a   Code   RO         4985    i._sputc            mc_w.l(printf8.o)
    0x0800403c   0x0800403c   0x00000060   Code   RO         4330    i.check_fs          ff.o
    0x0800409c   0x0800409c   0x00000010   Code   RO         4331    i.chk_chr           ff.o
    0x080040ac   0x080040ac   0x00000068   Code   RO         4332    i.chk_lock          ff.o
    0x08004114   0x08004114   0x00000024   Code   RO         4333    i.clear_lock        ff.o
    0x08004138   0x08004138   0x0000002e   Code   RO         4334    i.clmt_clust        ff.o
    0x08004166   0x08004166   0x0000001c   Code   RO         4335    i.clust2sect        ff.o
    0x08004182   0x08004182   0x000000a4   Code   RO         4336    i.create_chain      ff.o
    0x08004226   0x08004226   0x00000002   PAD
    0x08004228   0x08004228   0x00000204   Code   RO         4337    i.create_name       ff.o
    0x0800442c   0x0800442c   0x0000003c   Code   RO         4338    i.dec_lock          ff.o
    0x08004468   0x08004468   0x00000140   Code   RO         4339    i.dir_find          ff.o
    0x080045a8   0x080045a8   0x0000011c   Code   RO         4340    i.dir_next          ff.o
    0x080046c4   0x080046c4   0x000001c0   Code   RO         4342    i.dir_register      ff.o
    0x08004884   0x08004884   0x0000009a   Code   RO         4344    i.dir_sdi           ff.o
    0x0800491e   0x0800491e   0x00000002   PAD
    0x08004920   0x08004920   0x00000028   Code   RO         4275    i.disk_initialize   diskio.o
    0x08004948   0x08004948   0x0000001c   Code   RO         4276    i.disk_ioctl        diskio.o
    0x08004964   0x08004964   0x0000001c   Code   RO         4277    i.disk_read         diskio.o
    0x08004980   0x08004980   0x00000018   Code   RO         4278    i.disk_status       diskio.o
    0x08004998   0x08004998   0x0000001c   Code   RO         4279    i.disk_write        diskio.o
    0x080049b4   0x080049b4   0x0000002a   Code   RO         4346    i.f_close           ff.o
    0x080049de   0x080049de   0x00000266   Code   RO         4350    i.f_lseek           ff.o
    0x08004c44   0x08004c44   0x00000064   Code   RO         4353    i.f_mount           ff.o
    0x08004ca8   0x08004ca8   0x000001f0   Code   RO         4354    i.f_open            ff.o
    0x08004e98   0x08004e98   0x0000018e   Code   RO         4359    i.f_read            ff.o
    0x08005026   0x08005026   0x000000a2   Code   RO         4363    i.f_sync            ff.o
    0x080050c8   0x080050c8   0x000001c6   Code   RO         4367    i.f_write           ff.o
    0x0800528e   0x0800528e   0x00000002   PAD
    0x08005290   0x08005290   0x00000038   Code   RO         4721    i.ff_convert        ccsbcs.o
    0x080052c8   0x080052c8   0x00000024   Code   RO         4722    i.ff_wtoupper       ccsbcs.o
    0x080052ec   0x080052ec   0x0000026c   Code   RO         4368    i.find_volume       ff.o
    0x08005558   0x08005558   0x0000006a   Code   RO         4369    i.follow_path       ff.o
    0x080055c2   0x080055c2   0x00000002   PAD
    0x080055c4   0x080055c4   0x00000080   Code   RO         4370    i.gen_numname       ff.o
    0x08005644   0x08005644   0x000000e6   Code   RO         4371    i.get_fat           ff.o
    0x0800572a   0x0800572a   0x00000004   Code   RO         4030    i.get_fattime       fatfs.o
    0x0800572e   0x0800572e   0x0000003c   Code   RO         4373    i.get_ldnumber      ff.o
    0x0800576a   0x0800576a   0x00000002   PAD
    0x0800576c   0x0800576c   0x00000098   Code   RO         4374    i.inc_lock          ff.o
    0x08005804   0x08005804   0x00000016   Code   RO         4375    i.ld_clust          ff.o
    0x0800581a   0x0800581a   0x00000002   PAD
    0x0800581c   0x0800581c   0x0000011c   Code   RO         3914    i.main              main.o
    0x08005938   0x08005938   0x00000012   Code   RO         4376    i.mem_cpy           ff.o
    0x0800594a   0x0800594a   0x0000000e   Code   RO         4377    i.mem_set           ff.o
    0x08005958   0x08005958   0x00000038   Code   RO         4378    i.move_window       ff.o
    0x08005990   0x08005990   0x0000011e   Code   RO         4379    i.put_fat           ff.o
    0x08005aae   0x08005aae   0x00000002   PAD
    0x08005ab0   0x08005ab0   0x0000003c   Code   RO         3915    i.read1             main.o
    0x08005aec   0x08005aec   0x00000066   Code   RO         4381    i.remove_chain      ff.o
    0x08005b52   0x08005b52   0x00000002   PAD
    0x08005b54   0x08005b54   0x000001c8   Code   RO         4137    i.sd_ini            sd.o
    0x08005d1c   0x08005d1c   0x00000010   Code   RO         4382    i.st_clust          ff.o
    0x08005d2c   0x08005d2c   0x0000001a   Code   RO         4383    i.sum_sfn           ff.o
    0x08005d46   0x08005d46   0x000000a8   Code   RO         4384    i.sync_fs           ff.o
    0x08005dee   0x08005dee   0x00000052   Code   RO         4385    i.sync_window       ff.o
    0x08005e40   0x08005e40   0x0000002a   Code   RO         4386    i.validate          ff.o
    0x08005e6a   0x08005e6a   0x00000002   PAD
    0x08005e6c   0x08005e6c   0x00000058   Code   RO         3917    i.write_f1          main.o
    0x08005ec4   0x08005ec4   0x00000010   Data   RO         4208    .constdata          system_stm32f1xx.o
    0x08005ed4   0x08005ed4   0x00000008   Data   RO         4209    .constdata          system_stm32f1xx.o
    0x08005edc   0x08005edc   0x000000ba   Data   RO         4388    .constdata          ff.o
    0x08005f96   0x08005f96   0x000004c0   Data   RO         4723    .constdata          ccsbcs.o
    0x08006456   0x08006456   0x00000002   PAD
    0x08006458   0x08006458   0x00000020   Data   RO         5070    Region$$Table       anon$$obj.o


    Execution Region RW_IRAM1 (Exec base: 0x20000000, Load base: 0x08006478, Size: 0x000035e8, Max: 0x00005000, ABSOLUTE, COMPRESSED[0x000000d4])

    Exec Addr    Load Addr    Size         Type   Attr      Idx    E Section Name        Object

    0x20000000   COMPRESSED   0x00000004   Data   RW         1951    .data               stm32f1xx_hal.o
    0x20000004   COMPRESSED   0x000000db   Data   RW         3161    .data               usbd_cdc.o
    0x200000df   COMPRESSED   0x00000001   PAD
    0x200000e0   COMPRESSED   0x00000038   Data   RW         3162    .data               usbd_cdc.o
    0x20000118   COMPRESSED   0x00000001   Data   RW         3324    .data               usbd_ctlreq.o
    0x20000119   COMPRESSED   0x00000003   PAD
    0x2000011c   COMPRESSED   0x00000010   Data   RW         3386    .data               usbd_cdc_if.o
    0x2000012c   COMPRESSED   0x00000010   Data   RW         3387    .data               usbd_cdc_if.o
    0x2000013c   COMPRESSED   0x0000001c   Data   RW         3786    .data               usbd_desc.o
    0x20000158   COMPRESSED   0x00000016   Data   RW         3787    .data               usbd_desc.o
    0x2000016e   COMPRESSED   0x00000002   PAD
    0x20000170   COMPRESSED   0x00000010   Data   RW         3919    .data               main.o
    0x20000180   COMPRESSED   0x00000005   Data   RW         4031    .data               fatfs.o
    0x20000185   COMPRESSED   0x00000001   Data   RW         4070    .data               user_diskio.o
    0x20000186   COMPRESSED   0x00000002   PAD
    0x20000188   COMPRESSED   0x00000014   Data   RW         4071    .data               user_diskio.o
    0x2000019c   COMPRESSED   0x00000001   Data   RW         4139    .data               sd.o
    0x2000019d   COMPRESSED   0x00000003   PAD
    0x200001a0   COMPRESSED   0x00000004   Data   RW         4210    .data               system_stm32f1xx.o
    0x200001a4   COMPRESSED   0x00000008   Data   RW         4389    .data               ff.o
    0x200001ac        -       0x00000224   Zero   RW         3438    .bss                usb_device.o
    0x200003d0        -       0x00000680   Zero   RW         3602    .bss                usbd_conf.o
    0x20000a50        -       0x00000200   Zero   RW         3785    .bss                usbd_desc.o
    0x20000c50        -       0x00002334   Zero   RW         3918    .bss                main.o
    0x20002f84        -       0x0000003c   Zero   RW         4138    .bss                sd.o
    0x20002fc0        -       0x00000218   Zero   RW         4387    .bss                ff.o
    0x200031d8        -       0x0000000c   Zero   RW         4675    .bss                ff_gen_drv.o
    0x200031e4   COMPRESSED   0x00000004   PAD
    0x200031e8        -       0x00000400   Zero   RW            1    STACK               startup_stm32f103xb.o


==============================================================================

Image component sizes


      Code (inc. data)   RO Data    RW Data    ZI Data      Debug   Object Name

        92         12       1216          0          0       2375   ccsbcs.o
       148         22          0          0          0       3433   diskio.o
        32         10          0          5          0       1282   fatfs.o
      6666         90        186          8        536      38757   ff.o
       128          8          0          0         12       2719   ff_gen_drv.o
      1018        222          0         16       9012      13041   main.o
       906         98          0          1         60       6256   sd.o
        36          8        236          0       1024        776   startup_stm32f103xb.o
       132         22          0          4          0       3483   stm32f1xx_hal.o
       228         14          0          0          0      27169   stm32f1xx_hal_cortex.o
       152          4          0          0          0       1051   stm32f1xx_hal_dma.o
       454         36          0          0          0       2800   stm32f1xx_hal_gpio.o
       396         42          0          0          0       2638   stm32f1xx_hal_msp.o
      1810          0          0          0          0       9709   stm32f1xx_hal_pcd.o
        52          0          0          0          0       1126   stm32f1xx_hal_pcd_ex.o
      1296        104          0          0          0       5456   stm32f1xx_hal_rcc.o
       236         12          0          0          0       1336   stm32f1xx_hal_rcc_ex.o
       868          6          0          0          0       5543   stm32f1xx_hal_spi.o
       130          0          0          0          0       1015   stm32f1xx_hal_spi_ex.o
       900         14          0          0          0       9087   stm32f1xx_hal_tim.o
        84          0          0          0          0     449030   stm32f1xx_hal_tim_ex.o
      1178         10          0          0          0       7734   stm32f1xx_hal_uart.o
        78         24          0          0          0       5219   stm32f1xx_it.o
      1666          0          0          0          0      12183   stm32f1xx_ll_usb.o
        72         16         24          4          0       1079   system_stm32f1xx.o
        56         18          0          0        548        652   usb_device.o
       590         22          0        275          0      12206   usbd_cdc.o
       132         24          0         32          0       4718   usbd_cdc_if.o
       652         50          0          0       1664      12541   usbd_conf.o
       592          0          0          0          0      13156   usbd_core.o
       986         30          0          1          0       7516   usbd_ctlreq.o
       212        116          0         50        512       4691   usbd_desc.o
       132          0          0          0          0       4148   usbd_ioreq.o
       304         42          0         21          0       3881   user_diskio.o

    ----------------------------------------------------------------------
     22468       1076       1696        428      13372     677806   Object Totals
         0          0         32          0          0          0   (incl. Generated)
        54          0          2         11          4          0   (incl. Padding)

    ----------------------------------------------------------------------

      Code (inc. data)   RO Data    RW Data    ZI Data      Debug   Library Member Name

        86          0          0          0          0          0   __dczerorl2.o
         0          0          0          0          0          0   entry.o
         0          0          0          0          0          0   entry10a.o
         0          0          0          0          0          0   entry11a.o
         8          4          0          0          0          0   entry2.o
         4          0          0          0          0          0   entry5.o
         0          0          0          0          0          0   entry7b.o
         0          0          0          0          0          0   entry8b.o
         8          4          0          0          0          0   entry9a.o
        30          0          0          0          0          0   handlers.o
        36          8          0          0          0         68   init.o
        30          0          0          0          0         68   llshl.o
        32          0          0          0          0         68   llushr.o
        36          0          0          0          0         68   memcpya.o
      1172         50          0          0          0        420   printf8.o
        14          0          0          0          0         68   strlen.o
        98          0          0          0          0         92   uldiv.o

    ----------------------------------------------------------------------
      1556         66          0          0          0        852   Library Totals
         2          0          0          0          0          0   (incl. Padding)

    ----------------------------------------------------------------------

      Code (inc. data)   RO Data    RW Data    ZI Data      Debug   Library Name

      1554         66          0          0          0        852   mc_w.l

    ----------------------------------------------------------------------
      1556         66          0          0          0        852   Library Totals

    ----------------------------------------------------------------------

==============================================================================


      Code (inc. data)   RO Data    RW Data    ZI Data      Debug   

     24024       1142       1696        428      13372     665318   Grand Totals
     24024       1142       1696        212      13372     665318   ELF Image Totals (compressed)
     24024       1142       1696        212          0          0   ROM Totals

==============================================================================

    Total RO  Size (Code + RO Data)                25720 (  25.12kB)
    Total RW  Size (RW Data + ZI Data)             13800 (  13.48kB)
    Total ROM Size (Code + RO Data + RW Data)      25932 (  25.32kB)

==============================================================================

