<html>
<body>
<pre>
<h1>µVision Build Log</h1>
<h2>Tool Versions:</h2>
IDE-Version: µVision V5.24.2.0
Copyright (C) 2017 ARM Ltd and ARM Germany GmbH. All rights reserved.
License Information: 1 2, 3, LIC=----
 
Tool Versions:
Toolchain:       MDK-Lite  Version: 5.24.1
Toolchain Path:  C:\Keil_v5\ARM\ARMCC\Bin
C Compiler:      Armcc.exe V5.06 update 5 (build 528)
Assembler:       Armasm.exe V5.06 update 5 (build 528)
Linker/Locator:  ArmLink.exe V5.06 update 5 (build 528)
Library Manager: ArmAr.exe V5.06 update 5 (build 528)
Hex Converter:   FromElf.exe V5.06 update 5 (build 528)
CPU DLL:         SARMCM3.DLL V5.24.1
Dialog DLL:      DCM.DLL V1.16.0.0
Target DLL:      STLink\ST-LINKIII-KEIL_SWO.dll V3.0.1.0
Dialog DLL:      TCM.DLL V1.32.0.0
 
<h2>Project:</h2>
C:\keil workspace\sd_spi-git\MDK-ARM\usb-uart.uvprojx
Project File Date:  04/24/2018

<h2>Output:</h2>
*** Using Compiler 'V5.06 update 5 (build 528)', folder: 'C:\Keil_v5\ARM\ARMCC\Bin'
Rebuild target 'usb-uart'
assembling startup_stm32f103xb.s...
compiling stm32f1xx_hal_pcd_ex.c...
compiling stm32f1xx_hal_tim_ex.c...
compiling stm32f1xx_hal_pcd.c...
compiling stm32f1xx_hal_gpio.c...
compiling stm32f1xx_hal_gpio_ex.c...
compiling stm32f1xx_hal_tim.c...
compiling stm32f1xx_hal_rcc.c...
compiling stm32f1xx_hal_rcc_ex.c...
compiling stm32f1xx_hal_flash.c...
compiling stm32f1xx_hal_flash_ex.c...
compiling stm32f1xx_ll_usb.c...
compiling stm32f1xx_hal_dma.c...
compiling stm32f1xx_hal.c...
compiling stm32f1xx_hal_cortex.c...
compiling stm32f1xx_hal_pwr.c...
compiling stm32f1xx_hal_uart.c...
compiling stm32f1xx_hal_spi_ex.c...
compiling stm32f1xx_hal_spi.c...
compiling usbd_cdc.c...
compiling usbd_core.c...
compiling usbd_ioreq.c...
compiling usbd_cdc_if.c...
compiling usbd_ctlreq.c...
compiling usb_device.c...
compiling stm32f1xx_it.c...
compiling usbd_conf.c...
compiling usbd_desc.c...
compiling stm32f1xx_hal_msp.c...
compiling main.c...
../Src/main.c(158): warning:  #223-D: function "readLine" declared implicitly
  	readLine("svftarget_0.svf");
../Src/main.c(115): warning:  #177-D: variable "i"  was declared but never referenced
  	uint16_t i;
../Src/main.c(116): warning:  #177-D: variable "res"  was declared but never referenced
  	FRESULT res; //ðåçóëüòàò âûïîëíåíèÿ
../Src/main.c(117): warning:  #177-D: variable "wtext"  was declared but never referenced
  	uint8_t wtext[]="The first form of PIOMAP defines the I/O direction and logical name for each column, in the order the vector characters appear in the PIO statement. The first logical_name corresponds to the first character of the vector_string in PIO statements; the second logical_name corresponds to the second character of the vector_string; and so forth";
../Src/main.c(118): warning:  #177-D: variable "fileInfo"  was declared but never referenced
  	FILINFO fileInfo;
../Src/main.c(119): warning:  #177-D: variable "fn"  was declared but never referenced
  	char *fn;
../Src/main.c(120): warning:  #177-D: variable "dir"  was declared but never referenced
  	DIR dir;
../Src/main.c(121): warning:  #177-D: variable "fre_clust"  was declared but never referenced
  	DWORD fre_clust, fre_sect, tot_sect;
../Src/main.c(121): warning:  #177-D: variable "fre_sect"  was declared but never referenced
  	DWORD fre_clust, fre_sect, tot_sect;
../Src/main.c(121): warning:  #177-D: variable "tot_sect"  was declared but never referenced
  	DWORD fre_clust, fre_sect, tot_sect;
../Src/main.c: 10 warnings, 0 errors
compiling fatfs.c...
compiling user_diskio.c...
../Src/user_diskio.c(175): warning:  #111-D: statement is unreachable
      return RES_OK;
../Src/user_diskio.c(236): warning:  #223-D: function "CDC_Transmit_FS" declared implicitly
  CDC_Transmit_FS((uint8_t*)str1,strlen(str1));
../Src/user_diskio.c: 2 warnings, 0 errors
compiling sd.c...
compiling tap-ctrl.c...
tap-ctrl.c(788): warning:  #111-D: statement is unreachable
  	return ;
tap-ctrl.c(676): warning:  #550-D: variable "has_smask"  was set but never used
  	int has_tdi, has_tdo, has_mask, has_smask;
tap-ctrl.c(907): warning:  #111-D: statement is unreachable
  	return ;
tap-ctrl.c(795): warning:  #550-D: variable "has_smask"  was set but never used
  	int has_tdi, has_tdo, has_mask, has_smask;
tap-ctrl.c(797): warning:  #177-D: variable "b"  was declared but never referenced
  	unsigned char b;
tap-ctrl.c(799): warning:  #177-D: variable "pdst"  was declared but never referenced
  	unsigned char* pdst;
tap-ctrl.c(938): warning:  #177-D: variable "temp"  was declared but never referenced
  	char temp;
tap-ctrl.c: 7 warnings, 0 errors
compiling read-write.c...
read-write.c(163): warning:  #1-D: last line of file ends without a newline
  //}				
read-write.c: 1 warning, 0 errors
compiling system_stm32f1xx.c...
compiling syscall.c...
compiling diskio.c...
compiling ff.c...
compiling ff_gen_drv.c...
compiling ccsbcs.c...
linking...
Program Size: Code=28974 RO-data=2102 RW-data=512 ZI-data=18552  
"usb-uart\usb-uart.axf" - 0 Error(s), 20 Warning(s).

<h2>Software Packages used:</h2>

Package Vendor: ARM
                http://www.keil.com/pack/ARM.CMSIS.5.0.1.pack
                ARM.CMSIS.5.0.1
                CMSIS (Cortex Microcontroller Software Interface Standard)
   * Component: CORE Version: 5.0.1

Package Vendor: Keil
                http://www.keil.com/pack/Keil.STM32F1xx_DFP.2.2.0.pack
                Keil.STM32F1xx_DFP.2.2.0
                STMicroelectronics STM32F1 Series Device Support, Drivers and Examples

<h2>Collection of Component include folders:</h2>
  .\RTE\_usb-uart
  C:\Keil_v5\ARM\PACK\ARM\CMSIS\5.0.1\CMSIS\Include
  C:\Keil_v5\ARM\PACK\Keil\STM32F1xx_DFP\2.2.0\Device\Include

<h2>Collection of Component Files used:</h2>

   * Component: ARM::CMSIS:CORE:5.0.1
Build Time Elapsed:  00:01:02
</pre>
</body>
</html>
