<html>
<body>
<pre>
<h1>µVision Build Log</h1>
<h2>Tool Versions:</h2>
IDE-Version: µVision V5.24.2.0
Copyright (C) 2017 ARM Ltd and ARM Germany GmbH. All rights reserved.
License Information: 1 2, 3, LIC=----
 
Tool Versions:
Toolchain:       MDK-Lite  Version: 5.24.1
Toolchain Path:  C:\Keil_v5\ARM\ARMCC\Bin
C Compiler:      Armcc.exe V5.06 update 5 (build 528)
Assembler:       Armasm.exe V5.06 update 5 (build 528)
Linker/Locator:  ArmLink.exe V5.06 update 5 (build 528)
Library Manager: ArmAr.exe V5.06 update 5 (build 528)
Hex Converter:   FromElf.exe V5.06 update 5 (build 528)
CPU DLL:         SARMCM3.DLL V5.24.1
Dialog DLL:      DCM.DLL V1.16.0.0
Target DLL:      STLink\ST-LINKIII-KEIL_SWO.dll V3.0.1.0
Dialog DLL:      TCM.DLL V1.32.0.0
 
<h2>Project:</h2>
C:\keil workspace\sd_spi-git\MDK-ARM\usb-uart.uvprojx
Project File Date:  04/24/2018

<h2>Output:</h2>
*** Using Compiler 'V5.06 update 5 (build 528)', folder: 'C:\Keil_v5\ARM\ARMCC\Bin'
Build target 'usb-uart'
compiling tap-ctrl.c...
tap-ctrl.c(700): warning:  #177-D: variable "sec"  was declared but never referenced
  	float sec = 0;
tap-ctrl.c(794): warning:  #550-D: variable "has_tdi"  was set but never used
  	int has_tdi, has_tdo, has_mask, has_smask;
tap-ctrl.c(794): warning:  #550-D: variable "has_smask"  was set but never used
  	int has_tdi, has_tdo, has_mask, has_smask;
tap-ctrl.c(796): warning:  #177-D: variable "b"  was declared but never referenced
  	unsigned char b;
tap-ctrl.c(801): warning:  #177-D: variable "temp_tdi"  was declared but never referenced
  	unsigned char* pdest=NULL, *temp_tdo=NULL, *temp_tdi=NULL, *temp_mask=NULL;
tap-ctrl.c(926): warning:  #550-D: variable "has_tdi"  was set but never used
  	int has_tdi, has_tdo, has_mask;
tap-ctrl.c(932): warning:  #177-D: variable "temp_tdi"  was declared but never referenced
  	unsigned char* pdest=NULL, *temp_tdo=NULL, *temp_tdi=NULL, *temp_mask=NULL;
tap-ctrl.c(1163): warning:  #111-D: statement is unreachable
  	return;
tap-ctrl.c(1060): warning:  #550-D: variable "flag"  was set but never used
  	int flag = 0; //0 - tdo, 1 = tdi, 2 = mask, 3 = smask
tap-ctrl.c(1061): warning:  #550-D: variable "has_tdo"  was set but never used
  	int has_tdi, has_tdo, has_mask, has_smask;
tap-ctrl.c(1061): warning:  #177-D: variable "has_smask"  was declared but never referenced
  	int has_tdi, has_tdo, has_mask, has_smask;
tap-ctrl.c(1062): warning:  #177-D: variable "temp"  was declared but never referenced
  	int temp;
tap-ctrl.c(1065): warning:  #177-D: variable "pdst"  was declared but never referenced
  	unsigned char* pdst;
tap-ctrl.c(1068): warning:  #550-D: variable "temp_tdo"  was set but never used
  	unsigned char* pdest=NULL, *temp_tdo=NULL, *temp_tdi=NULL, *temp_mask=NULL;
tap-ctrl.c(1278): warning:  #177-D: variable "str"  was declared but never referenced
   char str[1];
tap-ctrl.c: 15 warnings, 0 errors
linking...
Program Size: Code=29950 RO-data=2102 RW-data=504 ZI-data=18552  
"usb-uart\usb-uart.axf" - 0 Error(s), 15 Warning(s).

<h2>Software Packages used:</h2>

Package Vendor: ARM
                http://www.keil.com/pack/ARM.CMSIS.5.0.1.pack
                ARM.CMSIS.5.0.1
                CMSIS (Cortex Microcontroller Software Interface Standard)
   * Component: CORE Version: 5.0.1

Package Vendor: Keil
                http://www.keil.com/pack/Keil.STM32F1xx_DFP.2.2.0.pack
                Keil.STM32F1xx_DFP.2.2.0
                STMicroelectronics STM32F1 Series Device Support, Drivers and Examples

<h2>Collection of Component include folders:</h2>
  .\RTE\_usb-uart
  C:\Keil_v5\ARM\PACK\ARM\CMSIS\5.0.1\CMSIS\Include
  C:\Keil_v5\ARM\PACK\Keil\STM32F1xx_DFP\2.2.0\Device\Include

<h2>Collection of Component Files used:</h2>

   * Component: ARM::CMSIS:CORE:5.0.1
Build Time Elapsed:  00:00:03
</pre>
</body>
</html>
