Component: ARM Compiler 5.06 update 5 (build 528) Tool: armlink [4d35e2]

==============================================================================

Section Cross References

    startup_stm32f103xb.o(RESET) refers to startup_stm32f103xb.o(STACK) for __initial_sp
    startup_stm32f103xb.o(RESET) refers to startup_stm32f103xb.o(.text) for Reset_Handler
    startup_stm32f103xb.o(RESET) refers to stm32f1xx_it.o(i.NMI_Handler) for NMI_Handler
    startup_stm32f103xb.o(RESET) refers to stm32f1xx_it.o(i.HardFault_Handler) for HardFault_Handler
    startup_stm32f103xb.o(RESET) refers to stm32f1xx_it.o(i.MemManage_Handler) for MemManage_Handler
    startup_stm32f103xb.o(RESET) refers to stm32f1xx_it.o(i.BusFault_Handler) for BusFault_Handler
    startup_stm32f103xb.o(RESET) refers to stm32f1xx_it.o(i.UsageFault_Handler) for UsageFault_Handler
    startup_stm32f103xb.o(RESET) refers to stm32f1xx_it.o(i.SVC_Handler) for SVC_Handler
    startup_stm32f103xb.o(RESET) refers to stm32f1xx_it.o(i.DebugMon_Handler) for DebugMon_Handler
    startup_stm32f103xb.o(RESET) refers to stm32f1xx_it.o(i.PendSV_Handler) for PendSV_Handler
    startup_stm32f103xb.o(RESET) refers to stm32f1xx_it.o(i.SysTick_Handler) for SysTick_Handler
    startup_stm32f103xb.o(RESET) refers to stm32f1xx_it.o(i.USB_LP_CAN1_RX0_IRQHandler) for USB_LP_CAN1_RX0_IRQHandler
    startup_stm32f103xb.o(RESET) refers to stm32f1xx_it.o(i.TIM2_IRQHandler) for TIM2_IRQHandler
    startup_stm32f103xb.o(RESET) refers to stm32f1xx_it.o(i.SPI1_IRQHandler) for SPI1_IRQHandler
    startup_stm32f103xb.o(RESET) refers to stm32f1xx_it.o(i.USART1_IRQHandler) for USART1_IRQHandler
    startup_stm32f103xb.o(.text) refers to system_stm32f1xx.o(i.SystemInit) for SystemInit
    startup_stm32f103xb.o(.text) refers to entry.o(.ARM.Collect$$$$00000000) for __main
    stm32f1xx_hal_tim_ex.o(i.HAL_TIMEx_ConfigCommutationEvent_DMA) refers to stm32f1xx_hal_tim_ex.o(i.TIMEx_DMACommutationCplt) for TIMEx_DMACommutationCplt
    stm32f1xx_hal_tim_ex.o(i.HAL_TIMEx_ConfigCommutationEvent_DMA) refers to stm32f1xx_hal_tim.o(i.TIM_DMAError) for TIM_DMAError
    stm32f1xx_hal_tim_ex.o(i.HAL_TIMEx_HallSensor_DeInit) refers to stm32f1xx_hal_tim_ex.o(i.HAL_TIMEx_HallSensor_MspDeInit) for HAL_TIMEx_HallSensor_MspDeInit
    stm32f1xx_hal_tim_ex.o(i.HAL_TIMEx_HallSensor_Init) refers to stm32f1xx_hal_tim_ex.o(i.HAL_TIMEx_HallSensor_MspInit) for HAL_TIMEx_HallSensor_MspInit
    stm32f1xx_hal_tim_ex.o(i.HAL_TIMEx_HallSensor_Init) refers to stm32f1xx_hal_tim.o(i.TIM_Base_SetConfig) for TIM_Base_SetConfig
    stm32f1xx_hal_tim_ex.o(i.HAL_TIMEx_HallSensor_Init) refers to stm32f1xx_hal_tim.o(i.TIM_TI1_SetConfig) for TIM_TI1_SetConfig
    stm32f1xx_hal_tim_ex.o(i.HAL_TIMEx_HallSensor_Init) refers to stm32f1xx_hal_tim.o(i.TIM_OC2_SetConfig) for TIM_OC2_SetConfig
    stm32f1xx_hal_tim_ex.o(i.HAL_TIMEx_HallSensor_Start) refers to stm32f1xx_hal_tim.o(i.TIM_CCxChannelCmd) for TIM_CCxChannelCmd
    stm32f1xx_hal_tim_ex.o(i.HAL_TIMEx_HallSensor_Start_DMA) refers to stm32f1xx_hal_tim.o(i.TIM_CCxChannelCmd) for TIM_CCxChannelCmd
    stm32f1xx_hal_tim_ex.o(i.HAL_TIMEx_HallSensor_Start_DMA) refers to stm32f1xx_hal_dma.o(i.HAL_DMA_Start_IT) for HAL_DMA_Start_IT
    stm32f1xx_hal_tim_ex.o(i.HAL_TIMEx_HallSensor_Start_DMA) refers to stm32f1xx_hal_tim.o(i.TIM_DMACaptureCplt) for TIM_DMACaptureCplt
    stm32f1xx_hal_tim_ex.o(i.HAL_TIMEx_HallSensor_Start_DMA) refers to stm32f1xx_hal_tim.o(i.TIM_DMAError) for TIM_DMAError
    stm32f1xx_hal_tim_ex.o(i.HAL_TIMEx_HallSensor_Start_IT) refers to stm32f1xx_hal_tim.o(i.TIM_CCxChannelCmd) for TIM_CCxChannelCmd
    stm32f1xx_hal_tim_ex.o(i.HAL_TIMEx_HallSensor_Stop) refers to stm32f1xx_hal_tim.o(i.TIM_CCxChannelCmd) for TIM_CCxChannelCmd
    stm32f1xx_hal_tim_ex.o(i.HAL_TIMEx_HallSensor_Stop_DMA) refers to stm32f1xx_hal_tim.o(i.TIM_CCxChannelCmd) for TIM_CCxChannelCmd
    stm32f1xx_hal_tim_ex.o(i.HAL_TIMEx_HallSensor_Stop_IT) refers to stm32f1xx_hal_tim.o(i.TIM_CCxChannelCmd) for TIM_CCxChannelCmd
    stm32f1xx_hal_tim_ex.o(i.HAL_TIMEx_OCN_Start) refers to stm32f1xx_hal_tim_ex.o(i.TIM_CCxNChannelCmd) for TIM_CCxNChannelCmd
    stm32f1xx_hal_tim_ex.o(i.HAL_TIMEx_OCN_Start_DMA) refers to stm32f1xx_hal_dma.o(i.HAL_DMA_Start_IT) for HAL_DMA_Start_IT
    stm32f1xx_hal_tim_ex.o(i.HAL_TIMEx_OCN_Start_DMA) refers to stm32f1xx_hal_tim_ex.o(i.TIM_CCxNChannelCmd) for TIM_CCxNChannelCmd
    stm32f1xx_hal_tim_ex.o(i.HAL_TIMEx_OCN_Start_DMA) refers to stm32f1xx_hal_tim.o(i.TIM_DMADelayPulseCplt) for TIM_DMADelayPulseCplt
    stm32f1xx_hal_tim_ex.o(i.HAL_TIMEx_OCN_Start_DMA) refers to stm32f1xx_hal_tim.o(i.TIM_DMAError) for TIM_DMAError
    stm32f1xx_hal_tim_ex.o(i.HAL_TIMEx_OCN_Start_IT) refers to stm32f1xx_hal_tim_ex.o(i.TIM_CCxNChannelCmd) for TIM_CCxNChannelCmd
    stm32f1xx_hal_tim_ex.o(i.HAL_TIMEx_OCN_Stop) refers to stm32f1xx_hal_tim_ex.o(i.TIM_CCxNChannelCmd) for TIM_CCxNChannelCmd
[...]
    ifalt                                    0x20000004   Data           1  usbd_cdc.o(.data)
    USBD_CDC_DeviceQualifierDesc             0x20000008   Data          10  usbd_cdc.o(.data)
    .data                                    0x200000e0   Section       56  usbd_cdc.o(.data)
    .data                                    0x20000118   Section        1  usbd_ctlreq.o(.data)
    cfgidx                                   0x20000118   Data           1  usbd_ctlreq.o(.data)
    .data                                    0x2000011c   Section       16  usbd_cdc_if.o(.data)
    .data                                    0x2000012c   Section       16  usbd_cdc_if.o(.data)
    .data                                    0x2000013c   Section       28  usbd_desc.o(.data)
    .data                                    0x20000158   Section       22  usbd_desc.o(.data)
    .data                                    0x2000016e   Section        4  main.o(.data)
    .data                                    0x20000172   Section        5  fatfs.o(.data)
    .data                                    0x20000177   Section        1  user_diskio.o(.data)
    Stat                                     0x20000177   Data           1  user_diskio.o(.data)
    .data                                    0x20000178   Section       20  user_diskio.o(.data)
    .data                                    0x2000018c   Section        1  sd.o(.data)
    .data                                    0x20000190   Section       80  tap-ctrl.o(.data)
    .data                                    0x200001e0   Section        4  system_stm32f1xx.o(.data)
    .data                                    0x200001e4   Section        8  ff.o(.data)
    Fsid                                     0x200001e4   Data           2  ff.o(.data)
    FatFs                                    0x200001e8   Data           4  ff.o(.data)
    .data                                    0x200001ec   Section        4  mvars.o(.data)
    .data                                    0x200001f0   Section        4  mvars.o(.data)
    .data                                    0x200001f4   Section        4  errno.o(.data)
    _errno                                   0x200001f4   Data           4  errno.o(.data)
    .bss                                     0x200001f8   Section      548  usb_device.o(.bss)
    .bss                                     0x2000041c   Section     1664  usbd_conf.o(.bss)
    mem                                      0x2000041c   Data         544  usbd_conf.o(.bss)
    .bss                                     0x20000a9c   Section      512  usbd_desc.o(.bss)
    .bss                                     0x20000c9c   Section     4360  main.o(.bss)
    .bss                                     0x20001da4   Section       60  sd.o(.bss)
    .bss                                     0x20001de0   Section     9320  tap-ctrl.o(.bss)
    .bss                                     0x20004248   Section      536  ff.o(.bss)
    Files                                    0x20004248   Data          24  ff.o(.bss)
    LfnBuf                                   0x20004260   Data         512  ff.o(.bss)
    .bss                                     0x20004460   Section       12  ff_gen_drv.o(.bss)
    HEAP                                     0x20004470   Section      512  startup_stm32f103xb.o(HEAP)
    STACK                                    0x20004670   Section     1024  startup_stm32f103xb.o(STACK)

    Global Symbols

    Symbol Name                              Value     Ov Type        Size  Object(Section)

    BuildAttributes$$THM_ISAv4$P$D$K$B$S$PE$A:L22UL41UL21$X:L11$S22US41US21$IEEE1$IW$USESV6$~STKCKD$USESV7$~SHL$OTIME$ROPI$IEEEJ$EBA8$MICROLIB$REQ8$PRES8$EABIv2 0x00000000   Number         0  anon$$obj.o ABSOLUTE
    __ARM_use_no_argv                        0x00000000   Number         0  main.o ABSOLUTE
    __cpp_initialize__aeabi_                  - Undefined Weak Reference
    __cxa_finalize                            - Undefined Weak Reference
    _clock_init                               - Undefined Weak Reference
    _microlib_exit                            - Undefined Weak Reference
    _scanf_longlong                           - Undefined Weak Reference
    __Vectors_Size                           0x000000ec   Number         0  startup_stm32f103xb.o ABSOLUTE
    __Vectors                                0x08000000   Data           4  startup_stm32f103xb.o(RESET)
    __Vectors_End                            0x080000ec   Data           0  startup_stm32f103xb.o(RESET)
    __main                                   0x080000ed   Thumb Code     0  entry.o(.ARM.Collect$$$$00000000)
    _main_stk                                0x080000ed   Thumb Code     0  entry2.o(.ARM.Collect$$$$00000001)
    _main_scatterload                        0x080000f1   Thumb Code     0  entry5.o(.ARM.Collect$$$$00000004)
    __main_after_scatterload                 0x080000f5   Thumb Code     0  entry5.o(.ARM.Collect$$$$00000004)
    _main_clock                              0x080000f5   Thumb Code     0  entry7b.o(.ARM.Collect$$$$00000008)
    _main_cpp_init                           0x080000f5   Thumb Code     0  entry8b.o(.ARM.Collect$$$$0000000A)
    _main_init                               0x080000f5   Thumb Code     0  entry9a.o(.ARM.Collect$$$$0000000B)
    __rt_final_cpp                           0x080000fd   Thumb Code     0  entry10a.o(.ARM.Collect$$$$0000000D)
    __rt_final_exit                          0x080000fd   Thumb Code     0  entry11a.o(.ARM.Collect$$$$0000000F)
    Reset_Handler                            0x08000101   Thumb Code     8  startup_stm32f103xb.o(.text)
    ADC1_2_IRQHandler                        0x0800011b   Thumb Code     0  startup_stm32f103xb.o(.text)
    CAN1_RX1_IRQHandler                      0x0800011b   Thumb Code     0  startup_stm32f103xb.o(.text)
    CAN1_SCE_IRQHandler                      0x0800011b   Thumb Code     0  startup_stm32f103xb.o(.text)
    DMA1_Channel1_IRQHandler                 0x0800011b   Thumb Code     0  startup_stm32f103xb.o(.text)
    DMA1_Channel2_IRQHandler                 0x0800011b   Thumb Code     0  startup_stm32f103xb.o(.text)
    DMA1_Channel3_IRQHandler                 0x0800011b   Thumb Code     0  startup_stm32f103xb.o(.text)
    DMA1_Channel4_IRQHandler                 0x0800011b   Thumb Code     0  startup_stm32f103xb.o(.text)
    DMA1_Channel5_IRQHandler                 0x0800011b   Thumb Code     0  startup_stm32f103xb.o(.text)
    DMA1_Channel6_IRQHandler                 0x0800011b   Thumb Code     0  startup_stm32f103xb.o(.text)
    DMA1_Channel7_IRQHandler                 0x0800011b   Thumb Code     0  startup_stm32f103xb.o(.text)
    EXTI0_IRQHandler                         0x0800011b   Thumb Code     0  startup_stm32f103xb.o(.text)
    EXTI15_10_IRQHandler                     0x0800011b   Thumb Code     0  startup_stm32f103xb.o(.text)
    EXTI1_IRQHandler                         0x0800011b   Thumb Code     0  startup_stm32f103xb.o(.text)
    EXTI2_IRQHandler                         0x0800011b   Thumb Code     0  startup_stm32f103xb.o(.text)
    EXTI3_IRQHandler                         0x0800011b   Thumb Code     0  startup_stm32f103xb.o(.text)
    EXTI4_IRQHandler                         0x0800011b   Thumb Code     0  startup_stm32f103xb.o(.text)
    EXTI9_5_IRQHandler                       0x0800011b   Thumb Code     0  startup_stm32f103xb.o(.text)
    FLASH_IRQHandler                         0x0800011b   Thumb Code     0  startup_stm32f103xb.o(.text)
    I2C1_ER_IRQHandler                       0x0800011b   Thumb Code     0  startup_stm32f103xb.o(.text)
    I2C1_EV_IRQHandler                       0x0800011b   Thumb Code     0  startup_stm32f103xb.o(.text)
    I2C2_ER_IRQHandler                       0x0800011b   Thumb Code     0  startup_stm32f103xb.o(.text)
    I2C2_EV_IRQHandler                       0x0800011b   Thumb Code     0  startup_stm32f103xb.o(.text)
    PVD_IRQHandler                           0x0800011b   Thumb Code     0  startup_stm32f103xb.o(.text)
    RCC_IRQHandler                           0x0800011b   Thumb Code     0  startup_stm32f103xb.o(.text)
    RTC_Alarm_IRQHandler                     0x0800011b   Thumb Code     0  startup_stm32f103xb.o(.text)
    RTC_IRQHandler                           0x0800011b   Thumb Code     0  startup_stm32f103xb.o(.text)
    SPI2_IRQHandler                          0x0800011b   Thumb Code     0  startup_stm32f103xb.o(.text)
    TAMPER_IRQHandler                        0x0800011b   Thumb Code     0  startup_stm32f103xb.o(.text)
    TIM1_BRK_IRQHandler                      0x0800011b   Thumb Code     0  startup_stm32f103xb.o(.text)
    TIM1_CC_IRQHandler                       0x0800011b   Thumb Code     0  startup_stm32f103xb.o(.text)
    TIM1_TRG_COM_IRQHandler                  0x0800011b   Thumb Code     0  startup_stm32f103xb.o(.text)
    TIM1_UP_IRQHandler                       0x0800011b   Thumb Code     0  startup_stm32f103xb.o(.text)
    TIM3_IRQHandler                          0x0800011b   Thumb Code     0  startup_stm32f103xb.o(.text)
    TIM4_IRQHandler                          0x0800011b   Thumb Code     0  startup_stm32f103xb.o(.text)
    USART2_IRQHandler                        0x0800011b   Thumb Code     0  startup_stm32f103xb.o(.text)
    USART3_IRQHandler                        0x0800011b   Thumb Code     0  startup_stm32f103xb.o(.text)
    USBWakeUp_IRQHandler                     0x0800011b   Thumb Code     0  startup_stm32f103xb.o(.text)
    USB_HP_CAN1_TX_IRQHandler                0x0800011b   Thumb Code     0  startup_stm32f103xb.o(.text)
    WWDG_IRQHandler                          0x0800011b   Thumb Code     0  startup_stm32f103xb.o(.text)
    __aeabi_llsr                             0x08000125   Thumb Code    32  llushr.o(.text)
    _ll_ushift_r                             0x08000125   Thumb Code     0  llushr.o(.text)
    __aeabi_memcpy                           0x08000145   Thumb Code    36  memcpya.o(.text)
    __aeabi_memcpy4                          0x08000145   Thumb Code     0  memcpya.o(.text)
    __aeabi_memcpy8                          0x08000145   Thumb Code     0  memcpya.o(.text)
    __aeabi_memset                           0x08000169   Thumb Code    14  memseta.o(.text)
    __aeabi_memset4                          0x08000169   Thumb Code     0  memseta.o(.text)
    __aeabi_memset8                          0x08000169   Thumb Code     0  memseta.o(.text)
    __aeabi_memclr                           0x08000177   Thumb Code     4  memseta.o(.text)
    __aeabi_memclr4                          0x08000177   Thumb Code     0  memseta.o(.text)
    __aeabi_memclr8                          0x08000177   Thumb Code     0  memseta.o(.text)
    _memset$wrapper                          0x0800017b   Thumb Code    18  memseta.o(.text)
    strlen                                   0x0800018d   Thumb Code    14  strlen.o(.text)
    strcmp                                   0x0800019b   Thumb Code    28  strcmp.o(.text)
    strncmp                                  0x080001b7   Thumb Code    30  strncmp.o(.text)
    __0sscanf                                0x080001d5   Thumb Code    48  __0sscanf.o(.text)
    _scanf_int                               0x0800020d   Thumb Code   332  _scanf_int.o(.text)
    _scanf_string                            0x08000359   Thumb Code   224  _scanf_str.o(.text)
    _scanf_real                              0x08000561   Thumb Code     0  scanf_fp.o(.text)
    _scanf_really_real                       0x08000561   Thumb Code   556  scanf_fp.o(.text)
    __aeabi_fmul                             0x08000799   Thumb Code   100  fmul.o(.text)
    __aeabi_fdiv                             0x080007fd   Thumb Code   124  fdiv.o(.text)
    __aeabi_i2f                              0x08000879   Thumb Code    18  fflti.o(.text)
    __aeabi_f2iz                             0x0800088b   Thumb Code    50  ffixi.o(.text)
    __aeabi_f2uiz                            0x080008bd   Thumb Code    40  ffixui.o(.text)
    __aeabi_d2f                              0x080008e5   Thumb Code    56  d2f.o(.text)
    __aeabi_cfcmpeq                          0x0800091d   Thumb Code     0  cfcmple.o(.text)
    __aeabi_cfcmple                          0x0800091d   Thumb Code    20  cfcmple.o(.text)
    _chval                                   0x08000931   Thumb Code    28  _chval.o(.text)
    __vfscanf_char                           0x08000959   Thumb Code    20  scanf_char.o(.text)
    _sgetc                                   0x08000975   Thumb Code    30  _sgetc.o(.text)
    _sbackspace                              0x08000993   Thumb Code    34  _sgetc.o(.text)
    __strtod_int                             0x080009eb   Thumb Code    90  strtod.o(.text)
    __I$use$fp                               0x08000a51   Thumb Code     0  iusefp.o(.text)
    _float_round                             0x08000a51   Thumb Code    18  fepilogue.o(.text)
    _float_epilogue                          0x08000a63   Thumb Code    92  fepilogue.o(.text)
    __aeabi_dmul                             0x08000abf   Thumb Code   228  dmul.o(.text)
    __aeabi_ddiv                             0x08000ba3   Thumb Code   222  ddiv.o(.text)
    __aeabi_ul2d                             0x08000c81   Thumb Code    24  dfltul.o(.text)
    __scatterload                            0x08000c99   Thumb Code    28  init.o(.text)
    __scatterload_rt2                        0x08000c99   Thumb Code     0  init.o(.text)
    isspace                                  0x08000cbd   Thumb Code    10  isspace_c.o(.text)
    __vfscanf                                0x08000cc9   Thumb Code   808  _scanf.o(.text)
    _double_round                            0x08000ff5   Thumb Code    30  depilogue.o(.text)
    _double_epilogue                         0x08001013   Thumb Code   156  depilogue.o(.text)
    __aeabi_llsl                             0x080010af   Thumb Code    30  llshl.o(.text)
    _ll_shift_l                              0x080010af   Thumb Code     0  llshl.o(.text)
    __ctype_lookup                           0x080010cd   Thumb Code    34  ctype_c.o(.text)
    __decompress                             0x080010f5   Thumb Code     0  __dczerorl2.o(.text)
    __decompress1                            0x080010f5   Thumb Code    86  __dczerorl2.o(.text)
    BusFault_Handler                         0x0800114b   Thumb Code     2  stm32f1xx_it.o(i.BusFault_Handler)
    CDC_Transmit_FS                          0x080011a5   Thumb Code    38  usbd_cdc_if.o(i.CDC_Transmit_FS)
    DebugMon_Handler                         0x080011d1   Thumb Code     2  stm32f1xx_it.o(i.DebugMon_Handler)
    ENDDRproc                                0x080011d5   Thumb Code    82  tap-ctrl.o(i.ENDDRproc)
    ENDIRproc                                0x0800125d   Thumb Code    82  tap-ctrl.o(i.ENDIRproc)
    FATFS_LinkDriver                         0x080012e5   Thumb Code     6  ff_gen_drv.o(i.FATFS_LinkDriver)
    FATFS_LinkDriverEx                       0x080012ed   Thumb Code    60  ff_gen_drv.o(i.FATFS_LinkDriverEx)
    FATFS_UnLinkDriver                       0x0800132d   Thumb Code     6  ff_gen_drv.o(i.FATFS_UnLinkDriver)
    FATFS_UnLinkDriverEx                     0x08001335   Thumb Code    48  ff_gen_drv.o(i.FATFS_UnLinkDriverEx)
    FREQUENCYproc                            0x08001369   Thumb Code    60  tap-ctrl.o(i.FREQUENCYproc)
    HAL_DMA_Abort_IT                         0x080013c1   Thumb Code   148  stm32f1xx_hal_dma.o(i.HAL_DMA_Abort_IT)
    HAL_Delay                                0x08001459   Thumb Code    28  stm32f1xx_hal.o(i.HAL_Delay)
    HAL_GPIO_Init                            0x08001475   Thumb Code   408  stm32f1xx_hal_gpio.o(i.HAL_GPIO_Init)
    HAL_GPIO_ReadPin                         0x08001631   Thumb Code    10  stm32f1xx_hal_gpio.o(i.HAL_GPIO_ReadPin)
    HAL_GPIO_WritePin                        0x0800163b   Thumb Code    10  stm32f1xx_hal_gpio.o(i.HAL_GPIO_WritePin)
    HAL_GetTick                              0x08001645   Thumb Code     6  stm32f1xx_hal.o(i.HAL_GetTick)
    HAL_IncTick                              0x08001651   Thumb Code    10  stm32f1xx_hal.o(i.HAL_IncTick)
    HAL_Init                                 0x08001661   Thumb Code    32  stm32f1xx_hal.o(i.HAL_Init)
    HAL_InitTick                             0x08001685   Thumb Code    34  stm32f1xx_hal.o(i.HAL_InitTick)
    HAL_MspInit                              0x080016ad   Thumb Code   122  stm32f1xx_hal_msp.o(i.HAL_MspInit)
    HAL_NVIC_EnableIRQ                       0x08001731   Thumb Code    22  stm32f1xx_hal_cortex.o(i.HAL_NVIC_EnableIRQ)
    HAL_NVIC_SetPriority                     0x08001749   Thumb Code    60  stm32f1xx_hal_cortex.o(i.HAL_NVIC_SetPriority)
    HAL_NVIC_SetPriorityGrouping             0x08001789   Thumb Code    26  stm32f1xx_hal_cortex.o(i.HAL_NVIC_SetPriorityGrouping)
    HAL_PCDEx_PMAConfig                      0x080017ad   Thumb Code    52  stm32f1xx_hal_pcd_ex.o(i.HAL_PCDEx_PMAConfig)
    HAL_PCDEx_SetConnectionState             0x080017e1   Thumb Code     2  usbd_conf.o(i.HAL_PCDEx_SetConnectionState)
    HAL_PCD_DataInStageCallback              0x080017e3   Thumb Code    14  usbd_conf.o(i.HAL_PCD_DataInStageCallback)
    HAL_PCD_DataOutStageCallback             0x080017f1   Thumb Code    16  usbd_conf.o(i.HAL_PCD_DataOutStageCallback)
    HAL_PCD_EP_Close                         0x08001801   Thumb Code    64  stm32f1xx_hal_pcd.o(i.HAL_PCD_EP_Close)
    HAL_PCD_EP_ClrStall                      0x08001841   Thumb Code    72  stm32f1xx_hal_pcd.o(i.HAL_PCD_EP_ClrStall)
    HAL_PCD_EP_GetRxCount                    0x08001889   Thumb Code    16  stm32f1xx_hal_pcd.o(i.HAL_PCD_EP_GetRxCount)
    HAL_PCD_EP_Open                          0x08001899   Thumb Code    68  stm32f1xx_hal_pcd.o(i.HAL_PCD_EP_Open)
    HAL_PCD_EP_Receive                       0x080018dd   Thumb Code    46  stm32f1xx_hal_pcd.o(i.HAL_PCD_EP_Receive)
    HAL_PCD_EP_SetStall                      0x0800190b   Thumb Code    86  stm32f1xx_hal_pcd.o(i.HAL_PCD_EP_SetStall)
    HAL_PCD_EP_Transmit                      0x08001961   Thumb Code    42  stm32f1xx_hal_pcd.o(i.HAL_PCD_EP_Transmit)
    HAL_PCD_IRQHandler                       0x0800198b   Thumb Code   268  stm32f1xx_hal_pcd.o(i.HAL_PCD_IRQHandler)
    HAL_PCD_Init                             0x08001a99   Thumb Code   192  stm32f1xx_hal_pcd.o(i.HAL_PCD_Init)
    HAL_PCD_MspInit                          0x08001b59   Thumb Code    50  usbd_conf.o(i.HAL_PCD_MspInit)
    HAL_PCD_ResetCallback                    0x08001b95   Thumb Code    26  usbd_conf.o(i.HAL_PCD_ResetCallback)
    HAL_PCD_ResumeCallback                   0x08001baf   Thumb Code     8  usbd_conf.o(i.HAL_PCD_ResumeCallback)
    HAL_PCD_SOFCallback                      0x08001bb7   Thumb Code     8  usbd_conf.o(i.HAL_PCD_SOFCallback)
    HAL_PCD_SetAddress                       0x08001bbf   Thumb Code    40  stm32f1xx_hal_pcd.o(i.HAL_PCD_SetAddress)
    HAL_PCD_SetupStageCallback               0x08001be7   Thumb Code    14  usbd_conf.o(i.HAL_PCD_SetupStageCallback)
    HAL_PCD_Start                            0x08001bf5   Thumb Code    50  stm32f1xx_hal_pcd.o(i.HAL_PCD_Start)
    HAL_PCD_SuspendCallback                  0x08001c29   Thumb Code    30  usbd_conf.o(i.HAL_PCD_SuspendCallback)
    HAL_RCCEx_PeriphCLKConfig                0x08001c4d   Thumb Code   224  stm32f1xx_hal_rcc_ex.o(i.HAL_RCCEx_PeriphCLKConfig)
    HAL_RCC_ClockConfig                      0x08001d39   Thumb Code   322  stm32f1xx_hal_rcc.o(i.HAL_RCC_ClockConfig)
    HAL_RCC_GetHCLKFreq                      0x08001e8d   Thumb Code     6  stm32f1xx_hal_rcc.o(i.HAL_RCC_GetHCLKFreq)
    HAL_RCC_GetPCLK1Freq                     0x08001e99   Thumb Code    20  stm32f1xx_hal_rcc.o(i.HAL_RCC_GetPCLK1Freq)
    HAL_RCC_GetPCLK2Freq                     0x08001eb9   Thumb Code    20  stm32f1xx_hal_rcc.o(i.HAL_RCC_GetPCLK2Freq)
    HAL_RCC_GetSysClockFreq                  0x08001ed9   Thumb Code    74  stm32f1xx_hal_rcc.o(i.HAL_RCC_GetSysClockFreq)
    HAL_RCC_OscConfig                        0x08001f45   Thumb Code   750  stm32f1xx_hal_rcc.o(i.HAL_RCC_OscConfig)
    HAL_SPI_ErrorCallback                    0x08002249   Thumb Code     2  stm32f1xx_hal_spi.o(i.HAL_SPI_ErrorCallback)
    HAL_SPI_IRQHandler                       0x0800224d   Thumb Code   190  stm32f1xx_hal_spi.o(i.HAL_SPI_IRQHandler)
    HAL_SPI_Init                             0x08002311   Thumb Code   130  stm32f1xx_hal_spi_ex.o(i.HAL_SPI_Init)
    HAL_SPI_MspInit                          0x08002395   Thumb Code    90  stm32f1xx_hal_msp.o(i.HAL_SPI_MspInit)
    HAL_SPI_TransmitReceive                  0x080023fd   Thumb Code   472  stm32f1xx_hal_spi.o(i.HAL_SPI_TransmitReceive)
    HAL_SYSTICK_CLKSourceConfig              0x080025d5   Thumb Code    24  stm32f1xx_hal_cortex.o(i.HAL_SYSTICK_CLKSourceConfig)
    HAL_SYSTICK_Callback                     0x080025ed   Thumb Code     2  stm32f1xx_hal_cortex.o(i.HAL_SYSTICK_Callback)
    HAL_SYSTICK_Config                       0x080025ef   Thumb Code    40  stm32f1xx_hal_cortex.o(i.HAL_SYSTICK_Config)
    HAL_SYSTICK_IRQHandler                   0x08002617   Thumb Code     8  stm32f1xx_hal_cortex.o(i.HAL_SYSTICK_IRQHandler)
    HAL_TIMEx_BreakCallback                  0x0800261f   Thumb Code     2  stm32f1xx_hal_tim_ex.o(i.HAL_TIMEx_BreakCallback)
    HAL_TIMEx_CommutationCallback            0x08002621   Thumb Code     2  stm32f1xx_hal_tim_ex.o(i.HAL_TIMEx_CommutationCallback)
    HAL_TIMEx_MasterConfigSynchronization    0x08002623   Thumb Code    80  stm32f1xx_hal_tim_ex.o(i.HAL_TIMEx_MasterConfigSynchronization)
    HAL_TIM_Base_Init                        0x08002673   Thumb Code    54  stm32f1xx_hal_tim.o(i.HAL_TIM_Base_Init)
    HAL_TIM_Base_MspInit                     0x080026a9   Thumb Code    50  stm32f1xx_hal_msp.o(i.HAL_TIM_Base_MspInit)
    HAL_TIM_Base_Start_IT                    0x080026e1   Thumb Code    24  stm32f1xx_hal_tim.o(i.HAL_TIM_Base_Start_IT)
    HAL_TIM_ConfigClockSource                0x080026f9   Thumb Code   242  stm32f1xx_hal_tim.o(i.HAL_TIM_ConfigClockSource)
    HAL_TIM_IC_CaptureCallback               0x080027eb   Thumb Code     2  stm32f1xx_hal_tim.o(i.HAL_TIM_IC_CaptureCallback)
    HAL_TIM_IRQHandler                       0x080027ed   Thumb Code   358  stm32f1xx_hal_tim.o(i.HAL_TIM_IRQHandler)
    HAL_TIM_OC_DelayElapsedCallback          0x08002953   Thumb Code     2  stm32f1xx_hal_tim.o(i.HAL_TIM_OC_DelayElapsedCallback)
    HAL_TIM_PWM_PulseFinishedCallback        0x08002955   Thumb Code     2  stm32f1xx_hal_tim.o(i.HAL_TIM_PWM_PulseFinishedCallback)
    HAL_TIM_PeriodElapsedCallback            0x08002959   Thumb Code    16  main.o(i.HAL_TIM_PeriodElapsedCallback)
    HAL_TIM_TriggerCallback                  0x08002971   Thumb Code     2  stm32f1xx_hal_tim.o(i.HAL_TIM_TriggerCallback)
    HAL_UART_ErrorCallback                   0x08002973   Thumb Code     2  stm32f1xx_hal_uart.o(i.HAL_UART_ErrorCallback)
    HAL_UART_IRQHandler                      0x08002975   Thumb Code   266  stm32f1xx_hal_uart.o(i.HAL_UART_IRQHandler)
    HAL_UART_Init                            0x08002a85   Thumb Code    98  stm32f1xx_hal_uart.o(i.HAL_UART_Init)
    HAL_UART_MspInit                         0x08002ae9   Thumb Code   100  stm32f1xx_hal_msp.o(i.HAL_UART_MspInit)
    HAL_UART_Receive_IT                      0x08002b5d   Thumb Code    82  stm32f1xx_hal_uart.o(i.HAL_UART_Receive_IT)
    HAL_UART_RxCpltCallback                  0x08002bb1   Thumb Code    40  main.o(i.HAL_UART_RxCpltCallback)
    HAL_UART_Transmit_IT                     0x08002be5   Thumb Code    62  stm32f1xx_hal_uart.o(i.HAL_UART_Transmit_IT)
    HAL_UART_TxCpltCallback                  0x08002c23   Thumb Code     2  stm32f1xx_hal_uart.o(i.HAL_UART_TxCpltCallback)
    HardFault_Handler                        0x08002c25   Thumb Code    16  stm32f1xx_it.o(i.HardFault_Handler)
    MX_FATFS_Init                            0x08002c49   Thumb Code    18  fatfs.o(i.MX_FATFS_Init)
    MX_USB_DEVICE_Init                       0x08002dd5   Thumb Code    38  usb_device.o(i.MX_USB_DEVICE_Init)
    MemManage_Handler                        0x08002e0d   Thumb Code     2  stm32f1xx_it.o(i.MemManage_Handler)
    NMI_Handler                              0x08002e0f   Thumb Code     2  stm32f1xx_it.o(i.NMI_Handler)
    PendSV_Handler                           0x08003193   Thumb Code     2  stm32f1xx_it.o(i.PendSV_Handler)
    RUNTESTproc                              0x08003195   Thumb Code   106  tap-ctrl.o(i.RUNTESTproc)
    SDRproc                                  0x0800321d   Thumb Code   334  tap-ctrl.o(i.SDRproc)
    SD_PowerOn                               0x080033f1   Thumb Code    14  sd.o(i.SD_PowerOn)
    SD_Read_Block                            0x08003405   Thumb Code    86  sd.o(i.SD_Read_Block)
    SD_Write_Block                           0x0800345b   Thumb Code   100  sd.o(i.SD_Write_Block)
    SIRfunct                                 0x08003551   Thumb Code   448  tap-ctrl.o(i.SIRfunct)
    SPI1_IRQHandler                          0x080037fd   Thumb Code     6  stm32f1xx_it.o(i.SPI1_IRQHandler)
    SPI_ReceiveByte                          0x08003839   Thumb Code     6  sd.o(i.SPI_ReceiveByte)
    SPI_Release                              0x0800383f   Thumb Code     6  sd.o(i.SPI_Release)
    SPI_wait_ready                           0x080038db   Thumb Code    32  sd.o(i.SPI_wait_ready)
    SPIx_WriteRead                           0x080038fd   Thumb Code    48  sd.o(i.SPIx_WriteRead)
    STATEproc                                0x08003935   Thumb Code    86  tap-ctrl.o(i.STATEproc)
    SVC_Handler                              0x080039bd   Thumb Code     2  stm32f1xx_it.o(i.SVC_Handler)
    SysTick_Handler                          0x080039bf   Thumb Code    14  stm32f1xx_it.o(i.SysTick_Handler)
    SystemClock_Config                       0x080039cd   Thumb Code   106  main.o(i.SystemClock_Config)
    SystemInit                               0x08003a39   Thumb Code    56  system_stm32f1xx.o(i.SystemInit)
    TIM2_IRQHandler                          0x08003a81   Thumb Code     6  stm32f1xx_it.o(i.TIM2_IRQHandler)
    TIM_Base_SetConfig                       0x08003a8d   Thumb Code    94  stm32f1xx_hal_tim.o(i.TIM_Base_SetConfig)
    TRSTproc                                 0x08003b65   Thumb Code   160  tap-ctrl.o(i.TRSTproc)
    USART1_IRQHandler                        0x08003ec9   Thumb Code     6  stm32f1xx_it.o(i.USART1_IRQHandler)
    USBD_CDC_GetDeviceQualifierDescriptor    0x08003f79   Thumb Code     8  usbd_cdc.o(i.USBD_CDC_GetDeviceQualifierDescriptor)
    USBD_CDC_ReceivePacket                   0x08004031   Thumb Code    40  usbd_cdc.o(i.USBD_CDC_ReceivePacket)
    USBD_CDC_RegisterInterface               0x08004059   Thumb Code    16  usbd_cdc.o(i.USBD_CDC_RegisterInterface)
    USBD_CDC_SetRxBuffer                     0x08004069   Thumb Code    12  usbd_cdc.o(i.USBD_CDC_SetRxBuffer)
    USBD_CDC_SetTxBuffer                     0x08004075   Thumb Code    16  usbd_cdc.o(i.USBD_CDC_SetTxBuffer)
    USBD_CDC_TransmitPacket                  0x080040f5   Thumb Code    48  usbd_cdc.o(i.USBD_CDC_TransmitPacket)
    USBD_ClrClassConfig                      0x08004125   Thumb Code    14  usbd_core.o(i.USBD_ClrClassConfig)
    USBD_CtlContinueRx                       0x08004133   Thumb Code    16  usbd_ioreq.o(i.USBD_CtlContinueRx)
    USBD_CtlContinueSendData                 0x08004143   Thumb Code    16  usbd_ioreq.o(i.USBD_CtlContinueSendData)
    USBD_CtlError                            0x08004153   Thumb Code    22  usbd_ctlreq.o(i.USBD_CtlError)
    USBD_CtlPrepareRx                        0x08004169   Thumb Code    30  usbd_ioreq.o(i.USBD_CtlPrepareRx)
    USBD_CtlReceiveStatus                    0x08004187   Thumb Code    22  usbd_ioreq.o(i.USBD_CtlReceiveStatus)
    USBD_CtlSendData                         0x0800419d   Thumb Code    26  usbd_ioreq.o(i.USBD_CtlSendData)
    USBD_CtlSendStatus                       0x080041b7   Thumb Code    22  usbd_ioreq.o(i.USBD_CtlSendStatus)
    USBD_FS_ConfigStrDescriptor              0x080041cd   Thumb Code    16  usbd_desc.o(i.USBD_FS_ConfigStrDescriptor)
    USBD_FS_DeviceDescriptor                 0x080041ed   Thumb Code     8  usbd_desc.o(i.USBD_FS_DeviceDescriptor)
    USBD_FS_InterfaceStrDescriptor           0x080041f9   Thumb Code    16  usbd_desc.o(i.USBD_FS_InterfaceStrDescriptor)
    USBD_FS_LangIDStrDescriptor              0x0800421d   Thumb Code     8  usbd_desc.o(i.USBD_FS_LangIDStrDescriptor)
    USBD_FS_ManufacturerStrDescriptor        0x08004229   Thumb Code    16  usbd_desc.o(i.USBD_FS_ManufacturerStrDescriptor)
    USBD_FS_ProductStrDescriptor             0x08004251   Thumb Code    16  usbd_desc.o(i.USBD_FS_ProductStrDescriptor)
    USBD_FS_SerialStrDescriptor              0x0800427d   Thumb Code    16  usbd_desc.o(i.USBD_FS_SerialStrDescriptor)
    USBD_GetString                           0x08004381   Thumb Code    70  usbd_ctlreq.o(i.USBD_GetString)
    USBD_Init                                0x080043c7   Thumb Code    42  usbd_core.o(i.USBD_Init)
    USBD_LL_ClearStallEP                     0x080043f1   Thumb Code    32  usbd_conf.o(i.USBD_LL_ClearStallEP)
    USBD_LL_CloseEP                          0x08004411   Thumb Code    32  usbd_conf.o(i.USBD_LL_CloseEP)
    USBD_LL_DataInStage                      0x08004431   Thumb Code   170  usbd_core.o(i.USBD_LL_DataInStage)
    USBD_LL_DataOutStage                     0x080044db   Thumb Code   106  usbd_core.o(i.USBD_LL_DataOutStage)
    USBD_LL_GetRxDataSize                    0x08004545   Thumb Code     8  usbd_conf.o(i.USBD_LL_GetRxDataSize)
    USBD_LL_Init                             0x0800454d   Thumb Code   130  usbd_conf.o(i.USBD_LL_Init)
    USBD_LL_IsStallEP                        0x080045ed   Thumb Code    28  usbd_conf.o(i.USBD_LL_IsStallEP)
    USBD_LL_OpenEP                           0x08004609   Thumb Code    38  usbd_conf.o(i.USBD_LL_OpenEP)
    USBD_LL_PrepareReceive                   0x0800462f   Thumb Code    32  usbd_conf.o(i.USBD_LL_PrepareReceive)
    USBD_LL_Reset                            0x0800464f   Thumb Code    62  usbd_core.o(i.USBD_LL_Reset)
    USBD_LL_Resume                           0x0800468d   Thumb Code    12  usbd_core.o(i.USBD_LL_Resume)
    USBD_LL_SOF                              0x08004699   Thumb Code    24  usbd_core.o(i.USBD_LL_SOF)
    USBD_LL_SetSpeed                         0x080046b1   Thumb Code     6  usbd_core.o(i.USBD_LL_SetSpeed)
    USBD_LL_SetUSBAddress                    0x080046b7   Thumb Code    32  usbd_conf.o(i.USBD_LL_SetUSBAddress)
    USBD_LL_SetupStage                       0x080046d7   Thumb Code    90  usbd_core.o(i.USBD_LL_SetupStage)
    USBD_LL_StallEP                          0x08004731   Thumb Code    32  usbd_conf.o(i.USBD_LL_StallEP)
    USBD_LL_Start                            0x08004751   Thumb Code    32  usbd_conf.o(i.USBD_LL_Start)
    USBD_LL_Suspend                          0x08004771   Thumb Code    18  usbd_core.o(i.USBD_LL_Suspend)
    USBD_LL_Transmit                         0x08004783   Thumb Code    32  usbd_conf.o(i.USBD_LL_Transmit)
    USBD_ParseSetupRequest                   0x080047a3   Thumb Code    40  usbd_ctlreq.o(i.USBD_ParseSetupRequest)
    USBD_RegisterClass                       0x080047cb   Thumb Code    16  usbd_core.o(i.USBD_RegisterClass)
    USBD_SetClassConfig                      0x080047db   Thumb Code    22  usbd_core.o(i.USBD_SetClassConfig)
    USBD_Start                               0x08004865   Thumb Code    10  usbd_core.o(i.USBD_Start)
    USBD_StdDevReq                           0x0800486f   Thumb Code   242  usbd_ctlreq.o(i.USBD_StdDevReq)
    USBD_StdEPReq                            0x08004961   Thumb Code   220  usbd_ctlreq.o(i.USBD_StdEPReq)
    USBD_StdItfReq                           0x08004a3d   Thumb Code    52  usbd_ctlreq.o(i.USBD_StdItfReq)
    USBD_static_free                         0x08004a71   Thumb Code     2  usbd_conf.o(i.USBD_static_free)
    USBD_static_malloc                       0x08004a75   Thumb Code     4  usbd_conf.o(i.USBD_static_malloc)
    USB_ActivateEndpoint                     0x08004a7d   Thumb Code   604  stm32f1xx_ll_usb.o(i.USB_ActivateEndpoint)
    USB_CoreInit                             0x08004cd9   Thumb Code     4  stm32f1xx_ll_usb.o(i.USB_CoreInit)
    USB_DeactivateEndpoint                   0x08004cdd   Thumb Code   292  stm32f1xx_ll_usb.o(i.USB_DeactivateEndpoint)
    USB_DevConnect                           0x08004e01   Thumb Code     4  stm32f1xx_ll_usb.o(i.USB_DevConnect)
    USB_DevDisconnect                        0x08004e05   Thumb Code     4  stm32f1xx_ll_usb.o(i.USB_DevDisconnect)
    USB_DevInit                              0x08004e09   Thumb Code    30  stm32f1xx_ll_usb.o(i.USB_DevInit)
    USB_DisableGlobalInt                     0x08004e27   Thumb Code    14  stm32f1xx_ll_usb.o(i.USB_DisableGlobalInt)
    USB_EP0_OutStart                         0x08004e35   Thumb Code     4  stm32f1xx_ll_usb.o(i.USB_EP0_OutStart)
    USB_EPClearStall                         0x08004e39   Thumb Code   106  stm32f1xx_ll_usb.o(i.USB_EPClearStall)
    USB_EPSetStall                           0x08004ea3   Thumb Code    74  stm32f1xx_ll_usb.o(i.USB_EPSetStall)
    USB_EPStartXfer                          0x08004eed   Thumb Code   426  stm32f1xx_ll_usb.o(i.USB_EPStartXfer)
    USB_EnableGlobalInt                      0x08005097   Thumb Code    14  stm32f1xx_ll_usb.o(i.USB_EnableGlobalInt)
    USB_LP_CAN1_RX0_IRQHandler               0x080050a5   Thumb Code     6  stm32f1xx_it.o(i.USB_LP_CAN1_RX0_IRQHandler)
    USB_ReadInterrupts                       0x080050b1   Thumb Code     6  stm32f1xx_ll_usb.o(i.USB_ReadInterrupts)
    USB_ReadPMA                              0x080050b9   Thumb Code    30  stm32f1xx_ll_usb.o(i.USB_ReadPMA)
    USB_SetCurrentMode                       0x080050d7   Thumb Code     4  stm32f1xx_ll_usb.o(i.USB_SetCurrentMode)
    USB_SetDevAddress                        0x080050db   Thumb Code    12  stm32f1xx_ll_usb.o(i.USB_SetDevAddress)
    USB_WritePMA                             0x080050e7   Thumb Code    38  stm32f1xx_ll_usb.o(i.USB_WritePMA)
    USER_initialize                          0x0800510d   Thumb Code    26  user_diskio.o(i.USER_initialize)
    USER_ioctl                               0x0800512d   Thumb Code    90  user_diskio.o(i.USER_ioctl)
    USER_read                                0x08005195   Thumb Code    62  user_diskio.o(i.USER_read)
    USER_status                              0x080051dd   Thumb Code    12  user_diskio.o(i.USER_status)
    USER_write                               0x080051ed   Thumb Code    72  user_diskio.o(i.USER_write)
    UsageFault_Handler                       0x0800523d   Thumb Code     2  stm32f1xx_it.o(i.UsageFault_Handler)
    _Error_Handler                           0x0800523f   Thumb Code     2  main.o(i._Error_Handler)
    __read_errno                             0x08005241   Thumb Code     6  errno.o(i.__read_errno)
    __scatterload_copy                       0x0800524d   Thumb Code    14  handlers.o(i.__scatterload_copy)
    __scatterload_null                       0x0800525b   Thumb Code     2  handlers.o(i.__scatterload_null)
    __scatterload_zeroinit                   0x0800525d   Thumb Code    14  handlers.o(i.__scatterload_zeroinit)
    __set_errno                              0x0800526d   Thumb Code     6  errno.o(i.__set_errno)
    _is_digit                                0x08005279   Thumb Code    14  scanf_fp.o(i._is_digit)
    alloc_buffer                             0x08005287   Thumb Code    28  tap-ctrl.o(i.alloc_buffer)
    atof                                     0x080052a3   Thumb Code    42  atof.o(i.atof)
    char2hex                                 0x080052cd   Thumb Code    42  tap-ctrl.o(i.char2hex)
    clust2sect                               0x08005423   Thumb Code    28  ff.o(i.clust2sect)
    disk_initialize                          0x08005bdd   Thumb Code    36  diskio.o(i.disk_initialize)
    disk_ioctl                               0x08005c05   Thumb Code    24  diskio.o(i.disk_ioctl)
    disk_read                                0x08005c21   Thumb Code    24  diskio.o(i.disk_read)
    disk_status                              0x08005c3d   Thumb Code    18  diskio.o(i.disk_status)
    disk_write                               0x08005c55   Thumb Code    24  diskio.o(i.disk_write)
    f_close                                  0x08005c71   Thumb Code    42  ff.o(i.f_close)
    f_gets                                   0x08005c9b   Thumb Code    72  ff.o(i.f_gets)
    f_mount                                  0x08005ce5   Thumb Code    94  ff.o(i.f_mount)
    f_open                                   0x08005d49   Thumb Code   492  ff.o(i.f_open)
    f_read                                   0x08005f39   Thumb Code   398  ff.o(i.f_read)
    f_sync                                   0x080060c7   Thumb Code   162  ff.o(i.f_sync)
    ff_convert                               0x08006169   Thumb Code    52  ccsbcs.o(i.ff_convert)
    ff_wtoupper                              0x080061a1   Thumb Code    28  ccsbcs.o(i.ff_wtoupper)
    free                                     0x0800649d   Thumb Code    76  malloc.o(i.free)
    free_data_buffer                         0x080064ed   Thumb Code    10  tap-ctrl.o(i.free_data_buffer)
    get_fat                                  0x08006579   Thumb Code   230  ff.o(i.get_fat)
    get_fattime                              0x0800665f   Thumb Code     4  fatfs.o(i.get_fattime)
    main                                     0x08006751   Thumb Code   146  main.o(i.main)
    malloc                                   0x08006829   Thumb Code    92  malloc.o(i.malloc)
    outputCharToTDI                          0x080068ed   Thumb Code    52  tap-ctrl.o(i.outputCharToTDI)
    processLine                              0x08006925   Thumb Code   440  tap-ctrl.o(i.processLine)
    pulseTCK                                 0x08006bcd   Thumb Code    44  tap-ctrl.o(i.pulseTCK)
    put_fat                                  0x08006c01   Thumb Code   286  ff.o(i.put_fat)
    readLine                                 0x08006d21   Thumb Code   170  tap-ctrl.o(i.readLine)
    readTDO                                  0x08006e25   Thumb Code   104  tap-ctrl.o(i.readTDO)
    read_hex_array_save                      0x08006e95   Thumb Code   198  tap-ctrl.o(i.read_hex_array_save)
    read_hex_array_send                      0x08006f99   Thumb Code   192  tap-ctrl.o(i.read_hex_array_send)
    sd_ini                                   0x080070dd   Thumb Code   306  sd.o(i.sd_ini)
    sendArray                                0x08007221   Thumb Code    26  tap-ctrl.o(i.sendArray)
    setTAPtoDRSHIFT                          0x0800723d   Thumb Code    94  tap-ctrl.o(i.setTAPtoDRSHIFT)
    setTAPtoIRSHIFT                          0x080072a1   Thumb Code    98  tap-ctrl.o(i.setTAPtoIRSHIFT)
    setTMSpath                               0x08007309   Thumb Code    54  tap-ctrl.o(i.setTMSpath)
    stateNavigate                            0x08007355   Thumb Code   338  tap-ctrl.o(i.stateNavigate)
    AHBPrescTable                            0x080075ea   Data          16  system_stm32f1xx.o(.constdata)
    APBPrescTable                            0x080075fa   Data           8  system_stm32f1xx.o(.constdata)
    __ctype_categories                       0x08007b7c   Data          64  ctype_c.o(.constdata)
    Region$$Table$$Base                      0x08007d14   Number         0  anon$$obj.o(Region$$Table)
    Region$$Table$$Limit                     0x08007d34   Number         0  anon$$obj.o(Region$$Table)
    uwTick                                   0x20000000   Data           4  stm32f1xx_hal.o(.data)
    USBD_CDC_CfgHSDesc                       0x20000014   Data          67  usbd_cdc.o(.data)
    USBD_CDC_CfgFSDesc                       0x20000058   Data          67  usbd_cdc.o(.data)
    USBD_CDC_OtherSpeedCfgDesc               0x2000009c   Data          67  usbd_cdc.o(.data)
    USBD_CDC                                 0x200000e0   Data          56  usbd_cdc.o(.data)
    USBD_Interface_fops_FS                   0x2000011c   Data          16  usbd_cdc_if.o(.data)
    UserRxBufferFS                           0x2000012c   Data           8  usbd_cdc_if.o(.data)
    UserTxBufferFS                           0x20000134   Data           8  usbd_cdc_if.o(.data)
    FS_Desc                                  0x2000013c   Data          28  usbd_desc.o(.data)
    USBD_LangIDDesc                          0x20000158   Data           4  usbd_desc.o(.data)
    USBD_FS_DeviceDesc                       0x2000015c   Data          18  usbd_desc.o(.data)
    Byte1                                    0x2000016e   Data           1  main.o(.data)
    Timer1                                   0x20000170   Data           2  main.o(.data)
    retUSER                                  0x20000172   Data           1  fatfs.o(.data)
    USER_Path                                0x20000173   Data           4  fatfs.o(.data)
    USER_Driver                              0x20000178   Data          20  user_diskio.o(.data)
    sdinfo                                   0x2000018c   Data           1  sd.o(.data)
    currentState                             0x20000190   Data           4  tap-ctrl.o(.data)
    ENDIRstate                               0x20000194   Data           4  tap-ctrl.o(.data)
    ENDDRstate                               0x20000198   Data           4  tap-ctrl.o(.data)
    tckDelay                                 0x2000019c   Data           4  tap-ctrl.o(.data)
    psdr_tdo_data                            0x200001a0   Data           4  tap-ctrl.o(.data)
    psdr_mask_data                           0x200001a4   Data           4  tap-ctrl.o(.data)
    psdr_smask_data                          0x200001a8   Data           4  tap-ctrl.o(.data)
    psir_tdo_data                            0x200001ac   Data           4  tap-ctrl.o(.data)
    psir_mask_data                           0x200001b0   Data           4  tap-ctrl.o(.data)
    psir_smask_data                          0x200001b4   Data           4  tap-ctrl.o(.data)
    sdr_data_size                            0x200001b8   Data           4  tap-ctrl.o(.data)
    sdr_tdi_sz                               0x200001bc   Data           4  tap-ctrl.o(.data)
    sdr_tdo_sz                               0x200001c0   Data           4  tap-ctrl.o(.data)
    sdr_mask_sz                              0x200001c4   Data           4  tap-ctrl.o(.data)
    sdr_smask_sz                             0x200001c8   Data           4  tap-ctrl.o(.data)
    sir_data_size                            0x200001cc   Data           4  tap-ctrl.o(.data)
    sir_tdi_sz                               0x200001d0   Data           4  tap-ctrl.o(.data)
    sir_tdo_sz                               0x200001d4   Data           4  tap-ctrl.o(.data)
    sir_mask_sz                              0x200001d8   Data           4  tap-ctrl.o(.data)
    sir_smask_sz                             0x200001dc   Data           4  tap-ctrl.o(.data)
    SystemCoreClock                          0x200001e0   Data           4  system_stm32f1xx.o(.data)
    __microlib_freelist                      0x200001ec   Data           4  mvars.o(.data)
    __microlib_freelist_initialised          0x200001f0   Data           4  mvars.o(.data)
    hUsbDeviceFS                             0x200001f8   Data         548  usb_device.o(.bss)
    hpcd_USB_FS                              0x2000063c   Data        1120  usbd_conf.o(.bss)
    USBD_StrDesc                             0x20000a9c   Data         512  usbd_desc.o(.bss)
    hspi1                                    0x20000c9c   Data          88  main.o(.bss)
    htim2                                    0x20000cf4   Data          64  main.o(.bss)
    huart1                                   0x20000d34   Data          64  main.o(.bss)
    SDFatFs                                  0x20000d74   Data        4144  main.o(.bss)
    str1                                     0x20001da4   Data          60  sd.o(.bss)
    SDFatFs1                                 0x20001de0   Data        4144  tap-ctrl.o(.bss)
    MyFile                                   0x20002e10   Data        4140  tap-ctrl.o(.bss)
    wordBuf                                  0x20003e3c   Data        1020  tap-ctrl.o(.bss)
    GPIO_InitStruct                          0x20004238   Data          16  tap-ctrl.o(.bss)
    disk                                     0x20004460   Data          12  ff_gen_drv.o(.bss)
    __heap_base                              0x20004470   Data           0  startup_stm32f103xb.o(HEAP)
    __heap_limit                             0x20004670   Data           0  startup_stm32f103xb.o(HEAP)
    __initial_sp                             0x20004a70   Data           0  startup_stm32f103xb.o(STACK)



==============================================================================

Memory Map of the image

  Image Entry point : 0x080000ed

  Load Region LR_IROM1 (Base: 0x08000000, Size: 0x00007f2c, Max: 0x00010000, ABSOLUTE, COMPRESSED[0x00007e0c])

    Execution Region ER_IROM1 (Exec base: 0x08000000, Load base: 0x08000000, Size: 0x00007d34, Max: 0x00010000, ABSOLUTE)

    Exec Addr    Load Addr    Size         Type   Attr      Idx    E Section Name        Object

    0x08000000   0x08000000   0x000000ec   Data   RO            3    RESET               startup_stm32f103xb.o
    0x080000ec   0x080000ec   0x00000000   Code   RO         4978  * .ARM.Collect$$$$00000000  mc_w.l(entry.o)
    0x080000ec   0x080000ec   0x00000004   Code   RO         5047    .ARM.Collect$$$$00000001  mc_w.l(entry2.o)
    0x080000f0   0x080000f0   0x00000004   Code   RO         5050    .ARM.Collect$$$$00000004  mc_w.l(entry5.o)
    0x080000f4   0x080000f4   0x00000000   Code   RO         5052    .ARM.Collect$$$$00000008  mc_w.l(entry7b.o)
    0x080000f4   0x080000f4   0x00000000   Code   RO         5054    .ARM.Collect$$$$0000000A  mc_w.l(entry8b.o)
    0x080000f4   0x080000f4   0x00000008   Code   RO         5055    .ARM.Collect$$$$0000000B  mc_w.l(entry9a.o)
    0x080000fc   0x080000fc   0x00000000   Code   RO         5057    .ARM.Collect$$$$0000000D  mc_w.l(entry10a.o)
    0x080000fc   0x080000fc   0x00000000   Code   RO         5059    .ARM.Collect$$$$0000000F  mc_w.l(entry11a.o)
    0x080000fc   0x080000fc   0x00000004   Code   RO         5048    .ARM.Collect$$$$00002712  mc_w.l(entry2.o)
    0x08000100   0x08000100   0x00000024   Code   RO            4    .text               startup_stm32f103xb.o
    0x08000124   0x08000124   0x00000020   Code   RO         4981    .text               mc_w.l(llushr.o)
    0x08000144   0x08000144   0x00000024   Code   RO         4983    .text               mc_w.l(memcpya.o)
    0x08000168   0x08000168   0x00000024   Code   RO         4985    .text               mc_w.l(memseta.o)
    0x0800018c   0x0800018c   0x0000000e   Code   RO         4987    .text               mc_w.l(strlen.o)
    0x0800019a   0x0800019a   0x0000001c   Code   RO         4989    .text               mc_w.l(strcmp.o)
    0x080001b6   0x080001b6   0x0000001e   Code   RO         4991    .text               mc_w.l(strncmp.o)
    0x080001d4   0x080001d4   0x00000038   Code   RO         5023    .text               mc_w.l(__0sscanf.o)
    0x0800020c   0x0800020c   0x0000014c   Code   RO         5025    .text               mc_w.l(_scanf_int.o)
    0x08000358   0x08000358   0x000000e0   Code   RO         5027    .text               mc_w.l(_scanf_str.o)
    0x08000438   0x08000438   0x00000360   Code   RO         5029    .text               mc_w.l(scanf_fp.o)
    0x08000798   0x08000798   0x00000064   Code   RO         5033    .text               mf_w.l(fmul.o)
    0x080007fc   0x080007fc   0x0000007c   Code   RO         5035    .text               mf_w.l(fdiv.o)
    0x08000878   0x08000878   0x00000012   Code   RO         5037    .text               mf_w.l(fflti.o)
    0x0800088a   0x0800088a   0x00000032   Code   RO         5039    .text               mf_w.l(ffixi.o)
    0x080008bc   0x080008bc   0x00000028   Code   RO         5041    .text               mf_w.l(ffixui.o)
    0x080008e4   0x080008e4   0x00000038   Code   RO         5043    .text               mf_w.l(d2f.o)
    0x0800091c   0x0800091c   0x00000014   Code   RO         5045    .text               mf_w.l(cfcmple.o)
    0x08000930   0x08000930   0x0000001c   Code   RO         5070    .text               mc_w.l(_chval.o)
    0x0800094c   0x0800094c   0x00000028   Code   RO         5072    .text               mc_w.l(scanf_char.o)
    0x08000974   0x08000974   0x00000040   Code   RO         5074    .text               mc_w.l(_sgetc.o)
    0x080009b4   0x080009b4   0x0000009c   Code   RO         5076    .text               mc_w.l(strtod.o)
    0x08000a50   0x08000a50   0x00000000   Code   RO         5078    .text               mc_w.l(iusefp.o)
    0x08000a50   0x08000a50   0x0000006e   Code   RO         5079    .text               mf_w.l(fepilogue.o)
    0x08000abe   0x08000abe   0x000000e4   Code   RO         5081    .text               mf_w.l(dmul.o)
    0x08000ba2   0x08000ba2   0x000000de   Code   RO         5083    .text               mf_w.l(ddiv.o)
    0x08000c80   0x08000c80   0x00000018   Code   RO         5085    .text               mf_w.l(dfltul.o)
    0x08000c98   0x08000c98   0x00000024   Code   RO         5087    .text               mc_w.l(init.o)
    0x08000cbc   0x08000cbc   0x0000000a   Code   RO         5089    .text               mc_w.l(isspace_c.o)
    0x08000cc6   0x08000cc6   0x00000002   PAD
    0x08000cc8   0x08000cc8   0x0000032c   Code   RO         5091    .text               mc_w.l(_scanf.o)
    0x08000ff4   0x08000ff4   0x000000ba   Code   RO         5093    .text               mf_w.l(depilogue.o)
    0x080010ae   0x080010ae   0x0000001e   Code   RO         5095    .text               mc_w.l(llshl.o)
    0x080010cc   0x080010cc   0x00000028   Code   RO         5097    .text               mc_w.l(ctype_c.o)
    0x080010f4   0x080010f4   0x00000056   Code   RO         5108    .text               mc_w.l(__dczerorl2.o)
    0x0800114a   0x0800114a   0x00000002   Code   RO         3471    i.BusFault_Handler  stm32f1xx_it.o
    0x0800114c   0x0800114c   0x00000004   Code   RO         3381    i.CDC_Control_FS    usbd_cdc_if.o
    0x08001150   0x08001150   0x00000004   Code   RO         3382    i.CDC_DeInit_FS     usbd_cdc_if.o
    0x08001154   0x08001154   0x00000024   Code   RO         3383    i.CDC_Init_FS       usbd_cdc_if.o
    0x08001178   0x08001178   0x0000002c   Code   RO         3384    i.CDC_Receive_FS    usbd_cdc_if.o
    0x080011a4   0x080011a4   0x0000002c   Code   RO         3385    i.CDC_Transmit_FS   usbd_cdc_if.o
    0x080011d0   0x080011d0   0x00000002   Code   RO         3472    i.DebugMon_Handler  stm32f1xx_it.o
    0x080011d2   0x080011d2   0x00000002   PAD
    0x080011d4   0x080011d4   0x00000088   Code   RO         4189    i.ENDDRproc         tap-ctrl.o
    0x0800125c   0x0800125c   0x00000088   Code   RO         4190    i.ENDIRproc         tap-ctrl.o
    0x080012e4   0x080012e4   0x00000006   Code   RO         4889    i.FATFS_LinkDriver  ff_gen_drv.o
    0x080012ea   0x080012ea   0x00000002   PAD
    0x080012ec   0x080012ec   0x00000040   Code   RO         4890    i.FATFS_LinkDriverEx  ff_gen_drv.o
    0x0800132c   0x0800132c   0x00000006   Code   RO         4891    i.FATFS_UnLinkDriver  ff_gen_drv.o
    0x08001332   0x08001332   0x00000002   PAD
    0x08001334   0x08001334   0x00000034   Code   RO         4892    i.FATFS_UnLinkDriverEx  ff_gen_drv.o
    0x08001368   0x08001368   0x00000058   Code   RO         4191    i.FREQUENCYproc     tap-ctrl.o
    0x080013c0   0x080013c0   0x00000098   Code   RO         1838    i.HAL_DMA_Abort_IT  stm32f1xx_hal_dma.o
    0x08001458   0x08001458   0x0000001c   Code   RO         1938    i.HAL_Delay         stm32f1xx_hal.o
    0x08001474   0x08001474   0x000001bc   Code   RO          588    i.HAL_GPIO_Init     stm32f1xx_hal_gpio.o
    0x08001630   0x08001630   0x0000000a   Code   RO          590    i.HAL_GPIO_ReadPin  stm32f1xx_hal_gpio.o
    0x0800163a   0x0800163a   0x0000000a   Code   RO          592    i.HAL_GPIO_WritePin  stm32f1xx_hal_gpio.o
    0x08001644   0x08001644   0x0000000c   Code   RO         1942    i.HAL_GetTick       stm32f1xx_hal.o
    0x08001650   0x08001650   0x00000010   Code   RO         1944    i.HAL_IncTick       stm32f1xx_hal.o
    0x08001660   0x08001660   0x00000024   Code   RO         1945    i.HAL_Init          stm32f1xx_hal.o
    0x08001684   0x08001684   0x00000028   Code   RO         1946    i.HAL_InitTick      stm32f1xx_hal.o
    0x080016ac   0x080016ac   0x00000084   Code   RO         3846    i.HAL_MspInit       stm32f1xx_hal_msp.o
    0x08001730   0x08001730   0x00000016   Code   RO         2074    i.HAL_NVIC_EnableIRQ  stm32f1xx_hal_cortex.o
    0x08001746   0x08001746   0x00000002   PAD
    0x08001748   0x08001748   0x00000040   Code   RO         2080    i.HAL_NVIC_SetPriority  stm32f1xx_hal_cortex.o
    0x08001788   0x08001788   0x00000024   Code   RO         2081    i.HAL_NVIC_SetPriorityGrouping  stm32f1xx_hal_cortex.o
    0x080017ac   0x080017ac   0x00000034   Code   RO          340    i.HAL_PCDEx_PMAConfig  stm32f1xx_hal_pcd_ex.o
    0x080017e0   0x080017e0   0x00000002   Code   RO         3571    i.HAL_PCDEx_SetConnectionState  usbd_conf.o
    0x080017e2   0x080017e2   0x0000000e   Code   RO         3573    i.HAL_PCD_DataInStageCallback  usbd_conf.o
    0x080017f0   0x080017f0   0x00000010   Code   RO         3574    i.HAL_PCD_DataOutStageCallback  usbd_conf.o
    0x08001800   0x08001800   0x00000040   Code   RO          379    i.HAL_PCD_EP_Close  stm32f1xx_hal_pcd.o
    0x08001840   0x08001840   0x00000048   Code   RO          380    i.HAL_PCD_EP_ClrStall  stm32f1xx_hal_pcd.o
    0x08001888   0x08001888   0x00000010   Code   RO          382    i.HAL_PCD_EP_GetRxCount  stm32f1xx_hal_pcd.o
    0x08001898   0x08001898   0x00000044   Code   RO          383    i.HAL_PCD_EP_Open   stm32f1xx_hal_pcd.o
    0x080018dc   0x080018dc   0x0000002e   Code   RO          384    i.HAL_PCD_EP_Receive  stm32f1xx_hal_pcd.o
    0x0800190a   0x0800190a   0x00000056   Code   RO          385    i.HAL_PCD_EP_SetStall  stm32f1xx_hal_pcd.o
    0x08001960   0x08001960   0x0000002a   Code   RO          386    i.HAL_PCD_EP_Transmit  stm32f1xx_hal_pcd.o
    0x0800198a   0x0800198a   0x0000010c   Code   RO          388    i.HAL_PCD_IRQHandler  stm32f1xx_hal_pcd.o
    0x08001a96   0x08001a96   0x00000002   PAD
    0x08001a98   0x08001a98   0x000000c0   Code   RO          391    i.HAL_PCD_Init      stm32f1xx_hal_pcd.o
    0x08001b58   0x08001b58   0x0000003c   Code   RO         3579    i.HAL_PCD_MspInit   usbd_conf.o
    0x08001b94   0x08001b94   0x0000001a   Code   RO         3580    i.HAL_PCD_ResetCallback  usbd_conf.o
    0x08001bae   0x08001bae   0x00000008   Code   RO         3581    i.HAL_PCD_ResumeCallback  usbd_conf.o
    0x08001bb6   0x08001bb6   0x00000008   Code   RO         3582    i.HAL_PCD_SOFCallback  usbd_conf.o
    0x08001bbe   0x08001bbe   0x00000028   Code   RO          397    i.HAL_PCD_SetAddress  stm32f1xx_hal_pcd.o
    0x08001be6   0x08001be6   0x0000000e   Code   RO         3583    i.HAL_PCD_SetupStageCallback  usbd_conf.o
    0x08001bf4   0x08001bf4   0x00000032   Code   RO          399    i.HAL_PCD_Start     stm32f1xx_hal_pcd.o
    0x08001c26   0x08001c26   0x00000002   PAD
    0x08001c28   0x08001c28   0x00000024   Code   RO         3584    i.HAL_PCD_SuspendCallback  usbd_conf.o
    0x08001c4c   0x08001c4c   0x000000ec   Code   RO         1422    i.HAL_RCCEx_PeriphCLKConfig  stm32f1xx_hal_rcc_ex.o
    0x08001d38   0x08001d38   0x00000154   Code   RO         1319    i.HAL_RCC_ClockConfig  stm32f1xx_hal_rcc.o
    0x08001e8c   0x08001e8c   0x0000000c   Code   RO         1324    i.HAL_RCC_GetHCLKFreq  stm32f1xx_hal_rcc.o
    0x08001e98   0x08001e98   0x00000020   Code   RO         1326    i.HAL_RCC_GetPCLK1Freq  stm32f1xx_hal_rcc.o
    0x08001eb8   0x08001eb8   0x00000020   Code   RO         1327    i.HAL_RCC_GetPCLK2Freq  stm32f1xx_hal_rcc.o
    0x08001ed8   0x08001ed8   0x0000006c   Code   RO         1328    i.HAL_RCC_GetSysClockFreq  stm32f1xx_hal_rcc.o
    0x08001f44   0x08001f44   0x00000304   Code   RO         1331    i.HAL_RCC_OscConfig  stm32f1xx_hal_rcc.o
    0x08002248   0x08002248   0x00000002   Code   RO         2671    i.HAL_SPI_ErrorCallback  stm32f1xx_hal_spi.o
    0x0800224a   0x0800224a   0x00000002   PAD
    0x0800224c   0x0800224c   0x000000c4   Code   RO         2674    i.HAL_SPI_IRQHandler  stm32f1xx_hal_spi.o
    0x08002310   0x08002310   0x00000082   Code   RO         2640    i.HAL_SPI_Init      stm32f1xx_hal_spi_ex.o
    0x08002392   0x08002392   0x00000002   PAD
    0x08002394   0x08002394   0x00000068   Code   RO         3848    i.HAL_SPI_MspInit   stm32f1xx_hal_msp.o
    0x080023fc   0x080023fc   0x000001d8   Code   RO         2684    i.HAL_SPI_TransmitReceive  stm32f1xx_hal_spi.o
    0x080025d4   0x080025d4   0x00000018   Code   RO         2083    i.HAL_SYSTICK_CLKSourceConfig  stm32f1xx_hal_cortex.o
    0x080025ec   0x080025ec   0x00000002   Code   RO         2084    i.HAL_SYSTICK_Callback  stm32f1xx_hal_cortex.o
    0x080025ee   0x080025ee   0x00000028   Code   RO         2085    i.HAL_SYSTICK_Config  stm32f1xx_hal_cortex.o
    0x08002616   0x08002616   0x00000008   Code   RO         2086    i.HAL_SYSTICK_IRQHandler  stm32f1xx_hal_cortex.o
    0x0800261e   0x0800261e   0x00000002   Code   RO           13    i.HAL_TIMEx_BreakCallback  stm32f1xx_hal_tim_ex.o
    0x08002620   0x08002620   0x00000002   Code   RO           14    i.HAL_TIMEx_CommutationCallback  stm32f1xx_hal_tim_ex.o
    0x08002622   0x08002622   0x00000050   Code   RO           30    i.HAL_TIMEx_MasterConfigSynchronization  stm32f1xx_hal_tim_ex.o
    0x08002672   0x08002672   0x00000036   Code   RO          653    i.HAL_TIM_Base_Init  stm32f1xx_hal_tim.o
    0x080026a8   0x080026a8   0x00000038   Code   RO         3850    i.HAL_TIM_Base_MspInit  stm32f1xx_hal_msp.o
    0x080026e0   0x080026e0   0x00000018   Code   RO          658    i.HAL_TIM_Base_Start_IT  stm32f1xx_hal_tim.o
    0x080026f8   0x080026f8   0x000000f2   Code   RO          662    i.HAL_TIM_ConfigClockSource  stm32f1xx_hal_tim.o
    0x080027ea   0x080027ea   0x00000002   Code   RO          682    i.HAL_TIM_IC_CaptureCallback  stm32f1xx_hal_tim.o
    0x080027ec   0x080027ec   0x00000166   Code   RO          695    i.HAL_TIM_IRQHandler  stm32f1xx_hal_tim.o
    0x08002952   0x08002952   0x00000002   Code   RO          698    i.HAL_TIM_OC_DelayElapsedCallback  stm32f1xx_hal_tim.o
    0x08002954   0x08002954   0x00000002   Code   RO          725    i.HAL_TIM_PWM_PulseFinishedCallback  stm32f1xx_hal_tim.o
    0x08002956   0x08002956   0x00000002   PAD
    0x08002958   0x08002958   0x00000018   Code   RO         3906    i.HAL_TIM_PeriodElapsedCallback  main.o
    0x08002970   0x08002970   0x00000002   Code   RO          736    i.HAL_TIM_TriggerCallback  stm32f1xx_hal_tim.o
    0x08002972   0x08002972   0x00000002   Code   RO         2335    i.HAL_UART_ErrorCallback  stm32f1xx_hal_uart.o
    0x08002974   0x08002974   0x00000110   Code   RO         2338    i.HAL_UART_IRQHandler  stm32f1xx_hal_uart.o
    0x08002a84   0x08002a84   0x00000062   Code   RO         2339    i.HAL_UART_Init     stm32f1xx_hal_uart.o
    0x08002ae6   0x08002ae6   0x00000002   PAD
    0x08002ae8   0x08002ae8   0x00000074   Code   RO         3852    i.HAL_UART_MspInit  stm32f1xx_hal_msp.o
    0x08002b5c   0x08002b5c   0x00000052   Code   RO         2344    i.HAL_UART_Receive_IT  stm32f1xx_hal_uart.o
    0x08002bae   0x08002bae   0x00000002   PAD
    0x08002bb0   0x08002bb0   0x00000034   Code   RO         3907    i.HAL_UART_RxCpltCallback  main.o
    0x08002be4   0x08002be4   0x0000003e   Code   RO         2349    i.HAL_UART_Transmit_IT  stm32f1xx_hal_uart.o
    0x08002c22   0x08002c22   0x00000002   Code   RO         2350    i.HAL_UART_TxCpltCallback  stm32f1xx_hal_uart.o
    0x08002c24   0x08002c24   0x00000024   Code   RO         3473    i.HardFault_Handler  stm32f1xx_it.o
    0x08002c48   0x08002c48   0x0000001c   Code   RO         4012    i.MX_FATFS_Init     fatfs.o
    0x08002c64   0x08002c64   0x000000f4   Code   RO         3908    i.MX_GPIO_Init      main.o
    0x08002d58   0x08002d58   0x00000038   Code   RO         3909    i.MX_SPI1_Init      main.o
    0x08002d90   0x08002d90   0x00000044   Code   RO         3910    i.MX_TIM2_Init      main.o
    0x08002dd4   0x08002dd4   0x00000038   Code   RO         3437    i.MX_USB_DEVICE_Init  usb_device.o
    0x08002e0c   0x08002e0c   0x00000002   Code   RO         3474    i.MemManage_Handler  stm32f1xx_it.o
    0x08002e0e   0x08002e0e   0x00000002   Code   RO         3475    i.NMI_Handler       stm32f1xx_it.o
    0x08002e10   0x08002e10   0x00000020   Code   RO         2087    i.NVIC_SetPriority  stm32f1xx_hal_cortex.o
    0x08002e30   0x08002e30   0x00000362   Code   RO          402    i.PCD_EP_ISR_Handler  stm32f1xx_hal_pcd.o
    0x08003192   0x08003192   0x00000002   Code   RO         3476    i.PendSV_Handler    stm32f1xx_it.o
    0x08003194   0x08003194   0x00000088   Code   RO         4196    i.RUNTESTproc       tap-ctrl.o
    0x0800321c   0x0800321c   0x000001d4   Code   RO         4197    i.SDRproc           tap-ctrl.o
    0x080033f0   0x080033f0   0x00000014   Code   RO         4111    i.SD_PowerOn        sd.o
    0x08003404   0x08003404   0x00000056   Code   RO         4112    i.SD_Read_Block     sd.o
    0x0800345a   0x0800345a   0x00000064   Code   RO         4113    i.SD_Write_Block    sd.o
    0x080034be   0x080034be   0x00000002   PAD
    0x080034c0   0x080034c0   0x00000090   Code   RO         4114    i.SD_cmd            sd.o
    0x08003550   0x08003550   0x000002ac   Code   RO         4198    i.SIRfunct          tap-ctrl.o
    0x080037fc   0x080037fc   0x0000000c   Code   RO         3477    i.SPI1_IRQHandler   stm32f1xx_it.o
    0x08003808   0x08003808   0x00000020   Code   RO         2699    i.SPI_CheckFlag_BSY  stm32f1xx_hal_spi.o
    0x08003828   0x08003828   0x00000010   Code   RO         2703    i.SPI_DMAAbortOnError  stm32f1xx_hal_spi.o
    0x08003838   0x08003838   0x00000006   Code   RO         4115    i.SPI_ReceiveByte   sd.o
    0x0800383e   0x0800383e   0x00000006   Code   RO         4116    i.SPI_Release       sd.o
    0x08003844   0x08003844   0x00000096   Code   RO         2718    i.SPI_WaitFlagStateUntilTimeout  stm32f1xx_hal_spi.o
    0x080038da   0x080038da   0x00000020   Code   RO         4118    i.SPI_wait_ready    sd.o
    0x080038fa   0x080038fa   0x00000002   PAD
    0x080038fc   0x080038fc   0x00000038   Code   RO         4119    i.SPIx_WriteRead    sd.o
    0x08003934   0x08003934   0x00000088   Code   RO         4200    i.STATEproc         tap-ctrl.o
    0x080039bc   0x080039bc   0x00000002   Code   RO         3478    i.SVC_Handler       stm32f1xx_it.o
    0x080039be   0x080039be   0x0000000e   Code   RO         3479    i.SysTick_Handler   stm32f1xx_it.o
    0x080039cc   0x080039cc   0x0000006a   Code   RO         3911    i.SystemClock_Config  main.o
    0x08003a36   0x08003a36   0x00000002   PAD
    0x08003a38   0x08003a38   0x00000048   Code   RO         4425    i.SystemInit        system_stm32f1xx.o
    0x08003a80   0x08003a80   0x0000000c   Code   RO         3480    i.TIM2_IRQHandler   stm32f1xx_it.o
    0x08003a8c   0x08003a8c   0x0000006c   Code   RO          737    i.TIM_Base_SetConfig  stm32f1xx_hal_tim.o
    0x08003af8   0x08003af8   0x00000014   Code   RO          744    i.TIM_ETR_SetConfig  stm32f1xx_hal_tim.o
    0x08003b0c   0x08003b0c   0x00000010   Code   RO          745    i.TIM_ITRx_SetConfig  stm32f1xx_hal_tim.o
    0x08003b1c   0x08003b1c   0x00000022   Code   RO          751    i.TIM_TI1_ConfigInputStage  stm32f1xx_hal_tim.o
    0x08003b3e   0x08003b3e   0x00000024   Code   RO          753    i.TIM_TI2_ConfigInputStage  stm32f1xx_hal_tim.o
    0x08003b62   0x08003b62   0x00000002   PAD
    0x08003b64   0x08003b64   0x000000cc   Code   RO         4203    i.TRSTproc          tap-ctrl.o
    0x08003c30   0x08003c30   0x00000010   Code   RO         2352    i.UART_DMAAbortOnError  stm32f1xx_hal_uart.o
    0x08003c40   0x08003c40   0x0000001c   Code   RO         2362    i.UART_EndRxTransfer  stm32f1xx_hal_uart.o
    0x08003c5c   0x08003c5c   0x00000096   Code   RO         2364    i.UART_Receive_IT   stm32f1xx_hal_uart.o
    0x08003cf2   0x08003cf2   0x00000002   PAD
    0x08003cf4   0x08003cf4   0x00000170   Code   RO         2365    i.UART_SetConfig    stm32f1xx_hal_uart.o
    0x08003e64   0x08003e64   0x00000062   Code   RO         2366    i.UART_Transmit_IT  stm32f1xx_hal_uart.o
    0x08003ec6   0x08003ec6   0x00000002   PAD
    0x08003ec8   0x08003ec8   0x0000000c   Code   RO         3481    i.USART1_IRQHandler  stm32f1xx_it.o
    0x08003ed4   0x08003ed4   0x00000014   Code   RO         3146    i.USBD_CDC_DataIn   usbd_cdc.o
    0x08003ee8   0x08003ee8   0x0000002e   Code   RO         3147    i.USBD_CDC_DataOut  usbd_cdc.o
    0x08003f16   0x08003f16   0x0000003c   Code   RO         3148    i.USBD_CDC_DeInit   usbd_cdc.o
    0x08003f52   0x08003f52   0x00000024   Code   RO         3149    i.USBD_CDC_EP0_RxReady  usbd_cdc.o
    0x08003f76   0x08003f76   0x00000002   PAD
    0x08003f78   0x08003f78   0x0000000c   Code   RO         3150    i.USBD_CDC_GetDeviceQualifierDescriptor  usbd_cdc.o
    0x08003f84   0x08003f84   0x0000000c   Code   RO         3151    i.USBD_CDC_GetFSCfgDesc  usbd_cdc.o
    0x08003f90   0x08003f90   0x0000000c   Code   RO         3152    i.USBD_CDC_GetHSCfgDesc  usbd_cdc.o
    0x08003f9c   0x08003f9c   0x0000000c   Code   RO         3153    i.USBD_CDC_GetOtherSpeedCfgDesc  usbd_cdc.o
    0x08003fa8   0x08003fa8   0x00000088   Code   RO         3154    i.USBD_CDC_Init     usbd_cdc.o
    0x08004030   0x08004030   0x00000028   Code   RO         3155    i.USBD_CDC_ReceivePacket  usbd_cdc.o
    0x08004058   0x08004058   0x00000010   Code   RO         3156    i.USBD_CDC_RegisterInterface  usbd_cdc.o
    0x08004068   0x08004068   0x0000000c   Code   RO         3157    i.USBD_CDC_SetRxBuffer  usbd_cdc.o
    0x08004074   0x08004074   0x00000010   Code   RO         3158    i.USBD_CDC_SetTxBuffer  usbd_cdc.o
    0x08004084   0x08004084   0x00000070   Code   RO         3159    i.USBD_CDC_Setup    usbd_cdc.o
    0x080040f4   0x080040f4   0x00000030   Code   RO         3160    i.USBD_CDC_TransmitPacket  usbd_cdc.o
    0x08004124   0x08004124   0x0000000e   Code   RO         2987    i.USBD_ClrClassConfig  usbd_core.o
    0x08004132   0x08004132   0x00000010   Code   RO         3256    i.USBD_CtlContinueRx  usbd_ioreq.o
    0x08004142   0x08004142   0x00000010   Code   RO         3257    i.USBD_CtlContinueSendData  usbd_ioreq.o
    0x08004152   0x08004152   0x00000016   Code   RO         3316    i.USBD_CtlError     usbd_ctlreq.o
    0x08004168   0x08004168   0x0000001e   Code   RO         3258    i.USBD_CtlPrepareRx  usbd_ioreq.o
    0x08004186   0x08004186   0x00000016   Code   RO         3259    i.USBD_CtlReceiveStatus  usbd_ioreq.o
    0x0800419c   0x0800419c   0x0000001a   Code   RO         3260    i.USBD_CtlSendData  usbd_ioreq.o
    0x080041b6   0x080041b6   0x00000016   Code   RO         3261    i.USBD_CtlSendStatus  usbd_ioreq.o
    0x080041cc   0x080041cc   0x00000020   Code   RO         3778    i.USBD_FS_ConfigStrDescriptor  usbd_desc.o
    0x080041ec   0x080041ec   0x0000000c   Code   RO         3779    i.USBD_FS_DeviceDescriptor  usbd_desc.o
    0x080041f8   0x080041f8   0x00000024   Code   RO         3780    i.USBD_FS_InterfaceStrDescriptor  usbd_desc.o
    0x0800421c   0x0800421c   0x0000000c   Code   RO         3781    i.USBD_FS_LangIDStrDescriptor  usbd_desc.o
    0x08004228   0x08004228   0x00000028   Code   RO         3782    i.USBD_FS_ManufacturerStrDescriptor  usbd_desc.o
    0x08004250   0x08004250   0x0000002c   Code   RO         3783    i.USBD_FS_ProductStrDescriptor  usbd_desc.o
    0x0800427c   0x0800427c   0x00000024   Code   RO         3784    i.USBD_FS_SerialStrDescriptor  usbd_desc.o
    0x080042a0   0x080042a0   0x000000e0   Code   RO         3317    i.USBD_GetDescriptor  usbd_ctlreq.o
    0x08004380   0x08004380   0x00000046   Code   RO         3318    i.USBD_GetString    usbd_ctlreq.o
    0x080043c6   0x080043c6   0x0000002a   Code   RO         2989    i.USBD_Init         usbd_core.o
    0x080043f0   0x080043f0   0x00000020   Code   RO         3585    i.USBD_LL_ClearStallEP  usbd_conf.o
    0x08004410   0x08004410   0x00000020   Code   RO         3586    i.USBD_LL_CloseEP   usbd_conf.o
    0x08004430   0x08004430   0x000000aa   Code   RO         2990    i.USBD_LL_DataInStage  usbd_core.o
    0x080044da   0x080044da   0x0000006a   Code   RO         2991    i.USBD_LL_DataOutStage  usbd_core.o
    0x08004544   0x08004544   0x00000008   Code   RO         3590    i.USBD_LL_GetRxDataSize  usbd_conf.o
    0x0800454c   0x0800454c   0x000000a0   Code   RO         3591    i.USBD_LL_Init      usbd_conf.o
    0x080045ec   0x080045ec   0x0000001c   Code   RO         3592    i.USBD_LL_IsStallEP  usbd_conf.o
    0x08004608   0x08004608   0x00000026   Code   RO         3593    i.USBD_LL_OpenEP    usbd_conf.o
    0x0800462e   0x0800462e   0x00000020   Code   RO         3594    i.USBD_LL_PrepareReceive  usbd_conf.o
    0x0800464e   0x0800464e   0x0000003e   Code   RO         2996    i.USBD_LL_Reset     usbd_core.o
    0x0800468c   0x0800468c   0x0000000c   Code   RO         2997    i.USBD_LL_Resume    usbd_core.o
    0x08004698   0x08004698   0x00000018   Code   RO         2998    i.USBD_LL_SOF       usbd_core.o
    0x080046b0   0x080046b0   0x00000006   Code   RO         2999    i.USBD_LL_SetSpeed  usbd_core.o
    0x080046b6   0x080046b6   0x00000020   Code   RO         3595    i.USBD_LL_SetUSBAddress  usbd_conf.o
    0x080046d6   0x080046d6   0x0000005a   Code   RO         3000    i.USBD_LL_SetupStage  usbd_core.o
    0x08004730   0x08004730   0x00000020   Code   RO         3596    i.USBD_LL_StallEP   usbd_conf.o
    0x08004750   0x08004750   0x00000020   Code   RO         3597    i.USBD_LL_Start     usbd_conf.o
    0x08004770   0x08004770   0x00000012   Code   RO         3001    i.USBD_LL_Suspend   usbd_core.o
    0x08004782   0x08004782   0x00000020   Code   RO         3599    i.USBD_LL_Transmit  usbd_conf.o
    0x080047a2   0x080047a2   0x00000028   Code   RO         3319    i.USBD_ParseSetupRequest  usbd_ctlreq.o
    0x080047ca   0x080047ca   0x00000010   Code   RO         3002    i.USBD_RegisterClass  usbd_core.o
    0x080047da   0x080047da   0x00000016   Code   RO         3004    i.USBD_SetClassConfig  usbd_core.o
    0x080047f0   0x080047f0   0x00000074   Code   RO         3320    i.USBD_SetConfig    usbd_ctlreq.o
    0x08004864   0x08004864   0x0000000a   Code   RO         3005    i.USBD_Start        usbd_core.o
    0x0800486e   0x0800486e   0x000000f2   Code   RO         3321    i.USBD_StdDevReq    usbd_ctlreq.o
    0x08004960   0x08004960   0x000000dc   Code   RO         3322    i.USBD_StdEPReq     usbd_ctlreq.o
    0x08004a3c   0x08004a3c   0x00000034   Code   RO         3323    i.USBD_StdItfReq    usbd_ctlreq.o
    0x08004a70   0x08004a70   0x00000002   Code   RO         3600    i.USBD_static_free  usbd_conf.o
    0x08004a72   0x08004a72   0x00000002   PAD
    0x08004a74   0x08004a74   0x00000008   Code   RO         3601    i.USBD_static_malloc  usbd_conf.o
    0x08004a7c   0x08004a7c   0x0000025c   Code   RO         1644    i.USB_ActivateEndpoint  stm32f1xx_ll_usb.o
    0x08004cd8   0x08004cd8   0x00000004   Code   RO         1647    i.USB_CoreInit      stm32f1xx_ll_usb.o
    0x08004cdc   0x08004cdc   0x00000124   Code   RO         1649    i.USB_DeactivateEndpoint  stm32f1xx_ll_usb.o
    0x08004e00   0x08004e00   0x00000004   Code   RO         1650    i.USB_DevConnect    stm32f1xx_ll_usb.o
    0x08004e04   0x08004e04   0x00000004   Code   RO         1651    i.USB_DevDisconnect  stm32f1xx_ll_usb.o
    0x08004e08   0x08004e08   0x0000001e   Code   RO         1652    i.USB_DevInit       stm32f1xx_ll_usb.o
    0x08004e26   0x08004e26   0x0000000e   Code   RO         1653    i.USB_DisableGlobalInt  stm32f1xx_ll_usb.o
    0x08004e34   0x08004e34   0x00000004   Code   RO         1654    i.USB_EP0_OutStart  stm32f1xx_ll_usb.o
    0x08004e38   0x08004e38   0x0000006a   Code   RO         1655    i.USB_EPClearStall  stm32f1xx_ll_usb.o
    0x08004ea2   0x08004ea2   0x0000004a   Code   RO         1656    i.USB_EPSetStall    stm32f1xx_ll_usb.o
    0x08004eec   0x08004eec   0x000001aa   Code   RO         1657    i.USB_EPStartXfer   stm32f1xx_ll_usb.o
    0x08005096   0x08005096   0x0000000e   Code   RO         1658    i.USB_EnableGlobalInt  stm32f1xx_ll_usb.o
    0x080050a4   0x080050a4   0x0000000c   Code   RO         3482    i.USB_LP_CAN1_RX0_IRQHandler  stm32f1xx_it.o
    0x080050b0   0x080050b0   0x00000006   Code   RO         1665    i.USB_ReadInterrupts  stm32f1xx_ll_usb.o
    0x080050b6   0x080050b6   0x00000002   PAD
    0x080050b8   0x080050b8   0x0000001e   Code   RO         1666    i.USB_ReadPMA       stm32f1xx_ll_usb.o
    0x080050d6   0x080050d6   0x00000004   Code   RO         1668    i.USB_SetCurrentMode  stm32f1xx_ll_usb.o
    0x080050da   0x080050da   0x0000000c   Code   RO         1669    i.USB_SetDevAddress  stm32f1xx_ll_usb.o
    0x080050e6   0x080050e6   0x00000026   Code   RO         1671    i.USB_WritePMA      stm32f1xx_ll_usb.o
    0x0800510c   0x0800510c   0x00000020   Code   RO         4048    i.USER_initialize   user_diskio.o
    0x0800512c   0x0800512c   0x00000068   Code   RO         4049    i.USER_ioctl        user_diskio.o
    0x08005194   0x08005194   0x00000048   Code   RO         4050    i.USER_read         user_diskio.o
    0x080051dc   0x080051dc   0x00000010   Code   RO         4051    i.USER_status       user_diskio.o
    0x080051ec   0x080051ec   0x00000050   Code   RO         4052    i.USER_write        user_diskio.o
    0x0800523c   0x0800523c   0x00000002   Code   RO         3483    i.UsageFault_Handler  stm32f1xx_it.o
    0x0800523e   0x0800523e   0x00000002   Code   RO         3912    i._Error_Handler    main.o
    0x08005240   0x08005240   0x0000000c   Code   RO         5064    i.__read_errno      mc_w.l(errno.o)
    0x0800524c   0x0800524c   0x0000000e   Code   RO         5102    i.__scatterload_copy  mc_w.l(handlers.o)
    0x0800525a   0x0800525a   0x00000002   Code   RO         5103    i.__scatterload_null  mc_w.l(handlers.o)
    0x0800525c   0x0800525c   0x0000000e   Code   RO         5104    i.__scatterload_zeroinit  mc_w.l(handlers.o)
    0x0800526a   0x0800526a   0x00000002   PAD
    0x0800526c   0x0800526c   0x0000000c   Code   RO         5065    i.__set_errno       mc_w.l(errno.o)
    0x08005278   0x08005278   0x0000000e   Code   RO         5031    i._is_digit         mc_w.l(scanf_fp.o)
    0x08005286   0x08005286   0x0000001c   Code   RO         4204    i.alloc_buffer      tap-ctrl.o
    0x080052a2   0x080052a2   0x0000002a   Code   RO         4975    i.atof              m_ws.l(atof.o)
    0x080052cc   0x080052cc   0x0000002a   Code   RO         4205    i.char2hex          tap-ctrl.o
    0x080052f6   0x080052f6   0x00000002   PAD
    0x080052f8   0x080052f8   0x00000060   Code   RO         4548    i.check_fs          ff.o
    0x08005358   0x08005358   0x00000010   Code   RO         4549    i.chk_chr           ff.o
    0x08005368   0x08005368   0x00000068   Code   RO         4550    i.chk_lock          ff.o
    0x080053d0   0x080053d0   0x00000024   Code   RO         4551    i.clear_lock        ff.o
    0x080053f4   0x080053f4   0x0000002e   Code   RO         4552    i.clmt_clust        ff.o
    0x08005422   0x08005422   0x0000001c   Code   RO         4553    i.clust2sect        ff.o
    0x0800543e   0x0800543e   0x000000a4   Code   RO         4554    i.create_chain      ff.o
    0x080054e2   0x080054e2   0x00000002   PAD
    0x080054e4   0x080054e4   0x00000204   Code   RO         4555    i.create_name       ff.o
    0x080056e8   0x080056e8   0x0000003c   Code   RO         4556    i.dec_lock          ff.o
    0x08005724   0x08005724   0x00000140   Code   RO         4557    i.dir_find          ff.o
    0x08005864   0x08005864   0x0000011c   Code   RO         4558    i.dir_next          ff.o
    0x08005980   0x08005980   0x000001c0   Code   RO         4560    i.dir_register      ff.o
    0x08005b40   0x08005b40   0x0000009a   Code   RO         4562    i.dir_sdi           ff.o
    0x08005bda   0x08005bda   0x00000002   PAD
    0x08005bdc   0x08005bdc   0x00000028   Code   RO         4493    i.disk_initialize   diskio.o
    0x08005c04   0x08005c04   0x0000001c   Code   RO         4494    i.disk_ioctl        diskio.o
    0x08005c20   0x08005c20   0x0000001c   Code   RO         4495    i.disk_read         diskio.o
    0x08005c3c   0x08005c3c   0x00000018   Code   RO         4496    i.disk_status       diskio.o
    0x08005c54   0x08005c54   0x0000001c   Code   RO         4497    i.disk_write        diskio.o
    0x08005c70   0x08005c70   0x0000002a   Code   RO         4564    i.f_close           ff.o
    0x08005c9a   0x08005c9a   0x00000048   Code   RO         4567    i.f_gets            ff.o
    0x08005ce2   0x08005ce2   0x00000002   PAD
    0x08005ce4   0x08005ce4   0x00000064   Code   RO         4571    i.f_mount           ff.o
    0x08005d48   0x08005d48   0x000001f0   Code   RO         4572    i.f_open            ff.o
    0x08005f38   0x08005f38   0x0000018e   Code   RO         4577    i.f_read            ff.o
    0x080060c6   0x080060c6   0x000000a2   Code   RO         4581    i.f_sync            ff.o
    0x08006168   0x08006168   0x00000038   Code   RO         4939    i.ff_convert        ccsbcs.o
    0x080061a0   0x080061a0   0x00000024   Code   RO         4940    i.ff_wtoupper       ccsbcs.o
    0x080061c4   0x080061c4   0x0000026c   Code   RO         4586    i.find_volume       ff.o
    0x08006430   0x08006430   0x0000006a   Code   RO         4587    i.follow_path       ff.o
    0x0800649a   0x0800649a   0x00000002   PAD
    0x0800649c   0x0800649c   0x00000050   Code   RO         4995    i.free              mc_w.l(malloc.o)
    0x080064ec   0x080064ec   0x0000000a   Code   RO         4206    i.free_data_buffer  tap-ctrl.o
    0x080064f6   0x080064f6   0x00000002   PAD
    0x080064f8   0x080064f8   0x00000080   Code   RO         4588    i.gen_numname       ff.o
    0x08006578   0x08006578   0x000000e6   Code   RO         4589    i.get_fat           ff.o
    0x0800665e   0x0800665e   0x00000004   Code   RO         4013    i.get_fattime       fatfs.o
    0x08006662   0x08006662   0x0000003c   Code   RO         4591    i.get_ldnumber      ff.o
    0x0800669e   0x0800669e   0x00000002   PAD
    0x080066a0   0x080066a0   0x00000098   Code   RO         4592    i.inc_lock          ff.o
    0x08006738   0x08006738   0x00000016   Code   RO         4593    i.ld_clust          ff.o
    0x0800674e   0x0800674e   0x00000002   PAD
    0x08006750   0x08006750   0x000000d8   Code   RO         3914    i.main              main.o
    0x08006828   0x08006828   0x0000006c   Code   RO         4996    i.malloc            mc_w.l(malloc.o)
    0x08006894   0x08006894   0x00000012   Code   RO         4594    i.mem_cpy           ff.o
    0x080068a6   0x080068a6   0x0000000e   Code   RO         4595    i.mem_set           ff.o
    0x080068b4   0x080068b4   0x00000038   Code   RO         4596    i.move_window       ff.o
    0x080068ec   0x080068ec   0x00000038   Code   RO         4207    i.outputCharToTDI   tap-ctrl.o
    0x08006924   0x08006924   0x000002a8   Code   RO         4208    i.processLine       tap-ctrl.o
    0x08006bcc   0x08006bcc   0x00000034   Code   RO         4209    i.pulseTCK          tap-ctrl.o
    0x08006c00   0x08006c00   0x0000011e   Code   RO         4597    i.put_fat           ff.o
    0x08006d1e   0x08006d1e   0x00000002   PAD
    0x08006d20   0x08006d20   0x00000104   Code   RO         4210    i.readLine          tap-ctrl.o
    0x08006e24   0x08006e24   0x00000070   Code   RO         4211    i.readTDO           tap-ctrl.o
    0x08006e94   0x08006e94   0x00000104   Code   RO         4212    i.read_hex_array_save  tap-ctrl.o
    0x08006f98   0x08006f98   0x000000dc   Code   RO         4213    i.read_hex_array_send  tap-ctrl.o
    0x08007074   0x08007074   0x00000066   Code   RO         4599    i.remove_chain      ff.o
    0x080070da   0x080070da   0x00000002   PAD
    0x080070dc   0x080070dc   0x00000144   Code   RO         4120    i.sd_ini            sd.o
    0x08007220   0x08007220   0x0000001a   Code   RO         4214    i.sendArray         tap-ctrl.o
    0x0800723a   0x0800723a   0x00000002   PAD
    0x0800723c   0x0800723c   0x00000064   Code   RO         4215    i.setTAPtoDRSHIFT   tap-ctrl.o
    0x080072a0   0x080072a0   0x00000068   Code   RO         4216    i.setTAPtoIRSHIFT   tap-ctrl.o
    0x08007308   0x08007308   0x0000003c   Code   RO         4217    i.setTMSpath        tap-ctrl.o
    0x08007344   0x08007344   0x00000010   Code   RO         4600    i.st_clust          ff.o
    0x08007354   0x08007354   0x00000158   Code   RO         4218    i.stateNavigate     tap-ctrl.o
    0x080074ac   0x080074ac   0x0000001a   Code   RO         4601    i.sum_sfn           ff.o
    0x080074c6   0x080074c6   0x000000a8   Code   RO         4602    i.sync_fs           ff.o
    0x0800756e   0x0800756e   0x00000052   Code   RO         4603    i.sync_window       ff.o
    0x080075c0   0x080075c0   0x0000002a   Code   RO         4604    i.validate          ff.o
    0x080075ea   0x080075ea   0x00000010   Data   RO         4426    .constdata          system_stm32f1xx.o
    0x080075fa   0x080075fa   0x00000008   Data   RO         4427    .constdata          system_stm32f1xx.o
    0x08007602   0x08007602   0x000000ba   Data   RO         4606    .constdata          ff.o
    0x080076bc   0x080076bc   0x000004c0   Data   RO         4941    .constdata          ccsbcs.o
    0x08007b7c   0x08007b7c   0x00000040   Data   RO         5098    .constdata          mc_w.l(ctype_c.o)
    0x08007bbc   0x08007bbc   0x00000156   Data   RO         3916    .conststring        main.o
    0x08007d12   0x08007d12   0x00000002   PAD
    0x08007d14   0x08007d14   0x00000020   Data   RO         5100    Region$$Table       anon$$obj.o


    Execution Region RW_IRAM1 (Exec base: 0x20000000, Load base: 0x08007d34, Size: 0x00004a70, Max: 0x00005000, ABSOLUTE, COMPRESSED[0x000000d8])

    Exec Addr    Load Addr    Size         Type   Attr      Idx    E Section Name        Object

    0x20000000   COMPRESSED   0x00000004   Data   RW         1951    .data               stm32f1xx_hal.o
    0x20000004   COMPRESSED   0x000000db   Data   RW         3161    .data               usbd_cdc.o
    0x200000df   COMPRESSED   0x00000001   PAD
    0x200000e0   COMPRESSED   0x00000038   Data   RW         3162    .data               usbd_cdc.o
    0x20000118   COMPRESSED   0x00000001   Data   RW         3324    .data               usbd_ctlreq.o
    0x20000119   COMPRESSED   0x00000003   PAD
    0x2000011c   COMPRESSED   0x00000010   Data   RW         3386    .data               usbd_cdc_if.o
    0x2000012c   COMPRESSED   0x00000010   Data   RW         3387    .data               usbd_cdc_if.o
    0x2000013c   COMPRESSED   0x0000001c   Data   RW         3786    .data               usbd_desc.o
    0x20000158   COMPRESSED   0x00000016   Data   RW         3787    .data               usbd_desc.o
    0x2000016e   COMPRESSED   0x00000004   Data   RW         3917    .data               main.o
    0x20000172   COMPRESSED   0x00000005   Data   RW         4014    .data               fatfs.o
    0x20000177   COMPRESSED   0x00000001   Data   RW         4053    .data               user_diskio.o
    0x20000178   COMPRESSED   0x00000014   Data   RW         4054    .data               user_diskio.o
    0x2000018c   COMPRESSED   0x00000001   Data   RW         4122    .data               sd.o
    0x2000018d   COMPRESSED   0x00000003   PAD
    0x20000190   COMPRESSED   0x00000050   Data   RW         4220    .data               tap-ctrl.o
    0x200001e0   COMPRESSED   0x00000004   Data   RW         4428    .data               system_stm32f1xx.o
    0x200001e4   COMPRESSED   0x00000008   Data   RW         4607    .data               ff.o
    0x200001ec   COMPRESSED   0x00000004   Data   RW         5061    .data               mc_w.l(mvars.o)
    0x200001f0   COMPRESSED   0x00000004   Data   RW         5062    .data               mc_w.l(mvars.o)
    0x200001f4   COMPRESSED   0x00000004   Data   RW         5066    .data               mc_w.l(errno.o)
    0x200001f8        -       0x00000224   Zero   RW         3438    .bss                usb_device.o
    0x2000041c        -       0x00000680   Zero   RW         3602    .bss                usbd_conf.o
    0x20000a9c        -       0x00000200   Zero   RW         3785    .bss                usbd_desc.o
    0x20000c9c        -       0x00001108   Zero   RW         3915    .bss                main.o
    0x20001da4        -       0x0000003c   Zero   RW         4121    .bss                sd.o
    0x20001de0        -       0x00002468   Zero   RW         4219    .bss                tap-ctrl.o
    0x20004248        -       0x00000218   Zero   RW         4605    .bss                ff.o
    0x20004460        -       0x0000000c   Zero   RW         4893    .bss                ff_gen_drv.o
    0x2000446c   COMPRESSED   0x00000004   PAD
    0x20004470        -       0x00000200   Zero   RW            2    HEAP                startup_stm32f103xb.o
    0x20004670        -       0x00000400   Zero   RW            1    STACK               startup_stm32f103xb.o


==============================================================================

Image component sizes


      Code (inc. data)   RO Data    RW Data    ZI Data      Debug   Object Name

        92         12       1216          0          0       2303   ccsbcs.o
       148         22          0          0          0       3441   diskio.o
        32         10          0          5          0       1286   fatfs.o
      5670         90        186          8        536      36430   ff.o
       128          8          0          0         12       2731   ff_gen_drv.o
       768        122        342          4       4360      10754   main.o
       774         38          0          1         60       6236   sd.o
        36          8        236          0       1536        780   startup_stm32f103xb.o
       132         22          0          4          0       3499   stm32f1xx_hal.o
       228         14          0          0          0      27189   stm32f1xx_hal_cortex.o
       152          4          0          0          0       1055   stm32f1xx_hal_dma.o
       464         36          0          0          0       3411   stm32f1xx_hal_gpio.o
       408         46          0          0          0       2650   stm32f1xx_hal_msp.o
      1810          0          0          0          0       9725   stm32f1xx_hal_pcd.o
        52          0          0          0          0       1126   stm32f1xx_hal_pcd_ex.o
      1296        104          0          0          0       5464   stm32f1xx_hal_rcc.o
       236         12          0          0          0       1344   stm32f1xx_hal_rcc_ex.o
       868          6          0          0          0       5547   stm32f1xx_hal_spi.o
       130          0          0          0          0       1019   stm32f1xx_hal_spi_ex.o
       900         14          0          0          0       9103   stm32f1xx_hal_tim.o
        84          0          0          0          0     449074   stm32f1xx_hal_tim_ex.o
      1178         10          0          0          0       7770   stm32f1xx_hal_uart.o
       112         44          0          0          0       5255   stm32f1xx_it.o
      1666          0          0          0          0      12215   stm32f1xx_ll_usb.o
        72         16         24          4          0       1091   system_stm32f1xx.o
      4342       1106          0         80       9320      18648   tap-ctrl.o
        56         18          0          0        548        656   usb_device.o
       590         22          0        275          0      12238   usbd_cdc.o
       132         24          0         32          0       4742   usbd_cdc_if.o
       652         50          0          0       1664      12585   usbd_conf.o
       592          0          0          0          0      13188   usbd_core.o
       986         30          0          1          0       7532   usbd_ctlreq.o
       212        116          0         50        512       4715   usbd_desc.o
       132          0          0          0          0       4164   usbd_ioreq.o
       304         42          0         21          0       3889   user_diskio.o

    ----------------------------------------------------------------------
     25496       2046       2038        492      18552     692855   Object Totals
         0          0         32          0          0          0   (incl. Generated)
        62          0          2          7          4          0   (incl. Padding)

    ----------------------------------------------------------------------

      Code (inc. data)   RO Data    RW Data    ZI Data      Debug   Library Member Name

        42          0          0          0          0         84   atof.o
        56          8          0          0          0         84   __0sscanf.o
        86          0          0          0          0          0   __dczerorl2.o
        28          0          0          0          0         68   _chval.o
       812          4          0          0          0        112   _scanf.o
       332          0          0          0          0         96   _scanf_int.o
       224          0          0          0          0         96   _scanf_str.o
        64          0          0          0          0         84   _sgetc.o
        40          6         64          0          0         68   ctype_c.o
         0          0          0          0          0          0   entry.o
         0          0          0          0          0          0   entry10a.o
         0          0          0          0          0          0   entry11a.o
         8          4          0          0          0          0   entry2.o
         4          0          0          0          0          0   entry5.o
         0          0          0          0          0          0   entry7b.o
         0          0          0          0          0          0   entry8b.o
         8          4          0          0          0          0   entry9a.o
        24         12          0          4          0        136   errno.o
        30          0          0          0          0          0   handlers.o
        36          8          0          0          0         68   init.o
        10          0          0          0          0         68   isspace_c.o
         0          0          0          0          0          0   iusefp.o
        30          0          0          0          0         68   llshl.o
        32          0          0          0          0         68   llushr.o
       188         20          0          0          0        160   malloc.o
        36          0          0          0          0         68   memcpya.o
        36          0          0          0          0        108   memseta.o
         0          0          0          8          0          0   mvars.o
        40          8          0          0          0         84   scanf_char.o
       878         12          0          0          0        216   scanf_fp.o
        28          0          0          0          0         76   strcmp.o
        14          0          0          0          0         68   strlen.o
        30          0          0          0          0         80   strncmp.o
       156         12          0          0          0        120   strtod.o
        20          0          0          0          0         68   cfcmple.o
        56          0          0          0          0         88   d2f.o
       222          0          0          0          0        100   ddiv.o
       186          0          0          0          0        176   depilogue.o
        24          0          0          0          0         76   dfltul.o
       228          0          0          0          0         96   dmul.o
       124          0          0          0          0         88   fdiv.o
       110          0          0          0          0        168   fepilogue.o
        50          0          0          0          0         68   ffixi.o
        40          0          0          0          0         68   ffixui.o
        18          0          0          0          0         68   fflti.o
       100          0          0          0          0         76   fmul.o

    ----------------------------------------------------------------------
      4454         98         64         12          0       3220   Library Totals
         4          0          0          0          0          0   (incl. Padding)

    ----------------------------------------------------------------------

      Code (inc. data)   RO Data    RW Data    ZI Data      Debug   Library Name

        42          0          0          0          0         84   m_ws.l
      3230         98         64         12          0       1996   mc_w.l
      1178          0          0          0          0       1140   mf_w.l

    ----------------------------------------------------------------------
      4454         98         64         12          0       3220   Library Totals

    ----------------------------------------------------------------------

==============================================================================


      Code (inc. data)   RO Data    RW Data    ZI Data      Debug   

     29950       2144       2102        504      18552     680239   Grand Totals
     29950       2144       2102        216      18552     680239   ELF Image Totals (compressed)
     29950       2144       2102        216          0          0   ROM Totals

==============================================================================

    Total RO  Size (Code + RO Data)                32052 (  31.30kB)
    Total RW  Size (RW Data + ZI Data)             19056 (  18.61kB)
    Total ROM Size (Code + RO Data + RW Data)      32268 (  31.51kB)

==============================================================================

